                                      1 ;--------------------------------------------------------
                                      2 ; File Created by SDCC : free open source ANSI-C Compiler
                                      3 ; Version 4.1.0 #12072 (MINGW64)
                                      4 ;--------------------------------------------------------
                                      5 	.module main
                                      6 	.optsdcc -mmcs51 --model-small
                                      7 	
                                      8 ;--------------------------------------------------------
                                      9 ; Public variables in this module
                                     10 ;--------------------------------------------------------
                                     11 	.globl _main
                                     12 	.globl _Time
                                     13 	.globl _EX0_int
                                     14 	.globl _Rotate
                                     15 	.globl _CY
                                     16 	.globl _AC
                                     17 	.globl _F0
                                     18 	.globl _RS1
                                     19 	.globl _RS0
                                     20 	.globl _OV
                                     21 	.globl _F1
                                     22 	.globl _P
                                     23 	.globl _PS
                                     24 	.globl _PT1
                                     25 	.globl _PX1
                                     26 	.globl _PT0
                                     27 	.globl _PX0
                                     28 	.globl _RD
                                     29 	.globl _WR
                                     30 	.globl _T1
                                     31 	.globl _T0
                                     32 	.globl _INT1
                                     33 	.globl _INT0
                                     34 	.globl _TXD
                                     35 	.globl _RXD
                                     36 	.globl _P3_7
                                     37 	.globl _P3_6
                                     38 	.globl _P3_5
                                     39 	.globl _P3_4
                                     40 	.globl _P3_3
                                     41 	.globl _P3_2
                                     42 	.globl _P3_1
                                     43 	.globl _P3_0
                                     44 	.globl _EA
                                     45 	.globl _ES
                                     46 	.globl _ET1
                                     47 	.globl _EX1
                                     48 	.globl _ET0
                                     49 	.globl _EX0
                                     50 	.globl _P2_7
                                     51 	.globl _P2_6
                                     52 	.globl _P2_5
                                     53 	.globl _P2_4
                                     54 	.globl _P2_3
                                     55 	.globl _P2_2
                                     56 	.globl _P2_1
                                     57 	.globl _P2_0
                                     58 	.globl _SM0
                                     59 	.globl _SM1
                                     60 	.globl _SM2
                                     61 	.globl _REN
                                     62 	.globl _TB8
                                     63 	.globl _RB8
                                     64 	.globl _TI
                                     65 	.globl _RI
                                     66 	.globl _P1_7
                                     67 	.globl _P1_6
                                     68 	.globl _P1_5
                                     69 	.globl _P1_4
                                     70 	.globl _P1_3
                                     71 	.globl _P1_2
                                     72 	.globl _P1_1
                                     73 	.globl _P1_0
                                     74 	.globl _TF1
                                     75 	.globl _TR1
                                     76 	.globl _TF0
                                     77 	.globl _TR0
                                     78 	.globl _IE1
                                     79 	.globl _IT1
                                     80 	.globl _IE0
                                     81 	.globl _IT0
                                     82 	.globl _P0_7
                                     83 	.globl _P0_6
                                     84 	.globl _P0_5
                                     85 	.globl _P0_4
                                     86 	.globl _P0_3
                                     87 	.globl _P0_2
                                     88 	.globl _P0_1
                                     89 	.globl _P0_0
                                     90 	.globl _B
                                     91 	.globl _ACC
                                     92 	.globl _PSW
                                     93 	.globl _IP
                                     94 	.globl _P3
                                     95 	.globl _IE
                                     96 	.globl _P2
                                     97 	.globl _SBUF
                                     98 	.globl _SCON
                                     99 	.globl _P1
                                    100 	.globl _TH1
                                    101 	.globl _TH0
                                    102 	.globl _TL1
                                    103 	.globl _TL0
                                    104 	.globl _TMOD
                                    105 	.globl _TCON
                                    106 	.globl _PCON
                                    107 	.globl _DPH
                                    108 	.globl _DPL
                                    109 	.globl _SP
                                    110 	.globl _P0
                                    111 	.globl _time
                                    112 	.globl _tmp
                                    113 	.globl _CntOfSecond
                                    114 	.globl _cnt
                                    115 	.globl _clock
                                    116 	.globl _revise
                                    117 	.globl _num
                                    118 ;--------------------------------------------------------
                                    119 ; special function registers
                                    120 ;--------------------------------------------------------
                                    121 	.area RSEG    (ABS,DATA)
      000000                        122 	.org 0x0000
                           000080   123 _P0	=	0x0080
                           000081   124 _SP	=	0x0081
                           000082   125 _DPL	=	0x0082
                           000083   126 _DPH	=	0x0083
                           000087   127 _PCON	=	0x0087
                           000088   128 _TCON	=	0x0088
                           000089   129 _TMOD	=	0x0089
                           00008A   130 _TL0	=	0x008a
                           00008B   131 _TL1	=	0x008b
                           00008C   132 _TH0	=	0x008c
                           00008D   133 _TH1	=	0x008d
                           000090   134 _P1	=	0x0090
                           000098   135 _SCON	=	0x0098
                           000099   136 _SBUF	=	0x0099
                           0000A0   137 _P2	=	0x00a0
                           0000A8   138 _IE	=	0x00a8
                           0000B0   139 _P3	=	0x00b0
                           0000B8   140 _IP	=	0x00b8
                           0000D0   141 _PSW	=	0x00d0
                           0000E0   142 _ACC	=	0x00e0
                           0000F0   143 _B	=	0x00f0
                                    144 ;--------------------------------------------------------
                                    145 ; special function bits
                                    146 ;--------------------------------------------------------
                                    147 	.area RSEG    (ABS,DATA)
      000000                        148 	.org 0x0000
                           000080   149 _P0_0	=	0x0080
                           000081   150 _P0_1	=	0x0081
                           000082   151 _P0_2	=	0x0082
                           000083   152 _P0_3	=	0x0083
                           000084   153 _P0_4	=	0x0084
                           000085   154 _P0_5	=	0x0085
                           000086   155 _P0_6	=	0x0086
                           000087   156 _P0_7	=	0x0087
                           000088   157 _IT0	=	0x0088
                           000089   158 _IE0	=	0x0089
                           00008A   159 _IT1	=	0x008a
                           00008B   160 _IE1	=	0x008b
                           00008C   161 _TR0	=	0x008c
                           00008D   162 _TF0	=	0x008d
                           00008E   163 _TR1	=	0x008e
                           00008F   164 _TF1	=	0x008f
                           000090   165 _P1_0	=	0x0090
                           000091   166 _P1_1	=	0x0091
                           000092   167 _P1_2	=	0x0092
                           000093   168 _P1_3	=	0x0093
                           000094   169 _P1_4	=	0x0094
                           000095   170 _P1_5	=	0x0095
                           000096   171 _P1_6	=	0x0096
                           000097   172 _P1_7	=	0x0097
                           000098   173 _RI	=	0x0098
                           000099   174 _TI	=	0x0099
                           00009A   175 _RB8	=	0x009a
                           00009B   176 _TB8	=	0x009b
                           00009C   177 _REN	=	0x009c
                           00009D   178 _SM2	=	0x009d
                           00009E   179 _SM1	=	0x009e
                           00009F   180 _SM0	=	0x009f
                           0000A0   181 _P2_0	=	0x00a0
                           0000A1   182 _P2_1	=	0x00a1
                           0000A2   183 _P2_2	=	0x00a2
                           0000A3   184 _P2_3	=	0x00a3
                           0000A4   185 _P2_4	=	0x00a4
                           0000A5   186 _P2_5	=	0x00a5
                           0000A6   187 _P2_6	=	0x00a6
                           0000A7   188 _P2_7	=	0x00a7
                           0000A8   189 _EX0	=	0x00a8
                           0000A9   190 _ET0	=	0x00a9
                           0000AA   191 _EX1	=	0x00aa
                           0000AB   192 _ET1	=	0x00ab
                           0000AC   193 _ES	=	0x00ac
                           0000AF   194 _EA	=	0x00af
                           0000B0   195 _P3_0	=	0x00b0
                           0000B1   196 _P3_1	=	0x00b1
                           0000B2   197 _P3_2	=	0x00b2
                           0000B3   198 _P3_3	=	0x00b3
                           0000B4   199 _P3_4	=	0x00b4
                           0000B5   200 _P3_5	=	0x00b5
                           0000B6   201 _P3_6	=	0x00b6
                           0000B7   202 _P3_7	=	0x00b7
                           0000B0   203 _RXD	=	0x00b0
                           0000B1   204 _TXD	=	0x00b1
                           0000B2   205 _INT0	=	0x00b2
                           0000B3   206 _INT1	=	0x00b3
                           0000B4   207 _T0	=	0x00b4
                           0000B5   208 _T1	=	0x00b5
                           0000B6   209 _WR	=	0x00b6
                           0000B7   210 _RD	=	0x00b7
                           0000B8   211 _PX0	=	0x00b8
                           0000B9   212 _PT0	=	0x00b9
                           0000BA   213 _PX1	=	0x00ba
                           0000BB   214 _PT1	=	0x00bb
                           0000BC   215 _PS	=	0x00bc
                           0000D0   216 _P	=	0x00d0
                           0000D1   217 _F1	=	0x00d1
                           0000D2   218 _OV	=	0x00d2
                           0000D3   219 _RS0	=	0x00d3
                           0000D4   220 _RS1	=	0x00d4
                           0000D5   221 _F0	=	0x00d5
                           0000D6   222 _AC	=	0x00d6
                           0000D7   223 _CY	=	0x00d7
                                    224 ;--------------------------------------------------------
                                    225 ; overlayable register banks
                                    226 ;--------------------------------------------------------
                                    227 	.area REG_BANK_0	(REL,OVR,DATA)
      000000                        228 	.ds 8
                                    229 ;--------------------------------------------------------
                                    230 ; overlayable bit register bank
                                    231 ;--------------------------------------------------------
                                    232 	.area BIT_BANK	(REL,OVR,DATA)
      000000                        233 bits:
      000000                        234 	.ds 1
                           008000   235 	b0 = bits[0]
                           008100   236 	b1 = bits[1]
                           008200   237 	b2 = bits[2]
                           008300   238 	b3 = bits[3]
                           008400   239 	b4 = bits[4]
                           008500   240 	b5 = bits[5]
                           008600   241 	b6 = bits[6]
                           008700   242 	b7 = bits[7]
                                    243 ;--------------------------------------------------------
                                    244 ; internal ram data
                                    245 ;--------------------------------------------------------
                                    246 	.area DSEG    (DATA)
      000000                        247 _num::
      000000                        248 	.ds 1
      000001                        249 _revise::
      000001                        250 	.ds 1
      000002                        251 _clock::
      000002                        252 	.ds 6
      000008                        253 _cnt::
      000008                        254 	.ds 2
      00000A                        255 _CntOfSecond::
      00000A                        256 	.ds 2
      00000C                        257 _tmp::
      00000C                        258 	.ds 2
      00000E                        259 _time::
      00000E                        260 	.ds 2
                                    261 ;--------------------------------------------------------
                                    262 ; overlayable items in internal ram 
                                    263 ;--------------------------------------------------------
                                    264 ;--------------------------------------------------------
                                    265 ; Stack segment in internal ram 
                                    266 ;--------------------------------------------------------
                                    267 	.area	SSEG
      000000                        268 __start__stack:
      000000                        269 	.ds	1
                                    270 
                                    271 ;--------------------------------------------------------
                                    272 ; indirectly addressable internal ram data
                                    273 ;--------------------------------------------------------
                                    274 	.area ISEG    (DATA)
                                    275 ;--------------------------------------------------------
                                    276 ; absolute internal ram data
                                    277 ;--------------------------------------------------------
                                    278 	.area IABS    (ABS,DATA)
                                    279 	.area IABS    (ABS,DATA)
                                    280 ;--------------------------------------------------------
                                    281 ; bit data
                                    282 ;--------------------------------------------------------
                                    283 	.area BSEG    (BIT)
                                    284 ;--------------------------------------------------------
                                    285 ; paged external ram data
                                    286 ;--------------------------------------------------------
                                    287 	.area PSEG    (PAG,XDATA)
                                    288 ;--------------------------------------------------------
                                    289 ; external ram data
                                    290 ;--------------------------------------------------------
                                    291 	.area XSEG    (XDATA)
                                    292 ;--------------------------------------------------------
                                    293 ; absolute external ram data
                                    294 ;--------------------------------------------------------
                                    295 	.area XABS    (ABS,XDATA)
                                    296 ;--------------------------------------------------------
                                    297 ; external initialized ram data
                                    298 ;--------------------------------------------------------
                                    299 	.area XISEG   (XDATA)
                                    300 	.area HOME    (CODE)
                                    301 	.area GSINIT0 (CODE)
                                    302 	.area GSINIT1 (CODE)
                                    303 	.area GSINIT2 (CODE)
                                    304 	.area GSINIT3 (CODE)
                                    305 	.area GSINIT4 (CODE)
                                    306 	.area GSINIT5 (CODE)
                                    307 	.area GSINIT  (CODE)
                                    308 	.area GSFINAL (CODE)
                                    309 	.area CSEG    (CODE)
                                    310 ;--------------------------------------------------------
                                    311 ; interrupt vector 
                                    312 ;--------------------------------------------------------
                                    313 	.area HOME    (CODE)
      000000                        314 __interrupt_vect:
      000000 02r00r00         [24]  315 	ljmp	__sdcc_gsinit_startup
      000003 02r00r6E         [24]  316 	ljmp	_EX0_int
      000006                        317 	.ds	5
      00000B 02r00rE5         [24]  318 	ljmp	_Time
                                    319 ;--------------------------------------------------------
                                    320 ; global & static initialisations
                                    321 ;--------------------------------------------------------
                                    322 	.area HOME    (CODE)
                                    323 	.area GSINIT  (CODE)
                                    324 	.area GSFINAL (CODE)
                                    325 	.area GSINIT  (CODE)
                                    326 	.globl __sdcc_gsinit_startup
                                    327 	.globl __sdcc_program_startup
                                    328 	.globl __start__stack
                                    329 	.globl __mcs51_genXINIT
                                    330 	.globl __mcs51_genXRAMCLEAR
                                    331 	.globl __mcs51_genRAMCLEAR
                                    332 ;	./src/main.c:3: char num = 0, revise = 0;
      000000 75*00 00         [24]  333 	mov	_num,#0x00
                                    334 ;	./src/main.c:3: int clock[3] = {0, 20, 40}, cnt = 0, CntOfSecond = 0, tmp = 0, time = 0;
      000003 75*01 00         [24]  335 	mov	_revise,#0x00
                                    336 ;	./src/main.c:4: 
      000006 E4               [12]  337 	clr	a
      000007 F5*02            [12]  338 	mov	(_clock + 0),a
      000009 F5*03            [12]  339 	mov	(_clock + 1),a
      00000B 75*04 14         [24]  340 	mov	((_clock + 0x0002) + 0),#0x14
                                    341 ;	1-genFromRTrack replaced	mov	((_clock + 0x0002) + 1),#0x00
      00000E F5*05            [12]  342 	mov	((_clock + 0x0002) + 1),a
      000010 75*06 28         [24]  343 	mov	((_clock + 0x0004) + 0),#0x28
                                    344 ;	1-genFromRTrack replaced	mov	((_clock + 0x0004) + 1),#0x00
      000013 F5*07            [12]  345 	mov	((_clock + 0x0004) + 1),a
                                    346 ;	./src/main.c:4: int clock[3] = {0, 20, 40}, cnt = 0, CntOfSecond = 0, tmp = 0, time = 0;
      000015 F5*08            [12]  347 	mov	_cnt,a
      000017 F5*09            [12]  348 	mov	(_cnt + 1),a
                                    349 ;	./src/main.c:4: 
      000019 F5*0A            [12]  350 	mov	_CntOfSecond,a
      00001B F5*0B            [12]  351 	mov	(_CntOfSecond + 1),a
                                    352 ;	./src/main.c:4: int clock[3] = {0, 20, 40}, cnt = 0, CntOfSecond = 0, tmp = 0, time = 0;
      00001D F5*0C            [12]  353 	mov	_tmp,a
      00001F F5*0D            [12]  354 	mov	(_tmp + 1),a
                                    355 ;	./src/main.c:4: 
      000021 F5*0E            [12]  356 	mov	_time,a
      000023 F5*0F            [12]  357 	mov	(_time + 1),a
                                    358 	.area GSFINAL (CODE)
      000000 02r00r0E         [24]  359 	ljmp	__sdcc_program_startup
                                    360 ;--------------------------------------------------------
                                    361 ; Home
                                    362 ;--------------------------------------------------------
                                    363 	.area HOME    (CODE)
                                    364 	.area HOME    (CODE)
      00000E                        365 __sdcc_program_startup:
      00000E 02r02r15         [24]  366 	ljmp	_main
                                    367 ;	return from main will return to caller
                                    368 ;--------------------------------------------------------
                                    369 ; code
                                    370 ;--------------------------------------------------------
                                    371 	.area CSEG    (CODE)
                                    372 ;------------------------------------------------------------
                                    373 ;Allocation info for local variables in function 'Rotate'
                                    374 ;------------------------------------------------------------
                                    375 ;	./src/main.c:6: void Rotate(void) {
                                    376 ;	-----------------------------------------
                                    377 ;	 function Rotate
                                    378 ;	-----------------------------------------
      000000                        379 _Rotate:
                           000007   380 	ar7 = 0x07
                           000006   381 	ar6 = 0x06
                           000005   382 	ar5 = 0x05
                           000004   383 	ar4 = 0x04
                           000003   384 	ar3 = 0x03
                           000002   385 	ar2 = 0x02
                           000001   386 	ar1 = 0x01
                           000000   387 	ar0 = 0x00
                                    388 ;	./src/main.c:7: clock[0]--;
      000000 AE*02            [24]  389 	mov	r6,(_clock + 0)
      000002 AF*03            [24]  390 	mov	r7,(_clock + 1)
      000004 1E               [12]  391 	dec	r6
      000005 BE FF 01         [24]  392 	cjne	r6,#0xff,00133$
      000008 1F               [12]  393 	dec	r7
      000009                        394 00133$:
      000009 8E*02            [24]  395 	mov	(_clock + 0),r6
      00000B 8F*03            [24]  396 	mov	(_clock + 1),r7
                                    397 ;	./src/main.c:8: if (clock[0] == 30) {
      00000D BE 1E 33         [24]  398 	cjne	r6,#0x1e,00104$
      000010 BF 00 30         [24]  399 	cjne	r7,#0x00,00104$
                                    400 ;	./src/main.c:9: clock[1]--;
      000013 AE*04            [24]  401 	mov	r6,((_clock + 0x0002) + 0)
      000015 AF*05            [24]  402 	mov	r7,((_clock + 0x0002) + 1)
      000017 1E               [12]  403 	dec	r6
      000018 BE FF 01         [24]  404 	cjne	r6,#0xff,00136$
      00001B 1F               [12]  405 	dec	r7
      00001C                        406 00136$:
      00001C 8E*04            [24]  407 	mov	((_clock + 0x0002) + 0),r6
      00001E 8F*05            [24]  408 	mov	((_clock + 0x0002) + 1),r7
                                    409 ;	./src/main.c:10: if (clock[1] % 12 == 0) clock[2]--;
      000020 75*00 0C         [24]  410 	mov	__modsint_PARM_2,#0x0c
      000023 75*01 00         [24]  411 	mov	(__modsint_PARM_2 + 1),#0x00
      000026 8E 82            [24]  412 	mov	dpl,r6
      000028 8F 83            [24]  413 	mov	dph,r7
      00002A 12r00r00         [24]  414 	lcall	__modsint
      00002D E5 82            [12]  415 	mov	a,dpl
      00002F 85 83 F0         [24]  416 	mov	b,dph
      000032 45 F0            [12]  417 	orl	a,b
      000034 70 0D            [24]  418 	jnz	00104$
      000036 AE*06            [24]  419 	mov	r6,((_clock + 0x0004) + 0)
      000038 AF*07            [24]  420 	mov	r7,((_clock + 0x0004) + 1)
      00003A 1E               [12]  421 	dec	r6
      00003B BE FF 01         [24]  422 	cjne	r6,#0xff,00138$
      00003E 1F               [12]  423 	dec	r7
      00003F                        424 00138$:
      00003F 8E*06            [24]  425 	mov	((_clock + 0x0004) + 0),r6
      000041 8F*07            [24]  426 	mov	((_clock + 0x0004) + 1),r7
      000043                        427 00104$:
                                    428 ;	./src/main.c:12: if (clock[0] == -1) clock[0] = 59;
      000043 74 FF            [12]  429 	mov	a,#0xff
      000045 B5*02 09         [24]  430 	cjne	a,_clock,00106$
      000048 B5*03 06         [24]  431 	cjne	a,(_clock + 1),00106$
      00004B 75*02 3B         [24]  432 	mov	(_clock + 0),#0x3b
      00004E 75*03 00         [24]  433 	mov	(_clock + 1),#0x00
      000051                        434 00106$:
                                    435 ;	./src/main.c:13: if (clock[1] == -1) clock[1] = 59;
      000051 74 FF            [12]  436 	mov	a,#0xff
      000053 B5*04 09         [24]  437 	cjne	a,(_clock + 0x0002),00108$
      000056 B5*05 06         [24]  438 	cjne	a,((_clock + 0x0002) + 1),00108$
      000059 75*04 3B         [24]  439 	mov	((_clock + 0x0002) + 0),#0x3b
      00005C 75*05 00         [24]  440 	mov	((_clock + 0x0002) + 1),#0x00
      00005F                        441 00108$:
                                    442 ;	./src/main.c:14: if (clock[2] == -1) clock[2] = 59;
      00005F 74 FF            [12]  443 	mov	a,#0xff
      000061 B5*06 09         [24]  444 	cjne	a,(_clock + 0x0004),00111$
      000064 B5*07 06         [24]  445 	cjne	a,((_clock + 0x0004) + 1),00111$
      000067 75*06 3B         [24]  446 	mov	((_clock + 0x0004) + 0),#0x3b
      00006A 75*07 00         [24]  447 	mov	((_clock + 0x0004) + 1),#0x00
      00006D                        448 00111$:
                                    449 ;	./src/main.c:15: }
      00006D 22               [24]  450 	ret
                                    451 ;------------------------------------------------------------
                                    452 ;Allocation info for local variables in function 'EX0_int'
                                    453 ;------------------------------------------------------------
                                    454 ;	./src/main.c:17: void EX0_int(void) __interrupt (0) {
                                    455 ;	-----------------------------------------
                                    456 ;	 function EX0_int
                                    457 ;	-----------------------------------------
      00006E                        458 _EX0_int:
      00006E C0*00            [24]  459 	push	bits
      000070 C0 E0            [24]  460 	push	acc
      000072 C0 F0            [24]  461 	push	b
      000074 C0 82            [24]  462 	push	dpl
      000076 C0 83            [24]  463 	push	dph
      000078 C0 07            [24]  464 	push	(0+7)
      00007A C0 06            [24]  465 	push	(0+6)
      00007C C0 05            [24]  466 	push	(0+5)
      00007E C0 04            [24]  467 	push	(0+4)
      000080 C0 03            [24]  468 	push	(0+3)
      000082 C0 02            [24]  469 	push	(0+2)
      000084 C0 01            [24]  470 	push	(0+1)
      000086 C0 00            [24]  471 	push	(0+0)
      000088 C0 D0            [24]  472 	push	psw
      00008A 75 D0 00         [24]  473 	mov	psw,#0x00
                                    474 ;	./src/main.c:18: CntOfSecond = cnt / 60 + 1;
      00008D 75*00 3C         [24]  475 	mov	__divsint_PARM_2,#0x3c
      000090 75*01 00         [24]  476 	mov	(__divsint_PARM_2 + 1),#0x00
      000093 85*08 82         [24]  477 	mov	dpl,_cnt
      000096 85*09 83         [24]  478 	mov	dph,(_cnt + 1)
      000099 12r00r00         [24]  479 	lcall	__divsint
      00009C E5 82            [12]  480 	mov	a,dpl
      00009E 85 83 F0         [24]  481 	mov	b,dph
      0000A1 24 01            [12]  482 	add	a,#0x01
      0000A3 F5*0A            [12]  483 	mov	_CntOfSecond,a
      0000A5 E4               [12]  484 	clr	a
      0000A6 35 F0            [12]  485 	addc	a,b
      0000A8 F5*0B            [12]  486 	mov	(_CntOfSecond + 1),a
                                    487 ;	./src/main.c:19: revise = cnt % 60;
      0000AA 75*00 3C         [24]  488 	mov	__modsint_PARM_2,#0x3c
      0000AD 75*01 00         [24]  489 	mov	(__modsint_PARM_2 + 1),#0x00
      0000B0 85*08 82         [24]  490 	mov	dpl,_cnt
      0000B3 85*09 83         [24]  491 	mov	dph,(_cnt + 1)
      0000B6 12r00r00         [24]  492 	lcall	__modsint
      0000B9 AE 82            [24]  493 	mov	r6,dpl
      0000BB 8E*01            [24]  494 	mov	_revise,r6
                                    495 ;	./src/main.c:20: cnt = 0;
      0000BD E4               [12]  496 	clr	a
      0000BE F5*08            [12]  497 	mov	_cnt,a
      0000C0 F5*09            [12]  498 	mov	(_cnt + 1),a
                                    499 ;	./src/main.c:21: tmp = 0;
      0000C2 F5*0C            [12]  500 	mov	_tmp,a
      0000C4 F5*0D            [12]  501 	mov	(_tmp + 1),a
                                    502 ;	./src/main.c:22: num = 0;
                                    503 ;	1-genFromRTrack replaced	mov	_num,#0x00
      0000C6 F5*00            [12]  504 	mov	_num,a
                                    505 ;	./src/main.c:23: }
      0000C8 D0 D0            [24]  506 	pop	psw
      0000CA D0 00            [24]  507 	pop	(0+0)
      0000CC D0 01            [24]  508 	pop	(0+1)
      0000CE D0 02            [24]  509 	pop	(0+2)
      0000D0 D0 03            [24]  510 	pop	(0+3)
      0000D2 D0 04            [24]  511 	pop	(0+4)
      0000D4 D0 05            [24]  512 	pop	(0+5)
      0000D6 D0 06            [24]  513 	pop	(0+6)
      0000D8 D0 07            [24]  514 	pop	(0+7)
      0000DA D0 83            [24]  515 	pop	dph
      0000DC D0 82            [24]  516 	pop	dpl
      0000DE D0 F0            [24]  517 	pop	b
      0000E0 D0 E0            [24]  518 	pop	acc
      0000E2 D0*00            [24]  519 	pop	bits
      0000E4 32               [24]  520 	reti
                                    521 ;------------------------------------------------------------
                                    522 ;Allocation info for local variables in function 'Time'
                                    523 ;------------------------------------------------------------
                                    524 ;	./src/main.c:25: void Time(void) __interrupt (1) {
                                    525 ;	-----------------------------------------
                                    526 ;	 function Time
                                    527 ;	-----------------------------------------
      0000E5                        528 _Time:
      0000E5 C0*00            [24]  529 	push	bits
      0000E7 C0 E0            [24]  530 	push	acc
      0000E9 C0 F0            [24]  531 	push	b
      0000EB C0 82            [24]  532 	push	dpl
      0000ED C0 83            [24]  533 	push	dph
      0000EF C0 07            [24]  534 	push	(0+7)
      0000F1 C0 06            [24]  535 	push	(0+6)
      0000F3 C0 05            [24]  536 	push	(0+5)
      0000F5 C0 04            [24]  537 	push	(0+4)
      0000F7 C0 03            [24]  538 	push	(0+3)
      0000F9 C0 02            [24]  539 	push	(0+2)
      0000FB C0 01            [24]  540 	push	(0+1)
      0000FD C0 00            [24]  541 	push	(0+0)
      0000FF C0 D0            [24]  542 	push	psw
      000101 75 D0 00         [24]  543 	mov	psw,#0x00
                                    544 ;	./src/main.c:26: TH0 = (65536 - 5) >> 8;
      000104 75 8C FF         [24]  545 	mov	_TH0,#0xff
                                    546 ;	./src/main.c:27: TL0 = (65536 - 5) % 256;
      000107 75 8A FB         [24]  547 	mov	_TL0,#0xfb
                                    548 ;	./src/main.c:29: cnt++;
      00010A 05*08            [12]  549 	inc	_cnt
      00010C E4               [12]  550 	clr	a
      00010D B5*08 02         [24]  551 	cjne	a,_cnt,00162$
      000110 05*09            [12]  552 	inc	(_cnt + 1)
      000112                        553 00162$:
                                    554 ;	./src/main.c:30: tmp++;
      000112 05*0C            [12]  555 	inc	_tmp
      000114 E4               [12]  556 	clr	a
      000115 B5*0C 02         [24]  557 	cjne	a,_tmp,00163$
      000118 05*0D            [12]  558 	inc	(_tmp + 1)
      00011A                        559 00163$:
                                    560 ;	./src/main.c:31: P0 = 254; P2 = 255;
      00011A 75 80 FE         [24]  561 	mov	_P0,#0xfe
      00011D 75 A0 FF         [24]  562 	mov	_P2,#0xff
                                    563 ;	./src/main.c:32: if (tmp == CntOfSecond && num < 60) {
      000120 E5*0A            [12]  564 	mov	a,_CntOfSecond
      000122 B5*0C 07         [24]  565 	cjne	a,_tmp,00164$
      000125 E5*0B            [12]  566 	mov	a,(_CntOfSecond + 1)
      000127 B5*0D 02         [24]  567 	cjne	a,(_tmp + 1),00164$
      00012A 80 03            [24]  568 	sjmp	00165$
      00012C                        569 00164$:
      00012C 02r01rD5         [24]  570 	ljmp	00114$
      00012F                        571 00165$:
      00012F 74 C4            [12]  572 	mov	a,#0x100 - 0x3c
      000131 25*00            [12]  573 	add	a,_num
      000133 50 03            [24]  574 	jnc	00166$
      000135 02r01rD5         [24]  575 	ljmp	00114$
      000138                        576 00166$:
                                    577 ;	./src/main.c:33: if (num % 5 == 0) P0_1 = 0;
      000138 AE*00            [24]  578 	mov	r6,_num
      00013A 7F 00            [12]  579 	mov	r7,#0x00
      00013C 75*00 05         [24]  580 	mov	__modsint_PARM_2,#0x05
                                    581 ;	1-genFromRTrack replaced	mov	(__modsint_PARM_2 + 1),#0x00
      00013F 8F*01            [24]  582 	mov	(__modsint_PARM_2 + 1),r7
      000141 8E 82            [24]  583 	mov	dpl,r6
      000143 8F 83            [24]  584 	mov	dph,r7
      000145 C0 07            [24]  585 	push	ar7
      000147 C0 06            [24]  586 	push	ar6
      000149 12r00r00         [24]  587 	lcall	__modsint
      00014C E5 82            [12]  588 	mov	a,dpl
      00014E 85 83 F0         [24]  589 	mov	b,dph
      000151 D0 06            [24]  590 	pop	ar6
      000153 D0 07            [24]  591 	pop	ar7
      000155 45 F0            [12]  592 	orl	a,b
      000157 70 02            [24]  593 	jnz	00102$
                                    594 ;	assignBit
      000159 C2 81            [12]  595 	clr	_P0_1
      00015B                        596 00102$:
                                    597 ;	./src/main.c:34: if (num % 15 == 0) P0_2 = 0;
      00015B 75*00 0F         [24]  598 	mov	__modsint_PARM_2,#0x0f
      00015E 75*01 00         [24]  599 	mov	(__modsint_PARM_2 + 1),#0x00
      000161 8E 82            [24]  600 	mov	dpl,r6
      000163 8F 83            [24]  601 	mov	dph,r7
      000165 C0 07            [24]  602 	push	ar7
      000167 C0 06            [24]  603 	push	ar6
      000169 12r00r00         [24]  604 	lcall	__modsint
      00016C E5 82            [12]  605 	mov	a,dpl
      00016E 85 83 F0         [24]  606 	mov	b,dph
      000171 D0 06            [24]  607 	pop	ar6
      000173 D0 07            [24]  608 	pop	ar7
      000175 45 F0            [12]  609 	orl	a,b
      000177 70 02            [24]  610 	jnz	00104$
                                    611 ;	assignBit
      000179 C2 82            [12]  612 	clr	_P0_2
      00017B                        613 00104$:
                                    614 ;	./src/main.c:35: if (num == clock[0]) {P2 = 0; P0_7 = P0_6 = P0_5 = P0_4 = P0_3 = 0;}
      00017B EE               [12]  615 	mov	a,r6
      00017C B5*02 19         [24]  616 	cjne	a,_clock,00106$
      00017F EF               [12]  617 	mov	a,r7
      000180 B5*03 15         [24]  618 	cjne	a,(_clock + 1),00106$
      000183 75 A0 00         [24]  619 	mov	_P2,#0x00
                                    620 ;	assignBit
      000186 C2 83            [12]  621 	clr	_P0_3
                                    622 ;	assignBit
      000188 A2 83            [12]  623 	mov	c,_P0_3
      00018A 92 84            [24]  624 	mov	_P0_4,c
                                    625 ;	assignBit
      00018C A2 84            [12]  626 	mov	c,_P0_4
      00018E 92 85            [24]  627 	mov	_P0_5,c
                                    628 ;	assignBit
      000190 A2 85            [12]  629 	mov	c,_P0_5
      000192 92 86            [24]  630 	mov	_P0_6,c
                                    631 ;	assignBit
      000194 A2 86            [12]  632 	mov	c,_P0_6
      000196 92 87            [24]  633 	mov	_P0_7,c
      000198                        634 00106$:
                                    635 ;	./src/main.c:36: if (num == clock[1]) {P2 = 0; P0_7 = P0_6 = P0_5 = 0;}
      000198 EE               [12]  636 	mov	a,r6
      000199 B5*04 11         [24]  637 	cjne	a,(_clock + 0x0002),00108$
      00019C EF               [12]  638 	mov	a,r7
      00019D B5*05 0D         [24]  639 	cjne	a,((_clock + 0x0002) + 1),00108$
      0001A0 75 A0 00         [24]  640 	mov	_P2,#0x00
                                    641 ;	assignBit
      0001A3 C2 85            [12]  642 	clr	_P0_5
                                    643 ;	assignBit
      0001A5 A2 85            [12]  644 	mov	c,_P0_5
      0001A7 92 86            [24]  645 	mov	_P0_6,c
                                    646 ;	assignBit
      0001A9 A2 86            [12]  647 	mov	c,_P0_6
      0001AB 92 87            [24]  648 	mov	_P0_7,c
      0001AD                        649 00108$:
                                    650 ;	./src/main.c:37: if (num == clock[2]) {P2 = 0; P0_7 = 0;}
      0001AD EE               [12]  651 	mov	a,r6
      0001AE B5*06 09         [24]  652 	cjne	a,(_clock + 0x0004),00110$
      0001B1 EF               [12]  653 	mov	a,r7
      0001B2 B5*07 05         [24]  654 	cjne	a,((_clock + 0x0004) + 1),00110$
      0001B5 75 A0 00         [24]  655 	mov	_P2,#0x00
                                    656 ;	assignBit
      0001B8 C2 87            [12]  657 	clr	_P0_7
      0001BA                        658 00110$:
                                    659 ;	./src/main.c:38: num++;
      0001BA 05*00            [12]  660 	inc	_num
                                    661 ;	./src/main.c:39: tmp = (revise % 2 ? 0 : 1);
      0001BC E5*01            [12]  662 	mov	a,_revise
      0001BE 30 E0 06         [24]  663 	jnb	acc.0,00120$
      0001C1 7E 00            [12]  664 	mov	r6,#0x00
      0001C3 7F 00            [12]  665 	mov	r7,#0x00
      0001C5 80 04            [24]  666 	sjmp	00121$
      0001C7                        667 00120$:
      0001C7 7E 01            [12]  668 	mov	r6,#0x01
      0001C9 7F 00            [12]  669 	mov	r7,#0x00
      0001CB                        670 00121$:
      0001CB 8E*0C            [24]  671 	mov	_tmp,r6
      0001CD 8F*0D            [24]  672 	mov	(_tmp + 1),r7
                                    673 ;	./src/main.c:40: if (revise > 0) revise--;
      0001CF E5*01            [12]  674 	mov	a,_revise
      0001D1 60 02            [24]  675 	jz	00114$
      0001D3 15*01            [12]  676 	dec	_revise
      0001D5                        677 00114$:
                                    678 ;	./src/main.c:42: if (time++ > 20000) {
      0001D5 AE*0E            [24]  679 	mov	r6,_time
      0001D7 AF*0F            [24]  680 	mov	r7,(_time + 1)
      0001D9 05*0E            [12]  681 	inc	_time
      0001DB E4               [12]  682 	clr	a
      0001DC B5*0E 02         [24]  683 	cjne	a,_time,00177$
      0001DF 05*0F            [12]  684 	inc	(_time + 1)
      0001E1                        685 00177$:
      0001E1 C3               [12]  686 	clr	c
      0001E2 74 20            [12]  687 	mov	a,#0x20
      0001E4 9E               [12]  688 	subb	a,r6
      0001E5 74 CE            [12]  689 	mov	a,#(0x4e ^ 0x80)
      0001E7 8F F0            [24]  690 	mov	b,r7
      0001E9 63 F0 80         [24]  691 	xrl	b,#0x80
      0001EC 95 F0            [12]  692 	subb	a,b
      0001EE 50 08            [24]  693 	jnc	00118$
                                    694 ;	./src/main.c:43: time = 0; 
      0001F0 E4               [12]  695 	clr	a
      0001F1 F5*0E            [12]  696 	mov	_time,a
      0001F3 F5*0F            [12]  697 	mov	(_time + 1),a
                                    698 ;	./src/main.c:44: Rotate();
      0001F5 12r00r00         [24]  699 	lcall	_Rotate
      0001F8                        700 00118$:
                                    701 ;	./src/main.c:46: }
      0001F8 D0 D0            [24]  702 	pop	psw
      0001FA D0 00            [24]  703 	pop	(0+0)
      0001FC D0 01            [24]  704 	pop	(0+1)
      0001FE D0 02            [24]  705 	pop	(0+2)
      000200 D0 03            [24]  706 	pop	(0+3)
      000202 D0 04            [24]  707 	pop	(0+4)
      000204 D0 05            [24]  708 	pop	(0+5)
      000206 D0 06            [24]  709 	pop	(0+6)
      000208 D0 07            [24]  710 	pop	(0+7)
      00020A D0 83            [24]  711 	pop	dph
      00020C D0 82            [24]  712 	pop	dpl
      00020E D0 F0            [24]  713 	pop	b
      000210 D0 E0            [24]  714 	pop	acc
      000212 D0*00            [24]  715 	pop	bits
      000214 32               [24]  716 	reti
                                    717 ;------------------------------------------------------------
                                    718 ;Allocation info for local variables in function 'main'
                                    719 ;------------------------------------------------------------
                                    720 ;	./src/main.c:48: void main(void) {
                                    721 ;	-----------------------------------------
                                    722 ;	 function main
                                    723 ;	-----------------------------------------
      000215                        724 _main:
                                    725 ;	./src/main.c:49: TMOD = 0x01;
      000215 75 89 01         [24]  726 	mov	_TMOD,#0x01
                                    727 ;	./src/main.c:50: TH0 = (65536 - 5) >> 8;
      000218 75 8C FF         [24]  728 	mov	_TH0,#0xff
                                    729 ;	./src/main.c:51: TL0 = (65536 - 5) % 256;
      00021B 75 8A FB         [24]  730 	mov	_TL0,#0xfb
                                    731 ;	./src/main.c:52: EA = 1;  // interrupt
                                    732 ;	assignBit
      00021E D2 AF            [12]  733 	setb	_EA
                                    734 ;	./src/main.c:53: ET0 = 1; // timer0 interrupt
                                    735 ;	assignBit
      000220 D2 A9            [12]  736 	setb	_ET0
                                    737 ;	./src/main.c:54: EX0 = 1; // external interrupt0
                                    738 ;	assignBit
      000222 D2 A8            [12]  739 	setb	_EX0
                                    740 ;	./src/main.c:55: TR0 = 1; // run control bit
                                    741 ;	assignBit
      000224 D2 8C            [12]  742 	setb	_TR0
                                    743 ;	./src/main.c:56: IT0 = 1; // edge-triggered
                                    744 ;	assignBit
      000226 D2 88            [12]  745 	setb	_IT0
                                    746 ;	./src/main.c:58: while(1) ;
      000228                        747 00102$:
                                    748 ;	./src/main.c:59: }
      000228 80 FE            [24]  749 	sjmp	00102$
                                    750 	.area CSEG    (CODE)
                                    751 	.area CONST   (CODE)
                                    752 	.area XINIT   (CODE)
                                    753 	.area CABS    (ABS,CODE)
