                                      1 ;--------------------------------------------------------
                                      2 ; File Created by SDCC : free open source ANSI-C Compiler
                                      3 ; Version 4.1.0 #12072 (MINGW64)
                                      4 ;--------------------------------------------------------
                                      5 	.module main
                                      6 	.optsdcc -mmcs51 --model-small
                                      7 	
                                      8 ;--------------------------------------------------------
                                      9 ; Public variables in this module
                                     10 ;--------------------------------------------------------
                                     11 	.globl _main
                                     12 	.globl _INIT_MOVIE
                                     13 	.globl _buzz_prog_en_error
                                     14 	.globl _buzz_verify_error
                                     15 	.globl _buzz_hal_ok
                                     16 	.globl _AT89S51_Program_erase
                                     17 	.globl _AT89S51_Program_read
                                     18 	.globl _AT89S51_Program_write
                                     19 	.globl _delay_ms
                                     20 	.globl _CY
                                     21 	.globl _AC
                                     22 	.globl _F0
                                     23 	.globl _RS1
                                     24 	.globl _RS0
                                     25 	.globl _OV
                                     26 	.globl _F1
                                     27 	.globl _P
                                     28 	.globl _PS
                                     29 	.globl _PT1
                                     30 	.globl _PX1
                                     31 	.globl _PT0
                                     32 	.globl _PX0
                                     33 	.globl _RD
                                     34 	.globl _WR
                                     35 	.globl _T1
                                     36 	.globl _T0
                                     37 	.globl _INT1
                                     38 	.globl _INT0
                                     39 	.globl _TXD
                                     40 	.globl _RXD
                                     41 	.globl _P3_7
                                     42 	.globl _P3_6
                                     43 	.globl _P3_5
                                     44 	.globl _P3_4
                                     45 	.globl _P3_3
                                     46 	.globl _P3_2
                                     47 	.globl _P3_1
                                     48 	.globl _P3_0
                                     49 	.globl _EA
                                     50 	.globl _ES
                                     51 	.globl _ET1
                                     52 	.globl _EX1
                                     53 	.globl _ET0
                                     54 	.globl _EX0
                                     55 	.globl _P2_7
                                     56 	.globl _P2_6
                                     57 	.globl _P2_5
                                     58 	.globl _P2_4
                                     59 	.globl _P2_3
                                     60 	.globl _P2_2
                                     61 	.globl _P2_1
                                     62 	.globl _P2_0
                                     63 	.globl _SM0
                                     64 	.globl _SM1
                                     65 	.globl _SM2
                                     66 	.globl _REN
                                     67 	.globl _TB8
                                     68 	.globl _RB8
                                     69 	.globl _TI
                                     70 	.globl _RI
                                     71 	.globl _P1_7
                                     72 	.globl _P1_6
                                     73 	.globl _P1_5
                                     74 	.globl _P1_4
                                     75 	.globl _P1_3
                                     76 	.globl _P1_2
                                     77 	.globl _P1_1
                                     78 	.globl _P1_0
                                     79 	.globl _TF1
                                     80 	.globl _TR1
                                     81 	.globl _TF0
                                     82 	.globl _TR0
                                     83 	.globl _IE1
                                     84 	.globl _IT1
                                     85 	.globl _IE0
                                     86 	.globl _IT0
                                     87 	.globl _P0_7
                                     88 	.globl _P0_6
                                     89 	.globl _P0_5
                                     90 	.globl _P0_4
                                     91 	.globl _P0_3
                                     92 	.globl _P0_2
                                     93 	.globl _P0_1
                                     94 	.globl _P0_0
                                     95 	.globl _B
                                     96 	.globl _ACC
                                     97 	.globl _PSW
                                     98 	.globl _IP
                                     99 	.globl _P3
                                    100 	.globl _IE
                                    101 	.globl _P2
                                    102 	.globl _SBUF
                                    103 	.globl _SCON
                                    104 	.globl _P1
                                    105 	.globl _TH1
                                    106 	.globl _TH0
                                    107 	.globl _TL1
                                    108 	.globl _TL0
                                    109 	.globl _TMOD
                                    110 	.globl _TCON
                                    111 	.globl _PCON
                                    112 	.globl _DPH
                                    113 	.globl _DPL
                                    114 	.globl _SP
                                    115 	.globl _P0
                                    116 	.globl _erase_flag
                                    117 	.globl _read_flag
                                    118 	.globl _write_flag
                                    119 	.globl _error_flag
                                    120 ;--------------------------------------------------------
                                    121 ; special function registers
                                    122 ;--------------------------------------------------------
                                    123 	.area RSEG    (ABS,DATA)
      000000                        124 	.org 0x0000
                           000080   125 _P0	=	0x0080
                           000081   126 _SP	=	0x0081
                           000082   127 _DPL	=	0x0082
                           000083   128 _DPH	=	0x0083
                           000087   129 _PCON	=	0x0087
                           000088   130 _TCON	=	0x0088
                           000089   131 _TMOD	=	0x0089
                           00008A   132 _TL0	=	0x008a
                           00008B   133 _TL1	=	0x008b
                           00008C   134 _TH0	=	0x008c
                           00008D   135 _TH1	=	0x008d
                           000090   136 _P1	=	0x0090
                           000098   137 _SCON	=	0x0098
                           000099   138 _SBUF	=	0x0099
                           0000A0   139 _P2	=	0x00a0
                           0000A8   140 _IE	=	0x00a8
                           0000B0   141 _P3	=	0x00b0
                           0000B8   142 _IP	=	0x00b8
                           0000D0   143 _PSW	=	0x00d0
                           0000E0   144 _ACC	=	0x00e0
                           0000F0   145 _B	=	0x00f0
                                    146 ;--------------------------------------------------------
                                    147 ; special function bits
                                    148 ;--------------------------------------------------------
                                    149 	.area RSEG    (ABS,DATA)
      000000                        150 	.org 0x0000
                           000080   151 _P0_0	=	0x0080
                           000081   152 _P0_1	=	0x0081
                           000082   153 _P0_2	=	0x0082
                           000083   154 _P0_3	=	0x0083
                           000084   155 _P0_4	=	0x0084
                           000085   156 _P0_5	=	0x0085
                           000086   157 _P0_6	=	0x0086
                           000087   158 _P0_7	=	0x0087
                           000088   159 _IT0	=	0x0088
                           000089   160 _IE0	=	0x0089
                           00008A   161 _IT1	=	0x008a
                           00008B   162 _IE1	=	0x008b
                           00008C   163 _TR0	=	0x008c
                           00008D   164 _TF0	=	0x008d
                           00008E   165 _TR1	=	0x008e
                           00008F   166 _TF1	=	0x008f
                           000090   167 _P1_0	=	0x0090
                           000091   168 _P1_1	=	0x0091
                           000092   169 _P1_2	=	0x0092
                           000093   170 _P1_3	=	0x0093
                           000094   171 _P1_4	=	0x0094
                           000095   172 _P1_5	=	0x0095
                           000096   173 _P1_6	=	0x0096
                           000097   174 _P1_7	=	0x0097
                           000098   175 _RI	=	0x0098
                           000099   176 _TI	=	0x0099
                           00009A   177 _RB8	=	0x009a
                           00009B   178 _TB8	=	0x009b
                           00009C   179 _REN	=	0x009c
                           00009D   180 _SM2	=	0x009d
                           00009E   181 _SM1	=	0x009e
                           00009F   182 _SM0	=	0x009f
                           0000A0   183 _P2_0	=	0x00a0
                           0000A1   184 _P2_1	=	0x00a1
                           0000A2   185 _P2_2	=	0x00a2
                           0000A3   186 _P2_3	=	0x00a3
                           0000A4   187 _P2_4	=	0x00a4
                           0000A5   188 _P2_5	=	0x00a5
                           0000A6   189 _P2_6	=	0x00a6
                           0000A7   190 _P2_7	=	0x00a7
                           0000A8   191 _EX0	=	0x00a8
                           0000A9   192 _ET0	=	0x00a9
                           0000AA   193 _EX1	=	0x00aa
                           0000AB   194 _ET1	=	0x00ab
                           0000AC   195 _ES	=	0x00ac
                           0000AF   196 _EA	=	0x00af
                           0000B0   197 _P3_0	=	0x00b0
                           0000B1   198 _P3_1	=	0x00b1
                           0000B2   199 _P3_2	=	0x00b2
                           0000B3   200 _P3_3	=	0x00b3
                           0000B4   201 _P3_4	=	0x00b4
                           0000B5   202 _P3_5	=	0x00b5
                           0000B6   203 _P3_6	=	0x00b6
                           0000B7   204 _P3_7	=	0x00b7
                           0000B0   205 _RXD	=	0x00b0
                           0000B1   206 _TXD	=	0x00b1
                           0000B2   207 _INT0	=	0x00b2
                           0000B3   208 _INT1	=	0x00b3
                           0000B4   209 _T0	=	0x00b4
                           0000B5   210 _T1	=	0x00b5
                           0000B6   211 _WR	=	0x00b6
                           0000B7   212 _RD	=	0x00b7
                           0000B8   213 _PX0	=	0x00b8
                           0000B9   214 _PT0	=	0x00b9
                           0000BA   215 _PX1	=	0x00ba
                           0000BB   216 _PT1	=	0x00bb
                           0000BC   217 _PS	=	0x00bc
                           0000D0   218 _P	=	0x00d0
                           0000D1   219 _F1	=	0x00d1
                           0000D2   220 _OV	=	0x00d2
                           0000D3   221 _RS0	=	0x00d3
                           0000D4   222 _RS1	=	0x00d4
                           0000D5   223 _F0	=	0x00d5
                           0000D6   224 _AC	=	0x00d6
                           0000D7   225 _CY	=	0x00d7
                                    226 ;--------------------------------------------------------
                                    227 ; overlayable register banks
                                    228 ;--------------------------------------------------------
                                    229 	.area REG_BANK_0	(REL,OVR,DATA)
      000000                        230 	.ds 8
                                    231 ;--------------------------------------------------------
                                    232 ; internal ram data
                                    233 ;--------------------------------------------------------
                                    234 	.area DSEG    (DATA)
      000000                        235 _error_flag::
      000000                        236 	.ds 1
      000001                        237 _write_flag::
      000001                        238 	.ds 1
      000002                        239 _read_flag::
      000002                        240 	.ds 1
      000003                        241 _erase_flag::
      000003                        242 	.ds 1
                                    243 ;--------------------------------------------------------
                                    244 ; overlayable items in internal ram 
                                    245 ;--------------------------------------------------------
                                    246 ;--------------------------------------------------------
                                    247 ; Stack segment in internal ram 
                                    248 ;--------------------------------------------------------
                                    249 	.area	SSEG
      000000                        250 __start__stack:
      000000                        251 	.ds	1
                                    252 
                                    253 ;--------------------------------------------------------
                                    254 ; indirectly addressable internal ram data
                                    255 ;--------------------------------------------------------
                                    256 	.area ISEG    (DATA)
                                    257 ;--------------------------------------------------------
                                    258 ; absolute internal ram data
                                    259 ;--------------------------------------------------------
                                    260 	.area IABS    (ABS,DATA)
                                    261 	.area IABS    (ABS,DATA)
                                    262 ;--------------------------------------------------------
                                    263 ; bit data
                                    264 ;--------------------------------------------------------
                                    265 	.area BSEG    (BIT)
                                    266 ;--------------------------------------------------------
                                    267 ; paged external ram data
                                    268 ;--------------------------------------------------------
                                    269 	.area PSEG    (PAG,XDATA)
                                    270 ;--------------------------------------------------------
                                    271 ; external ram data
                                    272 ;--------------------------------------------------------
                                    273 	.area XSEG    (XDATA)
                                    274 ;--------------------------------------------------------
                                    275 ; absolute external ram data
                                    276 ;--------------------------------------------------------
                                    277 	.area XABS    (ABS,XDATA)
                                    278 ;--------------------------------------------------------
                                    279 ; external initialized ram data
                                    280 ;--------------------------------------------------------
                                    281 	.area XISEG   (XDATA)
                                    282 	.area HOME    (CODE)
                                    283 	.area GSINIT0 (CODE)
                                    284 	.area GSINIT1 (CODE)
                                    285 	.area GSINIT2 (CODE)
                                    286 	.area GSINIT3 (CODE)
                                    287 	.area GSINIT4 (CODE)
                                    288 	.area GSINIT5 (CODE)
                                    289 	.area GSINIT  (CODE)
                                    290 	.area GSFINAL (CODE)
                                    291 	.area CSEG    (CODE)
                                    292 ;--------------------------------------------------------
                                    293 ; interrupt vector 
                                    294 ;--------------------------------------------------------
                                    295 	.area HOME    (CODE)
      000000                        296 __interrupt_vect:
      000000 02r00r00         [24]  297 	ljmp	__sdcc_gsinit_startup
                                    298 ;--------------------------------------------------------
                                    299 ; global & static initialisations
                                    300 ;--------------------------------------------------------
                                    301 	.area HOME    (CODE)
                                    302 	.area GSINIT  (CODE)
                                    303 	.area GSFINAL (CODE)
                                    304 	.area GSINIT  (CODE)
                                    305 	.globl __sdcc_gsinit_startup
                                    306 	.globl __sdcc_program_startup
                                    307 	.globl __start__stack
                                    308 	.globl __mcs51_genXINIT
                                    309 	.globl __mcs51_genXRAMCLEAR
                                    310 	.globl __mcs51_genRAMCLEAR
                                    311 	.area GSFINAL (CODE)
      000000 02r00r03         [24]  312 	ljmp	__sdcc_program_startup
                                    313 ;--------------------------------------------------------
                                    314 ; Home
                                    315 ;--------------------------------------------------------
                                    316 	.area HOME    (CODE)
                                    317 	.area HOME    (CODE)
      000003                        318 __sdcc_program_startup:
      000003 02r00r00         [24]  319 	ljmp	_main
                                    320 ;	return from main will return to caller
                                    321 ;--------------------------------------------------------
                                    322 ; code
                                    323 ;--------------------------------------------------------
                                    324 	.area CSEG    (CODE)
                                    325 ;------------------------------------------------------------
                                    326 ;Allocation info for local variables in function 'main'
                                    327 ;------------------------------------------------------------
                                    328 ;prebut1                   Allocated to registers r6 r7 
                                    329 ;prebut2                   Allocated to registers r4 r5 
                                    330 ;prebut3                   Allocated to registers r2 r3 
                                    331 ;------------------------------------------------------------
                                    332 ;	./src/main.c:12: void main(void)
                                    333 ;	-----------------------------------------
                                    334 ;	 function main
                                    335 ;	-----------------------------------------
      000000                        336 _main:
                           000007   337 	ar7 = 0x07
                           000006   338 	ar6 = 0x06
                           000005   339 	ar5 = 0x05
                           000004   340 	ar4 = 0x04
                           000003   341 	ar3 = 0x03
                           000002   342 	ar2 = 0x02
                           000001   343 	ar1 = 0x01
                           000000   344 	ar0 = 0x00
                                    345 ;	./src/main.c:15: unsigned int prebut1 = 0;
      000000 7E 00            [12]  346 	mov	r6,#0x00
      000002 7F 00            [12]  347 	mov	r7,#0x00
                                    348 ;	./src/main.c:16: unsigned int prebut2 = 0;
      000004 7C 00            [12]  349 	mov	r4,#0x00
      000006 7D 00            [12]  350 	mov	r5,#0x00
                                    351 ;	./src/main.c:17: unsigned int prebut3 = 0;
      000008 7A 00            [12]  352 	mov	r2,#0x00
      00000A 7B 00            [12]  353 	mov	r3,#0x00
                                    354 ;	./src/main.c:19: AT8051_MOSI = 1;			// set MOSI high
                                    355 ;	assignBit
      00000C D2 80            [12]  356 	setb	_P0_0
                                    357 ;	./src/main.c:20: AT8051_MISO = 1;			// set MISO high
                                    358 ;	assignBit
      00000E D2 81            [12]  359 	setb	_P0_1
                                    360 ;	./src/main.c:21: AT8051_SCK = 1;				// set SCK high
                                    361 ;	assignBit
      000010 D2 82            [12]  362 	setb	_P0_2
                                    363 ;	./src/main.c:22: AT8051_RST = 0;				// set RST low
                                    364 ;	assignBit
      000012 C2 83            [12]  365 	clr	_P0_3
                                    366 ;	./src/main.c:25: INIT_MOVIE();
      000014 C0 07            [24]  367 	push	ar7
      000016 C0 06            [24]  368 	push	ar6
      000018 C0 05            [24]  369 	push	ar5
      00001A C0 04            [24]  370 	push	ar4
      00001C C0 03            [24]  371 	push	ar3
      00001E C0 02            [24]  372 	push	ar2
      000020 12r00r00         [24]  373 	lcall	_INIT_MOVIE
      000023 D0 02            [24]  374 	pop	ar2
      000025 D0 03            [24]  375 	pop	ar3
      000027 D0 04            [24]  376 	pop	ar4
      000029 D0 05            [24]  377 	pop	ar5
      00002B D0 06            [24]  378 	pop	ar6
      00002D D0 07            [24]  379 	pop	ar7
                                    380 ;	./src/main.c:27: while (1) {
      00002F                        381 00135$:
                                    382 ;	./src/main.c:28: if ((but1 == 0) && (prebut1 == 1)) {
      00002F 20 A0 6C         [24]  383 	jb	_P2_0,00109$
      000032 BE 01 69         [24]  384 	cjne	r6,#0x01,00109$
      000035 BF 00 66         [24]  385 	cjne	r7,#0x00,00109$
                                    386 ;	./src/main.c:29: delay_ms(10);
      000038 90 00 0A         [24]  387 	mov	dptr,#0x000a
      00003B C0 05            [24]  388 	push	ar5
      00003D C0 04            [24]  389 	push	ar4
      00003F C0 03            [24]  390 	push	ar3
      000041 C0 02            [24]  391 	push	ar2
      000043 12r00r00         [24]  392 	lcall	_delay_ms
      000046 D0 02            [24]  393 	pop	ar2
      000048 D0 03            [24]  394 	pop	ar3
      00004A D0 04            [24]  395 	pop	ar4
      00004C D0 05            [24]  396 	pop	ar5
                                    397 ;	./src/main.c:30: if (but1 == 0) {
      00004E 20 A0 4D         [24]  398 	jb	_P2_0,00109$
                                    399 ;	./src/main.c:32: write_flag = AT89S51_Program_write();
      000051 C0 05            [24]  400 	push	ar5
      000053 C0 04            [24]  401 	push	ar4
      000055 C0 03            [24]  402 	push	ar3
      000057 C0 02            [24]  403 	push	ar2
      000059 12r00r00         [24]  404 	lcall	_AT89S51_Program_write
      00005C 85 82*01         [24]  405 	mov	_write_flag,dpl
      00005F D0 02            [24]  406 	pop	ar2
      000061 D0 03            [24]  407 	pop	ar3
      000063 D0 04            [24]  408 	pop	ar4
      000065 D0 05            [24]  409 	pop	ar5
                                    410 ;	./src/main.c:35: if (write_flag == HAL_OK) {	
      000067 E5*01            [12]  411 	mov	a,_write_flag
      000069 70 18            [24]  412 	jnz	00104$
                                    413 ;	./src/main.c:36: LED = 0xFE;
      00006B 75 90 FE         [24]  414 	mov	_P1,#0xfe
                                    415 ;	./src/main.c:37: buzz_hal_ok();
      00006E C0 05            [24]  416 	push	ar5
      000070 C0 04            [24]  417 	push	ar4
      000072 C0 03            [24]  418 	push	ar3
      000074 C0 02            [24]  419 	push	ar2
      000076 12r00r00         [24]  420 	lcall	_buzz_hal_ok
      000079 D0 02            [24]  421 	pop	ar2
      00007B D0 03            [24]  422 	pop	ar3
      00007D D0 04            [24]  423 	pop	ar4
      00007F D0 05            [24]  424 	pop	ar5
      000081 80 1B            [24]  425 	sjmp	00109$
      000083                        426 00104$:
                                    427 ;	./src/main.c:39: else if (write_flag == HAL_Prog_En_ERROR) {
      000083 74 01            [12]  428 	mov	a,#0x01
      000085 B5*01 16         [24]  429 	cjne	a,_write_flag,00109$
                                    430 ;	./src/main.c:40: LED = ~(0x80);
      000088 75 90 7F         [24]  431 	mov	_P1,#0x7f
                                    432 ;	./src/main.c:41: buzz_prog_en_error();
      00008B C0 05            [24]  433 	push	ar5
      00008D C0 04            [24]  434 	push	ar4
      00008F C0 03            [24]  435 	push	ar3
      000091 C0 02            [24]  436 	push	ar2
      000093 12r00r00         [24]  437 	lcall	_buzz_prog_en_error
      000096 D0 02            [24]  438 	pop	ar2
      000098 D0 03            [24]  439 	pop	ar3
      00009A D0 04            [24]  440 	pop	ar4
      00009C D0 05            [24]  441 	pop	ar5
      00009E                        442 00109$:
                                    443 ;	./src/main.c:46: if ((but2 == 0) && (prebut2 == 1)) {
      00009E 20 A1 61         [24]  444 	jb	_P2_1,00122$
      0000A1 BC 01 5E         [24]  445 	cjne	r4,#0x01,00122$
      0000A4 BD 00 5B         [24]  446 	cjne	r5,#0x00,00122$
                                    447 ;	./src/main.c:47: delay_ms(10);
      0000A7 90 00 0A         [24]  448 	mov	dptr,#0x000a
      0000AA C0 03            [24]  449 	push	ar3
      0000AC C0 02            [24]  450 	push	ar2
      0000AE 12r00r00         [24]  451 	lcall	_delay_ms
      0000B1 D0 02            [24]  452 	pop	ar2
      0000B3 D0 03            [24]  453 	pop	ar3
                                    454 ;	./src/main.c:48: if (but2 == 0) {
      0000B5 20 A1 4A         [24]  455 	jb	_P2_1,00122$
                                    456 ;	./src/main.c:50: read_flag=AT89S51_Program_read();
      0000B8 C0 03            [24]  457 	push	ar3
      0000BA C0 02            [24]  458 	push	ar2
      0000BC 12r00r00         [24]  459 	lcall	_AT89S51_Program_read
      0000BF 85 82*02         [24]  460 	mov	_read_flag,dpl
      0000C2 D0 02            [24]  461 	pop	ar2
      0000C4 D0 03            [24]  462 	pop	ar3
                                    463 ;	./src/main.c:53: if (read_flag == HAL_OK) {	
      0000C6 E5*02            [12]  464 	mov	a,_read_flag
      0000C8 70 10            [24]  465 	jnz	00117$
                                    466 ;	./src/main.c:54: LED = 0xFC;
      0000CA 75 90 FC         [24]  467 	mov	_P1,#0xfc
                                    468 ;	./src/main.c:55: buzz_hal_ok();
      0000CD C0 03            [24]  469 	push	ar3
      0000CF C0 02            [24]  470 	push	ar2
      0000D1 12r00r00         [24]  471 	lcall	_buzz_hal_ok
      0000D4 D0 02            [24]  472 	pop	ar2
      0000D6 D0 03            [24]  473 	pop	ar3
      0000D8 80 28            [24]  474 	sjmp	00122$
      0000DA                        475 00117$:
                                    476 ;	./src/main.c:57: else if (read_flag == HAL_Prog_En_ERROR) {
      0000DA 74 01            [12]  477 	mov	a,#0x01
      0000DC B5*02 10         [24]  478 	cjne	a,_read_flag,00114$
                                    479 ;	./src/main.c:58: LED = ~(0x80);
      0000DF 75 90 7F         [24]  480 	mov	_P1,#0x7f
                                    481 ;	./src/main.c:59: buzz_prog_en_error();
      0000E2 C0 03            [24]  482 	push	ar3
      0000E4 C0 02            [24]  483 	push	ar2
      0000E6 12r00r00         [24]  484 	lcall	_buzz_prog_en_error
      0000E9 D0 02            [24]  485 	pop	ar2
      0000EB D0 03            [24]  486 	pop	ar3
      0000ED 80 13            [24]  487 	sjmp	00122$
      0000EF                        488 00114$:
                                    489 ;	./src/main.c:61: else if (read_flag == HAL_Verify_ERROR) {
      0000EF 74 02            [12]  490 	mov	a,#0x02
      0000F1 B5*02 0E         [24]  491 	cjne	a,_read_flag,00122$
                                    492 ;	./src/main.c:62: LED = ~(0x40);
      0000F4 75 90 BF         [24]  493 	mov	_P1,#0xbf
                                    494 ;	./src/main.c:63: buzz_verify_error();
      0000F7 C0 03            [24]  495 	push	ar3
      0000F9 C0 02            [24]  496 	push	ar2
      0000FB 12r00r00         [24]  497 	lcall	_buzz_verify_error
      0000FE D0 02            [24]  498 	pop	ar2
      000100 D0 03            [24]  499 	pop	ar3
      000102                        500 00122$:
                                    501 ;	./src/main.c:68: if ((but3 == 0) && (prebut3 == 1)) {
      000102 20 B2 2B         [24]  502 	jb	_P3_2,00132$
      000105 BA 01 28         [24]  503 	cjne	r2,#0x01,00132$
      000108 BB 00 25         [24]  504 	cjne	r3,#0x00,00132$
                                    505 ;	./src/main.c:69: delay_ms(10);
      00010B 90 00 0A         [24]  506 	mov	dptr,#0x000a
      00010E 12r00r00         [24]  507 	lcall	_delay_ms
                                    508 ;	./src/main.c:70: if (but3 == 0) {
      000111 20 B2 1C         [24]  509 	jb	_P3_2,00132$
                                    510 ;	./src/main.c:72: erase_flag = AT89S51_Program_erase();
      000114 12r00r00         [24]  511 	lcall	_AT89S51_Program_erase
                                    512 ;	./src/main.c:75: if (erase_flag == HAL_OK) {	
      000117 E5 82            [12]  513 	mov	a,dpl
      000119 F5*03            [12]  514 	mov	_erase_flag,a
      00011B 70 08            [24]  515 	jnz	00127$
                                    516 ;	./src/main.c:76: LED = 0xF8;
      00011D 75 90 F8         [24]  517 	mov	_P1,#0xf8
                                    518 ;	./src/main.c:77: buzz_hal_ok();
      000120 12r00r00         [24]  519 	lcall	_buzz_hal_ok
      000123 80 0B            [24]  520 	sjmp	00132$
      000125                        521 00127$:
                                    522 ;	./src/main.c:79: else if (erase_flag == HAL_Prog_En_ERROR) {
      000125 74 01            [12]  523 	mov	a,#0x01
      000127 B5*03 06         [24]  524 	cjne	a,_erase_flag,00132$
                                    525 ;	./src/main.c:80: LED = ~(0x80);
      00012A 75 90 7F         [24]  526 	mov	_P1,#0x7f
                                    527 ;	./src/main.c:81: buzz_prog_en_error();
      00012D 12r00r00         [24]  528 	lcall	_buzz_prog_en_error
      000130                        529 00132$:
                                    530 ;	./src/main.c:87: prebut1 = but1;
      000130 A2 A0            [12]  531 	mov	c,_P2_0
      000132 E4               [12]  532 	clr	a
      000133 33               [12]  533 	rlc	a
      000134 FE               [12]  534 	mov	r6,a
      000135 7F 00            [12]  535 	mov	r7,#0x00
                                    536 ;	./src/main.c:88: prebut2 = but2;
      000137 A2 A1            [12]  537 	mov	c,_P2_1
      000139 E4               [12]  538 	clr	a
      00013A 33               [12]  539 	rlc	a
      00013B FC               [12]  540 	mov	r4,a
      00013C 7D 00            [12]  541 	mov	r5,#0x00
                                    542 ;	./src/main.c:89: prebut3 = but3;	
      00013E A2 B2            [12]  543 	mov	c,_P3_2
      000140 E4               [12]  544 	clr	a
      000141 33               [12]  545 	rlc	a
      000142 FA               [12]  546 	mov	r2,a
      000143 7B 00            [12]  547 	mov	r3,#0x00
                                    548 ;	./src/main.c:90: delay_ms(20);
      000145 90 00 14         [24]  549 	mov	dptr,#0x0014
      000148 C0 07            [24]  550 	push	ar7
      00014A C0 06            [24]  551 	push	ar6
      00014C C0 05            [24]  552 	push	ar5
      00014E C0 04            [24]  553 	push	ar4
      000150 C0 03            [24]  554 	push	ar3
      000152 C0 02            [24]  555 	push	ar2
      000154 12r00r00         [24]  556 	lcall	_delay_ms
      000157 D0 02            [24]  557 	pop	ar2
      000159 D0 03            [24]  558 	pop	ar3
      00015B D0 04            [24]  559 	pop	ar4
      00015D D0 05            [24]  560 	pop	ar5
      00015F D0 06            [24]  561 	pop	ar6
      000161 D0 07            [24]  562 	pop	ar7
                                    563 ;	./src/main.c:92: }
      000163 02r00r2F         [24]  564 	ljmp	00135$
                                    565 	.area CSEG    (CODE)
                                    566 	.area CONST   (CODE)
                                    567 	.area XINIT   (CODE)
                                    568 	.area CABS    (ABS,CODE)
