                                      1 ;--------------------------------------------------------
                                      2 ; File Created by SDCC : free open source ANSI-C Compiler
                                      3 ; Version 4.1.0 #12072 (MINGW64)
                                      4 ;--------------------------------------------------------
                                      5 	.module delay_func
                                      6 	.optsdcc -mmcs51 --model-small
                                      7 	
                                      8 ;--------------------------------------------------------
                                      9 ; Public variables in this module
                                     10 ;--------------------------------------------------------
                                     11 	.globl _Delay_Do
                                     12 	.globl _Delay_Re
                                     13 	.globl _Delay_Mi
                                     14 ;--------------------------------------------------------
                                     15 ; special function registers
                                     16 ;--------------------------------------------------------
                                     17 	.area RSEG    (ABS,DATA)
      000000                         18 	.org 0x0000
                                     19 ;--------------------------------------------------------
                                     20 ; special function bits
                                     21 ;--------------------------------------------------------
                                     22 	.area RSEG    (ABS,DATA)
      000000                         23 	.org 0x0000
                                     24 ;--------------------------------------------------------
                                     25 ; overlayable register banks
                                     26 ;--------------------------------------------------------
                                     27 	.area REG_BANK_0	(REL,OVR,DATA)
      000000                         28 	.ds 8
                                     29 ;--------------------------------------------------------
                                     30 ; internal ram data
                                     31 ;--------------------------------------------------------
                                     32 	.area DSEG    (DATA)
                                     33 ;--------------------------------------------------------
                                     34 ; overlayable items in internal ram 
                                     35 ;--------------------------------------------------------
                                     36 ;--------------------------------------------------------
                                     37 ; indirectly addressable internal ram data
                                     38 ;--------------------------------------------------------
                                     39 	.area ISEG    (DATA)
                                     40 ;--------------------------------------------------------
                                     41 ; absolute internal ram data
                                     42 ;--------------------------------------------------------
                                     43 	.area IABS    (ABS,DATA)
                                     44 	.area IABS    (ABS,DATA)
                                     45 ;--------------------------------------------------------
                                     46 ; bit data
                                     47 ;--------------------------------------------------------
                                     48 	.area BSEG    (BIT)
                                     49 ;--------------------------------------------------------
                                     50 ; paged external ram data
                                     51 ;--------------------------------------------------------
                                     52 	.area PSEG    (PAG,XDATA)
                                     53 ;--------------------------------------------------------
                                     54 ; external ram data
                                     55 ;--------------------------------------------------------
                                     56 	.area XSEG    (XDATA)
                                     57 ;--------------------------------------------------------
                                     58 ; absolute external ram data
                                     59 ;--------------------------------------------------------
                                     60 	.area XABS    (ABS,XDATA)
                                     61 ;--------------------------------------------------------
                                     62 ; external initialized ram data
                                     63 ;--------------------------------------------------------
                                     64 	.area XISEG   (XDATA)
                                     65 	.area HOME    (CODE)
                                     66 	.area GSINIT0 (CODE)
                                     67 	.area GSINIT1 (CODE)
                                     68 	.area GSINIT2 (CODE)
                                     69 	.area GSINIT3 (CODE)
                                     70 	.area GSINIT4 (CODE)
                                     71 	.area GSINIT5 (CODE)
                                     72 	.area GSINIT  (CODE)
                                     73 	.area GSFINAL (CODE)
                                     74 	.area CSEG    (CODE)
                                     75 ;--------------------------------------------------------
                                     76 ; global & static initialisations
                                     77 ;--------------------------------------------------------
                                     78 	.area HOME    (CODE)
                                     79 	.area GSINIT  (CODE)
                                     80 	.area GSFINAL (CODE)
                                     81 	.area GSINIT  (CODE)
                                     82 ;--------------------------------------------------------
                                     83 ; Home
                                     84 ;--------------------------------------------------------
                                     85 	.area HOME    (CODE)
                                     86 	.area HOME    (CODE)
                                     87 ;--------------------------------------------------------
                                     88 ; code
                                     89 ;--------------------------------------------------------
                                     90 	.area CSEG    (CODE)
                                     91 ;------------------------------------------------------------
                                     92 ;Allocation info for local variables in function 'Delay_Do'
                                     93 ;------------------------------------------------------------
                                     94 ;	./src/delay_func.c:3: void Delay_Do(void) {
                                     95 ;	-----------------------------------------
                                     96 ;	 function Delay_Do
                                     97 ;	-----------------------------------------
      000000                         98 _Delay_Do:
                           000007    99 	ar7 = 0x07
                           000006   100 	ar6 = 0x06
                           000005   101 	ar5 = 0x05
                           000004   102 	ar4 = 0x04
                           000003   103 	ar3 = 0x03
                           000002   104 	ar2 = 0x02
                           000001   105 	ar1 = 0x01
                           000000   106 	ar0 = 0x00
                                    107 ;	./src/delay_func.c:28: __endasm;
      000000                        108 	 DELAY_Do:
      000000 7E 0A            [12]  109 	MOV	R6,#10
      000002                        110 	 DELAY_Do_DL1:
      000002 7F 13            [12]  111 	MOV	R7,#19
      000004                        112 	 STEP1:
      000004 DF FE            [24]  113 	DJNZ	R7,STEP1
      000006 DE FA            [24]  114 	DJNZ	R6,DELAY_Do_DL1
      000008 7F 0D            [12]  115 	MOV	R7,#13
      00000A                        116 	 STEP2:
      00000A DF FE            [24]  117 	DJNZ	R7,STEP2
      00000C 22               [24]  118 	RET
                                    119 ;	./src/delay_func.c:30: }
      00000D 22               [24]  120 	ret
                                    121 ;------------------------------------------------------------
                                    122 ;Allocation info for local variables in function 'Delay_Re'
                                    123 ;------------------------------------------------------------
                                    124 ;	./src/delay_func.c:32: void Delay_Re(void) {
                                    125 ;	-----------------------------------------
                                    126 ;	 function Delay_Re
                                    127 ;	-----------------------------------------
      00000E                        128 _Delay_Re:
                                    129 ;	./src/delay_func.c:57: __endasm;
      00000E                        130 	 DELAY_RE:
      00000E 7E 0A            [12]  131 	MOV	R6,#10
      000010                        132 	 DELAY_RE_DL1:
      000010 7F 11            [12]  133 	MOV	R7,#17
      000012                        134 	 STEP3:
      000012 DF FE            [24]  135 	DJNZ	R7,STEP3
      000014 DE FA            [24]  136 	DJNZ	R6,DELAY_RE_DL1
      000016 7F 09            [12]  137 	MOV	R7,#9
      000018                        138 	 STEP4:
      000018 DF FE            [24]  139 	DJNZ	R7,STEP4
      00001A 22               [24]  140 	RET
                                    141 ;	./src/delay_func.c:58: }
      00001B 22               [24]  142 	ret
                                    143 ;------------------------------------------------------------
                                    144 ;Allocation info for local variables in function 'Delay_Mi'
                                    145 ;------------------------------------------------------------
                                    146 ;	./src/delay_func.c:60: void Delay_Mi(void) {
                                    147 ;	-----------------------------------------
                                    148 ;	 function Delay_Mi
                                    149 ;	-----------------------------------------
      00001C                        150 _Delay_Mi:
                                    151 ;	./src/delay_func.c:85: __endasm;
      00001C                        152 	 DELAY_MI:
      00001C 7E 0A            [12]  153 	MOV	R6,#10
      00001E                        154 	 DELAY_MI_DL1:
      00001E 7F 0F            [12]  155 	MOV	R7,#15
      000020                        156 	 STEP5:
      000020 DF FE            [24]  157 	DJNZ	R7,STEP5
      000022 DE FA            [24]  158 	DJNZ	R6,DELAY_MI_DL1
      000024 7F 07            [12]  159 	MOV	R7,#7
      000026                        160 	 STEP6:
      000026 DF FE            [24]  161 	DJNZ	R7,STEP6
      000028 22               [24]  162 	RET
                                    163 ;	./src/delay_func.c:86: }
      000029 22               [24]  164 	ret
                                    165 	.area CSEG    (CODE)
                                    166 	.area CONST   (CODE)
                                    167 	.area XINIT   (CODE)
                                    168 	.area CABS    (ABS,CODE)
