ASxxxx Linker V03.00 + NoICE + sdld,  page 1.
Hexadecimal  [32-Bits]

Area                                    Addr        Size        Decimal Bytes (Attributes)
--------------------------------        ----        ----        ------- ----- ------------
CABS                                00000000    00000000 =           0. bytes (ABS,CON,CODE)

      Value  Global                              Global Defined In Module
      -----  --------------------------------   ------------------------
C:   00000000  l_BIT_BANK                      
C:   00000000  l_BSEG                          
C:   00000000  l_BSEG_BYTES                    
C:   00000000  l_CABS                          
C:   00000000  l_CONST                         
C:   00000000  l_GSINIT1                       
C:   00000000  l_GSINIT5                       
C:   00000000  l_IABS                          
C:   00000000  l_ISEG                          
C:   00000000  l_PSEG                          
C:   00000000  l_REG_BANK_1                    
C:   00000000  l_REG_BANK_2                    
C:   00000000  l_REG_BANK_3                    
C:   00000000  l_RSEG                          
C:   00000000  l_RSEG0                         
C:   00000000  l_RSEG1                         
C:   00000000  l_XABS                          
C:   00000000  l_XINIT                         
C:   00000000  l_XISEG                         
C:   00000000  l_XSEG                          
C:   00000000  l__CODE                         
C:   00000000  s_BSEG                          
C:   00000000  s_CABS                          
C:   00000000  s_DSEG                          
C:   00000000  s_HOME                          
C:   00000000  s_IABS                          
C:   00000000  s_ISEG                          
C:   00000000  s_REG_BANK_0                    
C:   00000000  s_RSEG                          
C:   00000000  s_RSEG0                         
C:   00000000  s_RSEG1                         
C:   00000000  s_XABS                          
C:   00000001  l_OSEG                          
C:   00000001  s_PSEG                          
C:   00000001  s_XISEG                         
C:   00000001  s_XSEG                          
C:   00000003  l_GSFINAL                       
C:   00000003  l_GSINIT0                       
C:   00000008  l_REG_BANK_0                    
C:   00000008  s_REG_BANK_1                    
C:   0000000A  l_GSINIT2                       
C:   00000010  s_REG_BANK_2                    
C:   00000018  s_BIT_BANK                      
C:   00000018  s_REG_BANK_3                    
C:   00000020  s_BSEG_BYTES                    
C:   00000020  s__CODE                         
C:   00000022  l_GSINIT3                       
C:   00000029  l_HOME                          
C:   00000029  s_GSINIT0                       
C:   0000002A  l_GSINIT4                       
ASxxxx Linker V03.00 + NoICE + sdld,  page 2.
Hexadecimal  [32-Bits]

Area                                    Addr        Size        Decimal Bytes (Attributes)
--------------------------------        ----        ----        ------- ----- ------------
CABS                                00000000    00000000 =           0. bytes (ABS,CON,CODE)

      Value  Global                              Global Defined In Module
      -----  --------------------------------   ------------------------
C:   0000002C  s_GSINIT1                       
C:   0000002C  s_GSINIT2                       
C:   0000002C  s_OSEG                          
C:   0000002D  s_SSEG                          
C:   00000036  s_GSINIT3                       
C:   00000058  s_GSINIT4                       
C:   0000005D  l_GSINIT                        
C:   00000080  l_DSEG                          
C:   00000082  s_GSINIT                        
C:   00000082  s_GSINIT5                       
C:   000000D3  l_SSEG                          
C:   000000DF  s_GSFINAL                       
C:   000000E2  s_CSEG                          
C:   00000100  l_IRAM                          
C:   0000027A  l_CSEG                          
C:   0000035C  s_CONST                         
C:   0000035C  s_XINIT                         

ASxxxx Linker V03.00 + NoICE + sdld,  page 3.
Hexadecimal  [32-Bits]

Area                                    Addr        Size        Decimal Bytes (Attributes)
--------------------------------        ----        ----        ------- ----- ------------
.  .ABS.                            00000000    00000000 =           0. bytes (ABS,CON)

      Value  Global                              Global Defined In Module
      -----  --------------------------------   ------------------------
     00000000  .__.ABS.                           _startup
     00000080  _P0                                write7219
     00000080  _P0_0                              write7219
     00000081  _P0_1                              write7219
     00000081  _SP                                write7219
     00000082  _DPL                               write7219
     00000082  _P0_2                              write7219
     00000083  _DPH                               write7219
     00000083  _P0_3                              write7219
     00000084  _P0_4                              write7219
     00000085  _P0_5                              write7219
     00000086  _P0_6                              write7219
     00000087  _P0_7                              write7219
     00000087  _PCON                              write7219
     00000088  _IT0                               write7219
     00000088  _TCON                              write7219
     00000089  _IE0                               write7219
     00000089  _TMOD                              write7219
     0000008A  _IT1                               write7219
     0000008A  _TL0                               write7219
     0000008B  _IE1                               write7219
     0000008B  _TL1                               write7219
     0000008C  _TH0                               write7219
     0000008C  _TR0                               write7219
     0000008D  _TF0                               write7219
     0000008D  _TH1                               write7219
     0000008E  _TR1                               write7219
     0000008F  _TF1                               write7219
     00000090  _P1                                write7219
     00000090  _P1_0                              write7219
     00000091  _P1_1                              write7219
     00000092  _P1_2                              write7219
     00000093  _P1_3                              write7219
     00000094  _P1_4                              write7219
     00000095  _P1_5                              write7219
     00000096  _P1_6                              write7219
     00000097  _P1_7                              write7219
     00000098  _RI                                write7219
     00000098  _SCON                              write7219
     00000099  _SBUF                              write7219
     00000099  _TI                                write7219
     0000009A  _RB8                               write7219
     0000009B  _TB8                               write7219
     0000009C  _REN                               write7219
     0000009D  _SM2                               write7219
     0000009E  _SM1                               write7219
     0000009F  _SM0                               write7219
     000000A0  _P2                                write7219
     000000A0  _P2_0                              write7219
     000000A0  __XPAGE                            
ASxxxx Linker V03.00 + NoICE + sdld,  page 4.
Hexadecimal  [32-Bits]

Area                                    Addr        Size        Decimal Bytes (Attributes)
--------------------------------        ----        ----        ------- ----- ------------
.  .ABS.                            00000000    00000000 =           0. bytes (ABS,CON)

      Value  Global                              Global Defined In Module
      -----  --------------------------------   ------------------------
     000000A1  _P2_1                              write7219
     000000A2  _P2_2                              write7219
     000000A3  _P2_3                              write7219
     000000A4  _P2_4                              write7219
     000000A5  _P2_5                              write7219
     000000A6  _P2_6                              write7219
     000000A7  _P2_7                              write7219
     000000A8  _EX0                               write7219
     000000A8  _IE                                write7219
     000000A9  _ET0                               write7219
     000000AA  _EX1                               write7219
     000000AB  _ET1                               write7219
     000000AC  _ES                                write7219
     000000AF  _EA                                write7219
     000000B0  _P3                                write7219
     000000B0  _P3_0                              write7219
     000000B0  _RXD                               write7219
     000000B1  _P3_1                              write7219
     000000B1  _TXD                               write7219
     000000B2  _INT0                              write7219
     000000B2  _P3_2                              write7219
     000000B3  _INT1                              write7219
     000000B3  _P3_3                              write7219
     000000B4  _P3_4                              write7219
     000000B4  _T0                                write7219
     000000B5  _P3_5                              write7219
     000000B5  _T1                                write7219
     000000B6  _P3_6                              write7219
     000000B6  _WR                                write7219
     000000B7  _P3_7                              write7219
     000000B7  _RD                                write7219
     000000B8  _IP                                write7219
     000000B8  _PX0                               write7219
     000000B9  _PT0                               write7219
     000000BA  _PX1                               write7219
     000000BB  _PT1                               write7219
     000000BC  _PS                                write7219
     000000D0  _P                                 write7219
     000000D0  _PSW                               write7219
     000000D1  _F1                                write7219
     000000D2  _OV                                write7219
     000000D3  _RS0                               write7219
     000000D4  _RS1                               write7219
     000000D5  _F0                                write7219
     000000D6  _AC                                write7219
     000000D7  _CY                                write7219
     000000E0  _ACC                               write7219
     000000F0  _B                                 write7219

ASxxxx Linker V03.00 + NoICE + sdld,  page 5.
Hexadecimal  [32-Bits]

Area                                    Addr        Size        Decimal Bytes (Attributes)
--------------------------------        ----        ----        ------- ----- ------------
REG_BANK_0                          00000000    00000008 =           8. bytes (REL,OVR)

      Value  Global                              Global Defined In Module
      -----  --------------------------------   ------------------------
ASxxxx Linker V03.00 + NoICE + sdld,  page 6.
Hexadecimal  [32-Bits]

Area                                    Addr        Size        Decimal Bytes (Attributes)
--------------------------------        ----        ----        ------- ----- ------------
DSEG                                00000000    00000080 =         128. bytes (REL,CON)

      Value  Global                              Global Defined In Module
      -----  --------------------------------   ------------------------
     00000008  _received_data                     main
     00000009  _received_flag                     main
     0000000A  _send_data                         main
     0000000B  _send_flag                         main
     0000000C  _seg                               main
     00000016  _idx_table                         main
     0000001F  _send_num                          main
     00000029  _Write7219_PARM_2                  write7219
     0000002A  _Writesingle7219_PARM_2            write7219
     0000002B  _Writesingle7219_PARM_3            write7219

ASxxxx Linker V03.00 + NoICE + sdld,  page 7.
Hexadecimal  [32-Bits]

Area                                    Addr        Size        Decimal Bytes (Attributes)
--------------------------------        ----        ----        ------- ----- ------------
OSEG                                0000002C    00000001 =           1. bytes (REL,OVR)

      Value  Global                              Global Defined In Module
      -----  --------------------------------   ------------------------
     0000002C  _sendbyte_PARM_2                   write7219

ASxxxx Linker V03.00 + NoICE + sdld,  page 8.
Hexadecimal  [32-Bits]

Area                                    Addr        Size        Decimal Bytes (Attributes)
--------------------------------        ----        ----        ------- ----- ------------
SSEG                                0000002D    000000D3 =         211. bytes (REL,OVR)

      Value  Global                              Global Defined In Module
      -----  --------------------------------   ------------------------
     0000002D  __start__stack                     main

ASxxxx Linker V03.00 + NoICE + sdld,  page 9.
Hexadecimal  [32-Bits]

Area                                    Addr        Size        Decimal Bytes (Attributes)
--------------------------------        ----        ----        ------- ----- ------------
HOME                                00000000    00000029 =          41. bytes (REL,CON,CODE)

      Value  Global                              Global Defined In Module
      -----  --------------------------------   ------------------------
C:   00000026  __sdcc_program_startup             main

ASxxxx Linker V03.00 + NoICE + sdld,  page 10.
Hexadecimal  [32-Bits]

Area                                    Addr        Size        Decimal Bytes (Attributes)
--------------------------------        ----        ----        ------- ----- ------------
GSINIT0                             00000029    00000003 =           3. bytes (REL,CON,CODE)

      Value  Global                              Global Defined In Module
      -----  --------------------------------   ------------------------
C:   00000029  __sdcc_gsinit_startup              

ASxxxx Linker V03.00 + NoICE + sdld,  page 11.
Hexadecimal  [32-Bits]

Area                                    Addr        Size        Decimal Bytes (Attributes)
--------------------------------        ----        ----        ------- ----- ------------
GSINIT2                             0000002C    0000000A =          10. bytes (REL,CON,CODE)

      Value  Global                              Global Defined In Module
      -----  --------------------------------   ------------------------
ASxxxx Linker V03.00 + NoICE + sdld,  page 12.
Hexadecimal  [32-Bits]

Area                                    Addr        Size        Decimal Bytes (Attributes)
--------------------------------        ----        ----        ------- ----- ------------
GSINIT3                             00000036    00000022 =          34. bytes (REL,CON,CODE)

      Value  Global                              Global Defined In Module
      -----  --------------------------------   ------------------------
C:   00000036  __mcs51_genXINIT                   

ASxxxx Linker V03.00 + NoICE + sdld,  page 13.
Hexadecimal  [32-Bits]

Area                                    Addr        Size        Decimal Bytes (Attributes)
--------------------------------        ----        ----        ------- ----- ------------
GSINIT4                             00000058    0000002A =          42. bytes (REL,CON,CODE)

      Value  Global                              Global Defined In Module
      -----  --------------------------------   ------------------------
C:   00000058  __mcs51_genRAMCLEAR                
C:   0000005E  __mcs51_genXRAMCLEAR               

ASxxxx Linker V03.00 + NoICE + sdld,  page 14.
Hexadecimal  [32-Bits]

Area                                    Addr        Size        Decimal Bytes (Attributes)
--------------------------------        ----        ----        ------- ----- ------------
GSINIT                              00000082    0000005D =          93. bytes (REL,CON,CODE)

      Value  Global                              Global Defined In Module
      -----  --------------------------------   ------------------------
ASxxxx Linker V03.00 + NoICE + sdld,  page 15.
Hexadecimal  [32-Bits]

Area                                    Addr        Size        Decimal Bytes (Attributes)
--------------------------------        ----        ----        ------- ----- ------------
GSFINAL                             000000DF    00000003 =           3. bytes (REL,CON,CODE)

      Value  Global                              Global Defined In Module
      -----  --------------------------------   ------------------------
ASxxxx Linker V03.00 + NoICE + sdld,  page 16.
Hexadecimal  [32-Bits]

Area                                    Addr        Size        Decimal Bytes (Attributes)
--------------------------------        ----        ----        ------- ----- ------------
CSEG                                000000E2    0000027A =         634. bytes (REL,CON,CODE)

      Value  Global                              Global Defined In Module
      -----  --------------------------------   ------------------------
C:   000000E2  _main                              main
C:   00000223  _UART_init                         main
C:   0000022F  _uart_isr                          main
C:   00000248  _Delay_Do                          main
C:   00000256  _delay_ms                          delay
C:   0000027D  _sendbyte                          write7219
C:   000002B4  _Write7219                         write7219
C:   000002D3  _Writesingle7219                   write7219
C:   00000316  _Initial7219                       write7219
C:   00000358  __sdcc_external_startup            _startup

ASxxxx Linker V03.00 + NoICE + sdld,  page 17.

Files Linked                              [ module(s) ]

main.rel                                  [  ]
delay.rel                                 [  ]
write7219.rel                             [  ]


Libraries Linked                          [ object file ]

d:\SDCC\bin\..\lib\small/mcs51.lib        [ crtclear.rel ]
d:\SDCC\bin\..\lib\small/mcs51.lib        [ crtxinit.rel ]
d:\SDCC\bin\..\lib\small/mcs51.lib        [ crtxclear.rel ]
d:\SDCC\bin\..\lib\small/mcs51.lib        [ crtpagesfr.rel ]
d:\SDCC\bin\..\lib\small/mcs51.lib        [ crtstart.rel ]
d:\SDCC\bin\..\lib\small/libsdcc.lib      [ _startup.rel ]

ASxxxx Linker V03.00 + NoICE + sdld,  page 18.

User Base Address Definitions

HOME = 0x0000
XSEG = 0x0001
PSEG = 0x0001
ISEG = 0x0000
BSEG = 0x0000

