                                      1 ;--------------------------------------------------------
                                      2 ; File Created by SDCC : free open source ANSI-C Compiler
                                      3 ; Version 4.1.0 #12072 (MINGW64)
                                      4 ;--------------------------------------------------------
                                      5 	.module main
                                      6 	.optsdcc -mmcs51 --model-small
                                      7 	
                                      8 ;--------------------------------------------------------
                                      9 ; Public variables in this module
                                     10 ;--------------------------------------------------------
                                     11 	.globl _main
                                     12 	.globl _Initial7219
                                     13 	.globl _Writesingle7219
                                     14 	.globl _delay_ms
                                     15 	.globl _readMPU6050_GyroData
                                     16 	.globl _readMPU6050_AccelData
                                     17 	.globl _MPU6050_INIT
                                     18 	.globl _OLED_SetCursor
                                     19 	.globl _OLED_DisplayString
                                     20 	.globl _OLED_DisplayChar
                                     21 	.globl _OLED_Init
                                     22 	.globl _CY
                                     23 	.globl _AC
                                     24 	.globl _F0
                                     25 	.globl _RS1
                                     26 	.globl _RS0
                                     27 	.globl _OV
                                     28 	.globl _F1
                                     29 	.globl _P
                                     30 	.globl _PS
                                     31 	.globl _PT1
                                     32 	.globl _PX1
                                     33 	.globl _PT0
                                     34 	.globl _PX0
                                     35 	.globl _RD
                                     36 	.globl _WR
                                     37 	.globl _T1
                                     38 	.globl _T0
                                     39 	.globl _INT1
                                     40 	.globl _INT0
                                     41 	.globl _TXD
                                     42 	.globl _RXD
                                     43 	.globl _P3_7
                                     44 	.globl _P3_6
                                     45 	.globl _P3_5
                                     46 	.globl _P3_4
                                     47 	.globl _P3_3
                                     48 	.globl _P3_2
                                     49 	.globl _P3_1
                                     50 	.globl _P3_0
                                     51 	.globl _EA
                                     52 	.globl _ES
                                     53 	.globl _ET1
                                     54 	.globl _EX1
                                     55 	.globl _ET0
                                     56 	.globl _EX0
                                     57 	.globl _P2_7
                                     58 	.globl _P2_6
                                     59 	.globl _P2_5
                                     60 	.globl _P2_4
                                     61 	.globl _P2_3
                                     62 	.globl _P2_2
                                     63 	.globl _P2_1
                                     64 	.globl _P2_0
                                     65 	.globl _SM0
                                     66 	.globl _SM1
                                     67 	.globl _SM2
                                     68 	.globl _REN
                                     69 	.globl _TB8
                                     70 	.globl _RB8
                                     71 	.globl _TI
                                     72 	.globl _RI
                                     73 	.globl _P1_7
                                     74 	.globl _P1_6
                                     75 	.globl _P1_5
                                     76 	.globl _P1_4
                                     77 	.globl _P1_3
                                     78 	.globl _P1_2
                                     79 	.globl _P1_1
                                     80 	.globl _P1_0
                                     81 	.globl _TF1
                                     82 	.globl _TR1
                                     83 	.globl _TF0
                                     84 	.globl _TR0
                                     85 	.globl _IE1
                                     86 	.globl _IT1
                                     87 	.globl _IE0
                                     88 	.globl _IT0
                                     89 	.globl _P0_7
                                     90 	.globl _P0_6
                                     91 	.globl _P0_5
                                     92 	.globl _P0_4
                                     93 	.globl _P0_3
                                     94 	.globl _P0_2
                                     95 	.globl _P0_1
                                     96 	.globl _P0_0
                                     97 	.globl _B
                                     98 	.globl _ACC
                                     99 	.globl _PSW
                                    100 	.globl _IP
                                    101 	.globl _P3
                                    102 	.globl _IE
                                    103 	.globl _P2
                                    104 	.globl _SBUF
                                    105 	.globl _SCON
                                    106 	.globl _P1
                                    107 	.globl _TH1
                                    108 	.globl _TH0
                                    109 	.globl _TL1
                                    110 	.globl _TL0
                                    111 	.globl _TMOD
                                    112 	.globl _TCON
                                    113 	.globl _PCON
                                    114 	.globl _DPH
                                    115 	.globl _DPL
                                    116 	.globl _SP
                                    117 	.globl _P0
                                    118 	.globl _patt
                                    119 	.globl _gyro_data
                                    120 	.globl _accel_data
                                    121 	.globl _i
                                    122 	.globl _data_buf
                                    123 ;--------------------------------------------------------
                                    124 ; special function registers
                                    125 ;--------------------------------------------------------
                                    126 	.area RSEG    (ABS,DATA)
      000000                        127 	.org 0x0000
                           000080   128 _P0	=	0x0080
                           000081   129 _SP	=	0x0081
                           000082   130 _DPL	=	0x0082
                           000083   131 _DPH	=	0x0083
                           000087   132 _PCON	=	0x0087
                           000088   133 _TCON	=	0x0088
                           000089   134 _TMOD	=	0x0089
                           00008A   135 _TL0	=	0x008a
                           00008B   136 _TL1	=	0x008b
                           00008C   137 _TH0	=	0x008c
                           00008D   138 _TH1	=	0x008d
                           000090   139 _P1	=	0x0090
                           000098   140 _SCON	=	0x0098
                           000099   141 _SBUF	=	0x0099
                           0000A0   142 _P2	=	0x00a0
                           0000A8   143 _IE	=	0x00a8
                           0000B0   144 _P3	=	0x00b0
                           0000B8   145 _IP	=	0x00b8
                           0000D0   146 _PSW	=	0x00d0
                           0000E0   147 _ACC	=	0x00e0
                           0000F0   148 _B	=	0x00f0
                                    149 ;--------------------------------------------------------
                                    150 ; special function bits
                                    151 ;--------------------------------------------------------
                                    152 	.area RSEG    (ABS,DATA)
      000000                        153 	.org 0x0000
                           000080   154 _P0_0	=	0x0080
                           000081   155 _P0_1	=	0x0081
                           000082   156 _P0_2	=	0x0082
                           000083   157 _P0_3	=	0x0083
                           000084   158 _P0_4	=	0x0084
                           000085   159 _P0_5	=	0x0085
                           000086   160 _P0_6	=	0x0086
                           000087   161 _P0_7	=	0x0087
                           000088   162 _IT0	=	0x0088
                           000089   163 _IE0	=	0x0089
                           00008A   164 _IT1	=	0x008a
                           00008B   165 _IE1	=	0x008b
                           00008C   166 _TR0	=	0x008c
                           00008D   167 _TF0	=	0x008d
                           00008E   168 _TR1	=	0x008e
                           00008F   169 _TF1	=	0x008f
                           000090   170 _P1_0	=	0x0090
                           000091   171 _P1_1	=	0x0091
                           000092   172 _P1_2	=	0x0092
                           000093   173 _P1_3	=	0x0093
                           000094   174 _P1_4	=	0x0094
                           000095   175 _P1_5	=	0x0095
                           000096   176 _P1_6	=	0x0096
                           000097   177 _P1_7	=	0x0097
                           000098   178 _RI	=	0x0098
                           000099   179 _TI	=	0x0099
                           00009A   180 _RB8	=	0x009a
                           00009B   181 _TB8	=	0x009b
                           00009C   182 _REN	=	0x009c
                           00009D   183 _SM2	=	0x009d
                           00009E   184 _SM1	=	0x009e
                           00009F   185 _SM0	=	0x009f
                           0000A0   186 _P2_0	=	0x00a0
                           0000A1   187 _P2_1	=	0x00a1
                           0000A2   188 _P2_2	=	0x00a2
                           0000A3   189 _P2_3	=	0x00a3
                           0000A4   190 _P2_4	=	0x00a4
                           0000A5   191 _P2_5	=	0x00a5
                           0000A6   192 _P2_6	=	0x00a6
                           0000A7   193 _P2_7	=	0x00a7
                           0000A8   194 _EX0	=	0x00a8
                           0000A9   195 _ET0	=	0x00a9
                           0000AA   196 _EX1	=	0x00aa
                           0000AB   197 _ET1	=	0x00ab
                           0000AC   198 _ES	=	0x00ac
                           0000AF   199 _EA	=	0x00af
                           0000B0   200 _P3_0	=	0x00b0
                           0000B1   201 _P3_1	=	0x00b1
                           0000B2   202 _P3_2	=	0x00b2
                           0000B3   203 _P3_3	=	0x00b3
                           0000B4   204 _P3_4	=	0x00b4
                           0000B5   205 _P3_5	=	0x00b5
                           0000B6   206 _P3_6	=	0x00b6
                           0000B7   207 _P3_7	=	0x00b7
                           0000B0   208 _RXD	=	0x00b0
                           0000B1   209 _TXD	=	0x00b1
                           0000B2   210 _INT0	=	0x00b2
                           0000B3   211 _INT1	=	0x00b3
                           0000B4   212 _T0	=	0x00b4
                           0000B5   213 _T1	=	0x00b5
                           0000B6   214 _WR	=	0x00b6
                           0000B7   215 _RD	=	0x00b7
                           0000B8   216 _PX0	=	0x00b8
                           0000B9   217 _PT0	=	0x00b9
                           0000BA   218 _PX1	=	0x00ba
                           0000BB   219 _PT1	=	0x00bb
                           0000BC   220 _PS	=	0x00bc
                           0000D0   221 _P	=	0x00d0
                           0000D1   222 _F1	=	0x00d1
                           0000D2   223 _OV	=	0x00d2
                           0000D3   224 _RS0	=	0x00d3
                           0000D4   225 _RS1	=	0x00d4
                           0000D5   226 _F0	=	0x00d5
                           0000D6   227 _AC	=	0x00d6
                           0000D7   228 _CY	=	0x00d7
                                    229 ;--------------------------------------------------------
                                    230 ; overlayable register banks
                                    231 ;--------------------------------------------------------
                                    232 	.area REG_BANK_0	(REL,OVR,DATA)
      000000                        233 	.ds 8
                                    234 ;--------------------------------------------------------
                                    235 ; internal ram data
                                    236 ;--------------------------------------------------------
                                    237 	.area DSEG    (DATA)
      000000                        238 _data_buf::
      000000                        239 	.ds 2
      000002                        240 _i::
      000002                        241 	.ds 1
      000003                        242 _accel_data::
      000003                        243 	.ds 6
      000009                        244 _gyro_data::
      000009                        245 	.ds 6
      00000F                        246 _patt::
      00000F                        247 	.ds 1
      000010                        248 _main_seg_65536_37:
      000010                        249 	.ds 9
                                    250 ;--------------------------------------------------------
                                    251 ; overlayable items in internal ram 
                                    252 ;--------------------------------------------------------
                                    253 ;--------------------------------------------------------
                                    254 ; Stack segment in internal ram 
                                    255 ;--------------------------------------------------------
                                    256 	.area	SSEG
      000000                        257 __start__stack:
      000000                        258 	.ds	1
                                    259 
                                    260 ;--------------------------------------------------------
                                    261 ; indirectly addressable internal ram data
                                    262 ;--------------------------------------------------------
                                    263 	.area ISEG    (DATA)
                                    264 ;--------------------------------------------------------
                                    265 ; absolute internal ram data
                                    266 ;--------------------------------------------------------
                                    267 	.area IABS    (ABS,DATA)
                                    268 	.area IABS    (ABS,DATA)
                                    269 ;--------------------------------------------------------
                                    270 ; bit data
                                    271 ;--------------------------------------------------------
                                    272 	.area BSEG    (BIT)
                                    273 ;--------------------------------------------------------
                                    274 ; paged external ram data
                                    275 ;--------------------------------------------------------
                                    276 	.area PSEG    (PAG,XDATA)
                                    277 ;--------------------------------------------------------
                                    278 ; external ram data
                                    279 ;--------------------------------------------------------
                                    280 	.area XSEG    (XDATA)
                                    281 ;--------------------------------------------------------
                                    282 ; absolute external ram data
                                    283 ;--------------------------------------------------------
                                    284 	.area XABS    (ABS,XDATA)
                                    285 ;--------------------------------------------------------
                                    286 ; external initialized ram data
                                    287 ;--------------------------------------------------------
                                    288 	.area XISEG   (XDATA)
                                    289 	.area HOME    (CODE)
                                    290 	.area GSINIT0 (CODE)
                                    291 	.area GSINIT1 (CODE)
                                    292 	.area GSINIT2 (CODE)
                                    293 	.area GSINIT3 (CODE)
                                    294 	.area GSINIT4 (CODE)
                                    295 	.area GSINIT5 (CODE)
                                    296 	.area GSINIT  (CODE)
                                    297 	.area GSFINAL (CODE)
                                    298 	.area CSEG    (CODE)
                                    299 ;--------------------------------------------------------
                                    300 ; interrupt vector 
                                    301 ;--------------------------------------------------------
                                    302 	.area HOME    (CODE)
      000000                        303 __interrupt_vect:
      000000 02r00r00         [24]  304 	ljmp	__sdcc_gsinit_startup
                                    305 ;--------------------------------------------------------
                                    306 ; global & static initialisations
                                    307 ;--------------------------------------------------------
                                    308 	.area HOME    (CODE)
                                    309 	.area GSINIT  (CODE)
                                    310 	.area GSFINAL (CODE)
                                    311 	.area GSINIT  (CODE)
                                    312 	.globl __sdcc_gsinit_startup
                                    313 	.globl __sdcc_program_startup
                                    314 	.globl __start__stack
                                    315 	.globl __mcs51_genXINIT
                                    316 	.globl __mcs51_genXRAMCLEAR
                                    317 	.globl __mcs51_genRAMCLEAR
                                    318 ;	./src/main.c:37: char i = 0;
      000000 75*02 00         [24]  319 	mov	_i,#0x00
                                    320 ;	./src/main.c:39: int accel_data[3] = {0, 0, 0};  // Stores the 16-bit signed accelerometer sensor output
      000003 E4               [12]  321 	clr	a
      000004 F5*03            [12]  322 	mov	(_accel_data + 0),a
      000006 F5*04            [12]  323 	mov	(_accel_data + 1),a
      000008 F5*05            [12]  324 	mov	((_accel_data + 0x0002) + 0),a
      00000A F5*06            [12]  325 	mov	((_accel_data + 0x0002) + 1),a
      00000C F5*07            [12]  326 	mov	((_accel_data + 0x0004) + 0),a
      00000E F5*08            [12]  327 	mov	((_accel_data + 0x0004) + 1),a
                                    328 ;	./src/main.c:40: int gyro_data[3] = {0, 0, 0};   // Stores the 16-bit signed gyro sensor output
      000010 F5*09            [12]  329 	mov	(_gyro_data + 0),a
      000012 F5*0A            [12]  330 	mov	(_gyro_data + 1),a
      000014 F5*0B            [12]  331 	mov	((_gyro_data + 0x0002) + 0),a
      000016 F5*0C            [12]  332 	mov	((_gyro_data + 0x0002) + 1),a
      000018 F5*0D            [12]  333 	mov	((_gyro_data + 0x0004) + 0),a
      00001A F5*0E            [12]  334 	mov	((_gyro_data + 0x0004) + 1),a
                                    335 ;	./src/main.c:41: unsigned char patt = 0x80;	//led value
      00001C 75*0F 80         [24]  336 	mov	_patt,#0x80
                                    337 	.area GSFINAL (CODE)
      000000 02r00r03         [24]  338 	ljmp	__sdcc_program_startup
                                    339 ;--------------------------------------------------------
                                    340 ; Home
                                    341 ;--------------------------------------------------------
                                    342 	.area HOME    (CODE)
                                    343 	.area HOME    (CODE)
      000003                        344 __sdcc_program_startup:
      000003 02r00r00         [24]  345 	ljmp	_main
                                    346 ;	return from main will return to caller
                                    347 ;--------------------------------------------------------
                                    348 ; code
                                    349 ;--------------------------------------------------------
                                    350 	.area CSEG    (CODE)
                                    351 ;------------------------------------------------------------
                                    352 ;Allocation info for local variables in function 'main'
                                    353 ;------------------------------------------------------------
                                    354 ;seg                       Allocated with name '_main_seg_65536_37'
                                    355 ;------------------------------------------------------------
                                    356 ;	./src/main.c:44: void main(void)
                                    357 ;	-----------------------------------------
                                    358 ;	 function main
                                    359 ;	-----------------------------------------
      000000                        360 _main:
                           000007   361 	ar7 = 0x07
                           000006   362 	ar6 = 0x06
                           000005   363 	ar5 = 0x05
                           000004   364 	ar4 = 0x04
                           000003   365 	ar3 = 0x03
                           000002   366 	ar2 = 0x02
                           000001   367 	ar1 = 0x01
                           000000   368 	ar0 = 0x00
                                    369 ;	./src/main.c:45: {	unsigned char seg[] = {
      000000 75*10 00         [24]  370 	mov	_main_seg_65536_37,#0x00
      000003 75*11 00         [24]  371 	mov	(_main_seg_65536_37 + 0x0001),#0x00
      000006 75*12 00         [24]  372 	mov	(_main_seg_65536_37 + 0x0002),#0x00
      000009 75*13 00         [24]  373 	mov	(_main_seg_65536_37 + 0x0003),#0x00
      00000C 75*14 00         [24]  374 	mov	(_main_seg_65536_37 + 0x0004),#0x00
      00000F 75*15 00         [24]  375 	mov	(_main_seg_65536_37 + 0x0005),#0x00
      000012 75*16 00         [24]  376 	mov	(_main_seg_65536_37 + 0x0006),#0x00
      000015 75*17 00         [24]  377 	mov	(_main_seg_65536_37 + 0x0007),#0x00
      000018 75*18 00         [24]  378 	mov	(_main_seg_65536_37 + 0x0008),#0x00
                                    379 ;	./src/main.c:56: Initial7219();	
      00001B 12r00r00         [24]  380 	lcall	_Initial7219
                                    381 ;	./src/main.c:57: SDA = 1;
                                    382 ;	assignBit
      00001E D2 81            [12]  383 	setb	_P0_1
                                    384 ;	./src/main.c:58: SCL = 1;
                                    385 ;	assignBit
      000020 D2 80            [12]  386 	setb	_P0_0
                                    387 ;	./src/main.c:59: OLED_Init();		  // Check oled_i2c.c file for SCL,SDA pin connection
      000022 12r00r00         [24]  388 	lcall	_OLED_Init
                                    389 ;	./src/main.c:60: MPU6050_INIT();
      000025 12r00r00         [24]  390 	lcall	_MPU6050_INIT
                                    391 ;	./src/main.c:62: OLED_SetCursor(0,0);  // Set cursor at 0th-line 0th-Position
      000028 75*00 00         [24]  392 	mov	_OLED_SetCursor_PARM_2,#0x00
      00002B 75 82 00         [24]  393 	mov	dpl,#0x00
      00002E 12r00r00         [24]  394 	lcall	_OLED_SetCursor
                                    395 ;	./src/main.c:64: OLED_SetCursor(2, 0);  
      000031 75*00 00         [24]  396 	mov	_OLED_SetCursor_PARM_2,#0x00
      000034 75 82 02         [24]  397 	mov	dpl,#0x02
      000037 12r00r00         [24]  398 	lcall	_OLED_SetCursor
                                    399 ;	./src/main.c:65: OLED_DisplayString("AX ");
      00003A 90r00r00         [24]  400 	mov	dptr,#___str_0
      00003D 75 F0 80         [24]  401 	mov	b,#0x80
      000040 12r00r00         [24]  402 	lcall	_OLED_DisplayString
                                    403 ;	./src/main.c:66: OLED_SetCursor(3, 0);  
      000043 75*00 00         [24]  404 	mov	_OLED_SetCursor_PARM_2,#0x00
      000046 75 82 03         [24]  405 	mov	dpl,#0x03
      000049 12r00r00         [24]  406 	lcall	_OLED_SetCursor
                                    407 ;	./src/main.c:67: OLED_DisplayString("AY ");
      00004C 90r00r04         [24]  408 	mov	dptr,#___str_1
      00004F 75 F0 80         [24]  409 	mov	b,#0x80
      000052 12r00r00         [24]  410 	lcall	_OLED_DisplayString
                                    411 ;	./src/main.c:68: OLED_SetCursor(4, 0);  
      000055 75*00 00         [24]  412 	mov	_OLED_SetCursor_PARM_2,#0x00
      000058 75 82 04         [24]  413 	mov	dpl,#0x04
      00005B 12r00r00         [24]  414 	lcall	_OLED_SetCursor
                                    415 ;	./src/main.c:69: OLED_DisplayString("AZ ");
      00005E 90r00r08         [24]  416 	mov	dptr,#___str_2
      000061 75 F0 80         [24]  417 	mov	b,#0x80
      000064 12r00r00         [24]  418 	lcall	_OLED_DisplayString
                                    419 ;	./src/main.c:70: OLED_SetCursor(5, 0);  
      000067 75*00 00         [24]  420 	mov	_OLED_SetCursor_PARM_2,#0x00
      00006A 75 82 05         [24]  421 	mov	dpl,#0x05
      00006D 12r00r00         [24]  422 	lcall	_OLED_SetCursor
                                    423 ;	./src/main.c:71: OLED_DisplayString("GX ");
      000070 90r00r0C         [24]  424 	mov	dptr,#___str_3
      000073 75 F0 80         [24]  425 	mov	b,#0x80
      000076 12r00r00         [24]  426 	lcall	_OLED_DisplayString
                                    427 ;	./src/main.c:72: OLED_SetCursor(6, 0);  
      000079 75*00 00         [24]  428 	mov	_OLED_SetCursor_PARM_2,#0x00
      00007C 75 82 06         [24]  429 	mov	dpl,#0x06
      00007F 12r00r00         [24]  430 	lcall	_OLED_SetCursor
                                    431 ;	./src/main.c:73: OLED_DisplayString("GY ");
      000082 90r00r10         [24]  432 	mov	dptr,#___str_4
      000085 75 F0 80         [24]  433 	mov	b,#0x80
      000088 12r00r00         [24]  434 	lcall	_OLED_DisplayString
                                    435 ;	./src/main.c:74: OLED_SetCursor(7, 0);  
      00008B 75*00 00         [24]  436 	mov	_OLED_SetCursor_PARM_2,#0x00
      00008E 75 82 07         [24]  437 	mov	dpl,#0x07
      000091 12r00r00         [24]  438 	lcall	_OLED_SetCursor
                                    439 ;	./src/main.c:75: OLED_DisplayString("GZ ");
      000094 90r00r14         [24]  440 	mov	dptr,#___str_5
      000097 75 F0 80         [24]  441 	mov	b,#0x80
      00009A 12r00r00         [24]  442 	lcall	_OLED_DisplayString
                                    443 ;	./src/main.c:77: patt = 0xff;led = ~patt;
      00009D 75*0F FF         [24]  444 	mov	_patt,#0xff
      0000A0 75 90 00         [24]  445 	mov	_P1,#0x00
                                    446 ;	./src/main.c:78: delay_ms(2000);
      0000A3 90 07 D0         [24]  447 	mov	dptr,#0x07d0
      0000A6 12r00r00         [24]  448 	lcall	_delay_ms
                                    449 ;	./src/main.c:79: patt = 0x00;led = ~patt;
      0000A9 75*0F 00         [24]  450 	mov	_patt,#0x00
      0000AC 75 90 FF         [24]  451 	mov	_P1,#0xff
                                    452 ;	./src/main.c:80: while(1) {
      0000AF                        453 00152$:
                                    454 ;	./src/main.c:81: readMPU6050_AccelData(&accel_data[0]);
      0000AF 90r00r03         [24]  455 	mov	dptr,#_accel_data
      0000B2 75 F0 40         [24]  456 	mov	b,#0x40
      0000B5 12r00r00         [24]  457 	lcall	_readMPU6050_AccelData
                                    458 ;	./src/main.c:82: readMPU6050_GyroData(&gyro_data[0]);
      0000B8 90r00r09         [24]  459 	mov	dptr,#_gyro_data
      0000BB 75 F0 40         [24]  460 	mov	b,#0x40
      0000BE 12r00r00         [24]  461 	lcall	_readMPU6050_GyroData
                                    462 ;	./src/main.c:84: for(i = 0; i < 6; i++) {
      0000C1 75*02 00         [24]  463 	mov	_i,#0x00
      0000C4                        464 00154$:
                                    465 ;	./src/main.c:85: if(i < 3) {
      0000C4 74 FD            [12]  466 	mov	a,#0x100 - 0x03
      0000C6 25*02            [12]  467 	add	a,_i
      0000C8 40 1C            [24]  468 	jc	00102$
                                    469 ;	./src/main.c:86: data_buf = accel_data[i];
      0000CA E5*02            [12]  470 	mov	a,_i
      0000CC 25*02            [12]  471 	add	a,_i
      0000CE 24r03            [12]  472 	add	a,#_accel_data
      0000D0 F9               [12]  473 	mov	r1,a
      0000D1 87*00            [24]  474 	mov	_data_buf,@r1
      0000D3 09               [12]  475 	inc	r1
      0000D4 87*01            [24]  476 	mov	(_data_buf + 1),@r1
      0000D6 19               [12]  477 	dec	r1
                                    478 ;	./src/main.c:87: OLED_SetCursor(2 + i, 54); 
      0000D7 AF*02            [24]  479 	mov	r7,_i
      0000D9 74 02            [12]  480 	mov	a,#0x02
      0000DB 2F               [12]  481 	add	a,r7
      0000DC F5 82            [12]  482 	mov	dpl,a
      0000DE 75*00 36         [24]  483 	mov	_OLED_SetCursor_PARM_2,#0x36
      0000E1 12r00r00         [24]  484 	lcall	_OLED_SetCursor
      0000E4 80 1B            [24]  485 	sjmp	00103$
      0000E6                        486 00102$:
                                    487 ;	./src/main.c:89: data_buf = gyro_data[i - 3];
      0000E6 E5*02            [12]  488 	mov	a,_i
      0000E8 FF               [12]  489 	mov	r7,a
      0000E9 24 FD            [12]  490 	add	a,#0xfd
      0000EB 25 E0            [12]  491 	add	a,acc
      0000ED 24r09            [12]  492 	add	a,#_gyro_data
      0000EF F9               [12]  493 	mov	r1,a
      0000F0 87*00            [24]  494 	mov	_data_buf,@r1
      0000F2 09               [12]  495 	inc	r1
      0000F3 87*01            [24]  496 	mov	(_data_buf + 1),@r1
      0000F5 19               [12]  497 	dec	r1
                                    498 ;	./src/main.c:90: OLED_SetCursor(2 + i, 54); 
      0000F6 74 02            [12]  499 	mov	a,#0x02
      0000F8 2F               [12]  500 	add	a,r7
      0000F9 F5 82            [12]  501 	mov	dpl,a
      0000FB 75*00 36         [24]  502 	mov	_OLED_SetCursor_PARM_2,#0x36
      0000FE 12r00r00         [24]  503 	lcall	_OLED_SetCursor
      000101                        504 00103$:
                                    505 ;	./src/main.c:92: if(data_buf < 0) {
      000101 E5*01            [12]  506 	mov	a,(_data_buf + 1)
      000103 30 E7 13         [24]  507 	jnb	acc.7,00105$
                                    508 ;	./src/main.c:93: OLED_DisplayChar('-');
      000106 75 82 2D         [24]  509 	mov	dpl,#0x2d
      000109 12r00r00         [24]  510 	lcall	_OLED_DisplayChar
                                    511 ;	./src/main.c:94: data_buf = data_buf * -1;
      00010C C3               [12]  512 	clr	c
      00010D E4               [12]  513 	clr	a
      00010E 95*00            [12]  514 	subb	a,_data_buf
      000110 F5*00            [12]  515 	mov	_data_buf,a
      000112 E4               [12]  516 	clr	a
      000113 95*01            [12]  517 	subb	a,(_data_buf + 1)
      000115 F5*01            [12]  518 	mov	(_data_buf + 1),a
      000117 80 06            [24]  519 	sjmp	00106$
      000119                        520 00105$:
                                    521 ;	./src/main.c:96: OLED_DisplayChar(' ');
      000119 75 82 20         [24]  522 	mov	dpl,#0x20
      00011C 12r00r00         [24]  523 	lcall	_OLED_DisplayChar
      00011F                        524 00106$:
                                    525 ;	./src/main.c:98: OLED_DisplayChar(data_buf / 10000 + '0');
      00011F 75*00 10         [24]  526 	mov	__divsint_PARM_2,#0x10
      000122 75*01 27         [24]  527 	mov	(__divsint_PARM_2 + 1),#0x27
      000125 85*00 82         [24]  528 	mov	dpl,_data_buf
      000128 85*01 83         [24]  529 	mov	dph,(_data_buf + 1)
      00012B 12r00r00         [24]  530 	lcall	__divsint
      00012E AE 82            [24]  531 	mov	r6,dpl
      000130 74 30            [12]  532 	mov	a,#0x30
      000132 2E               [12]  533 	add	a,r6
      000133 F5 82            [12]  534 	mov	dpl,a
      000135 12r00r00         [24]  535 	lcall	_OLED_DisplayChar
                                    536 ;	./src/main.c:99: OLED_DisplayChar(data_buf % 10000 / 1000 + '0');
      000138 75*00 10         [24]  537 	mov	__modsint_PARM_2,#0x10
      00013B 75*01 27         [24]  538 	mov	(__modsint_PARM_2 + 1),#0x27
      00013E 85*00 82         [24]  539 	mov	dpl,_data_buf
      000141 85*01 83         [24]  540 	mov	dph,(_data_buf + 1)
      000144 12r00r00         [24]  541 	lcall	__modsint
      000147 75*00 E8         [24]  542 	mov	__divsint_PARM_2,#0xe8
      00014A 75*01 03         [24]  543 	mov	(__divsint_PARM_2 + 1),#0x03
      00014D 12r00r00         [24]  544 	lcall	__divsint
      000150 AE 82            [24]  545 	mov	r6,dpl
      000152 74 30            [12]  546 	mov	a,#0x30
      000154 2E               [12]  547 	add	a,r6
      000155 F5 82            [12]  548 	mov	dpl,a
      000157 12r00r00         [24]  549 	lcall	_OLED_DisplayChar
                                    550 ;	./src/main.c:100: OLED_DisplayChar(data_buf % 1000 / 100 + '0');
      00015A 75*00 E8         [24]  551 	mov	__modsint_PARM_2,#0xe8
      00015D 75*01 03         [24]  552 	mov	(__modsint_PARM_2 + 1),#0x03
      000160 85*00 82         [24]  553 	mov	dpl,_data_buf
      000163 85*01 83         [24]  554 	mov	dph,(_data_buf + 1)
      000166 12r00r00         [24]  555 	lcall	__modsint
      000169 75*00 64         [24]  556 	mov	__divsint_PARM_2,#0x64
      00016C 75*01 00         [24]  557 	mov	(__divsint_PARM_2 + 1),#0x00
      00016F 12r00r00         [24]  558 	lcall	__divsint
      000172 AE 82            [24]  559 	mov	r6,dpl
      000174 74 30            [12]  560 	mov	a,#0x30
      000176 2E               [12]  561 	add	a,r6
      000177 F5 82            [12]  562 	mov	dpl,a
      000179 12r00r00         [24]  563 	lcall	_OLED_DisplayChar
                                    564 ;	./src/main.c:101: OLED_DisplayChar(data_buf % 100 / 10 + '0');
      00017C 75*00 64         [24]  565 	mov	__modsint_PARM_2,#0x64
      00017F 75*01 00         [24]  566 	mov	(__modsint_PARM_2 + 1),#0x00
      000182 85*00 82         [24]  567 	mov	dpl,_data_buf
      000185 85*01 83         [24]  568 	mov	dph,(_data_buf + 1)
      000188 12r00r00         [24]  569 	lcall	__modsint
      00018B 75*00 0A         [24]  570 	mov	__divsint_PARM_2,#0x0a
      00018E 75*01 00         [24]  571 	mov	(__divsint_PARM_2 + 1),#0x00
      000191 12r00r00         [24]  572 	lcall	__divsint
      000194 AE 82            [24]  573 	mov	r6,dpl
      000196 74 30            [12]  574 	mov	a,#0x30
      000198 2E               [12]  575 	add	a,r6
      000199 F5 82            [12]  576 	mov	dpl,a
      00019B 12r00r00         [24]  577 	lcall	_OLED_DisplayChar
                                    578 ;	./src/main.c:102: OLED_DisplayChar(data_buf % 10 + '0');
      00019E 75*00 0A         [24]  579 	mov	__modsint_PARM_2,#0x0a
      0001A1 75*01 00         [24]  580 	mov	(__modsint_PARM_2 + 1),#0x00
      0001A4 85*00 82         [24]  581 	mov	dpl,_data_buf
      0001A7 85*01 83         [24]  582 	mov	dph,(_data_buf + 1)
      0001AA 12r00r00         [24]  583 	lcall	__modsint
      0001AD AE 82            [24]  584 	mov	r6,dpl
      0001AF 74 30            [12]  585 	mov	a,#0x30
      0001B1 2E               [12]  586 	add	a,r6
      0001B2 F5 82            [12]  587 	mov	dpl,a
      0001B4 12r00r00         [24]  588 	lcall	_OLED_DisplayChar
                                    589 ;	./src/main.c:84: for(i = 0; i < 6; i++) {
      0001B7 05*02            [12]  590 	inc	_i
      0001B9 74 FA            [12]  591 	mov	a,#0x100 - 0x06
      0001BB 25*02            [12]  592 	add	a,_i
      0001BD 40 03            [24]  593 	jc	00330$
      0001BF 02r00rC4         [24]  594 	ljmp	00154$
      0001C2                        595 00330$:
                                    596 ;	./src/main.c:107: data_buf = accel_data[2];
      0001C2 85*07*00         [24]  597 	mov	_data_buf,((_accel_data + 0x0004) + 0)
      0001C5 85*08*01         [24]  598 	mov	(_data_buf + 1),((_accel_data + 0x0004) + 1)
                                    599 ;	./src/main.c:108: while (data_buf >= 16000){
      0001C8                        600 00116$:
      0001C8 C3               [12]  601 	clr	c
      0001C9 E5*00            [12]  602 	mov	a,_data_buf
      0001CB 94 80            [12]  603 	subb	a,#0x80
      0001CD E5*01            [12]  604 	mov	a,(_data_buf + 1)
      0001CF 64 80            [12]  605 	xrl	a,#0x80
      0001D1 94 BE            [12]  606 	subb	a,#0xbe
      0001D3 50 03            [24]  607 	jnc	00331$
      0001D5 02r03r21         [24]  608 	ljmp	00118$
      0001D8                        609 00331$:
                                    610 ;	./src/main.c:109: patt = 0x18;led = ~patt;
      0001D8 75*0F 18         [24]  611 	mov	_patt,#0x18
      0001DB 75 90 E7         [24]  612 	mov	_P1,#0xe7
                                    613 ;	./src/main.c:110: delay_ms(500);
      0001DE 90 01 F4         [24]  614 	mov	dptr,#0x01f4
      0001E1 12r00r00         [24]  615 	lcall	_delay_ms
                                    616 ;	./src/main.c:111: patt = 0x00;led = ~patt;
      0001E4 75*0F 00         [24]  617 	mov	_patt,#0x00
      0001E7 75 90 FF         [24]  618 	mov	_P1,#0xff
                                    619 ;	./src/main.c:112: seg[5] = 0x18;
      0001EA 75*15 18         [24]  620 	mov	(_main_seg_65536_37 + 0x0005),#0x18
                                    621 ;	./src/main.c:113: seg[4] = 0x18;
      0001ED 75*14 18         [24]  622 	mov	(_main_seg_65536_37 + 0x0004),#0x18
                                    623 ;	./src/main.c:114: for (i = 8; i >= 1; i--) {
      0001F0 75*02 08         [24]  624 	mov	_i,#0x08
      0001F3                        625 00156$:
                                    626 ;	./src/main.c:115: Writesingle7219(1,i, seg[i]);
      0001F3 E5*02            [12]  627 	mov	a,_i
      0001F5 24r10            [12]  628 	add	a,#_main_seg_65536_37
      0001F7 F9               [12]  629 	mov	r1,a
      0001F8 87*00            [24]  630 	mov	_Writesingle7219_PARM_3,@r1
      0001FA 85*02*00         [24]  631 	mov	_Writesingle7219_PARM_2,_i
      0001FD 75 82 01         [24]  632 	mov	dpl,#0x01
      000200 12r00r00         [24]  633 	lcall	_Writesingle7219
                                    634 ;	./src/main.c:114: for (i = 8; i >= 1; i--) {
      000203 15*02            [12]  635 	dec	_i
      000205 74 FF            [12]  636 	mov	a,#0x100 - 0x01
      000207 25*02            [12]  637 	add	a,_i
      000209 40 E8            [24]  638 	jc	00156$
                                    639 ;	./src/main.c:118: readMPU6050_AccelData(&accel_data[0]);
      00020B 90r00r03         [24]  640 	mov	dptr,#_accel_data
      00020E 75 F0 40         [24]  641 	mov	b,#0x40
      000211 12r00r00         [24]  642 	lcall	_readMPU6050_AccelData
                                    643 ;	./src/main.c:119: readMPU6050_GyroData(&gyro_data[0]);
      000214 90r00r09         [24]  644 	mov	dptr,#_gyro_data
      000217 75 F0 40         [24]  645 	mov	b,#0x40
      00021A 12r00r00         [24]  646 	lcall	_readMPU6050_GyroData
                                    647 ;	./src/main.c:121: for(i = 0; i < 6; i++) {
      00021D 75*02 00         [24]  648 	mov	_i,#0x00
      000220                        649 00158$:
                                    650 ;	./src/main.c:122: if(i < 3) {
      000220 74 FD            [12]  651 	mov	a,#0x100 - 0x03
      000222 25*02            [12]  652 	add	a,_i
      000224 40 1C            [24]  653 	jc	00110$
                                    654 ;	./src/main.c:123: data_buf = accel_data[i];
      000226 E5*02            [12]  655 	mov	a,_i
      000228 25*02            [12]  656 	add	a,_i
      00022A 24r03            [12]  657 	add	a,#_accel_data
      00022C F9               [12]  658 	mov	r1,a
      00022D 87*00            [24]  659 	mov	_data_buf,@r1
      00022F 09               [12]  660 	inc	r1
      000230 87*01            [24]  661 	mov	(_data_buf + 1),@r1
      000232 19               [12]  662 	dec	r1
                                    663 ;	./src/main.c:124: OLED_SetCursor(2 + i, 54); 
      000233 AF*02            [24]  664 	mov	r7,_i
      000235 74 02            [12]  665 	mov	a,#0x02
      000237 2F               [12]  666 	add	a,r7
      000238 F5 82            [12]  667 	mov	dpl,a
      00023A 75*00 36         [24]  668 	mov	_OLED_SetCursor_PARM_2,#0x36
      00023D 12r00r00         [24]  669 	lcall	_OLED_SetCursor
      000240 80 1B            [24]  670 	sjmp	00111$
      000242                        671 00110$:
                                    672 ;	./src/main.c:126: data_buf = gyro_data[i - 3];
      000242 E5*02            [12]  673 	mov	a,_i
      000244 FF               [12]  674 	mov	r7,a
      000245 24 FD            [12]  675 	add	a,#0xfd
      000247 25 E0            [12]  676 	add	a,acc
      000249 24r09            [12]  677 	add	a,#_gyro_data
      00024B F9               [12]  678 	mov	r1,a
      00024C 87*00            [24]  679 	mov	_data_buf,@r1
      00024E 09               [12]  680 	inc	r1
      00024F 87*01            [24]  681 	mov	(_data_buf + 1),@r1
      000251 19               [12]  682 	dec	r1
                                    683 ;	./src/main.c:127: OLED_SetCursor(2 + i, 54); 
      000252 74 02            [12]  684 	mov	a,#0x02
      000254 2F               [12]  685 	add	a,r7
      000255 F5 82            [12]  686 	mov	dpl,a
      000257 75*00 36         [24]  687 	mov	_OLED_SetCursor_PARM_2,#0x36
      00025A 12r00r00         [24]  688 	lcall	_OLED_SetCursor
      00025D                        689 00111$:
                                    690 ;	./src/main.c:129: if(data_buf < 0) {
      00025D E5*01            [12]  691 	mov	a,(_data_buf + 1)
      00025F 30 E7 13         [24]  692 	jnb	acc.7,00113$
                                    693 ;	./src/main.c:130: OLED_DisplayChar('-');
      000262 75 82 2D         [24]  694 	mov	dpl,#0x2d
      000265 12r00r00         [24]  695 	lcall	_OLED_DisplayChar
                                    696 ;	./src/main.c:131: data_buf = data_buf * -1;
      000268 C3               [12]  697 	clr	c
      000269 E4               [12]  698 	clr	a
      00026A 95*00            [12]  699 	subb	a,_data_buf
      00026C F5*00            [12]  700 	mov	_data_buf,a
      00026E E4               [12]  701 	clr	a
      00026F 95*01            [12]  702 	subb	a,(_data_buf + 1)
      000271 F5*01            [12]  703 	mov	(_data_buf + 1),a
      000273 80 06            [24]  704 	sjmp	00114$
      000275                        705 00113$:
                                    706 ;	./src/main.c:133: OLED_DisplayChar(' ');
      000275 75 82 20         [24]  707 	mov	dpl,#0x20
      000278 12r00r00         [24]  708 	lcall	_OLED_DisplayChar
      00027B                        709 00114$:
                                    710 ;	./src/main.c:135: OLED_DisplayChar(data_buf / 10000 + '0');
      00027B 75*00 10         [24]  711 	mov	__divsint_PARM_2,#0x10
      00027E 75*01 27         [24]  712 	mov	(__divsint_PARM_2 + 1),#0x27
      000281 85*00 82         [24]  713 	mov	dpl,_data_buf
      000284 85*01 83         [24]  714 	mov	dph,(_data_buf + 1)
      000287 12r00r00         [24]  715 	lcall	__divsint
      00028A AE 82            [24]  716 	mov	r6,dpl
      00028C 74 30            [12]  717 	mov	a,#0x30
      00028E 2E               [12]  718 	add	a,r6
      00028F F5 82            [12]  719 	mov	dpl,a
      000291 12r00r00         [24]  720 	lcall	_OLED_DisplayChar
                                    721 ;	./src/main.c:136: OLED_DisplayChar(data_buf % 10000 / 1000 + '0');
      000294 75*00 10         [24]  722 	mov	__modsint_PARM_2,#0x10
      000297 75*01 27         [24]  723 	mov	(__modsint_PARM_2 + 1),#0x27
      00029A 85*00 82         [24]  724 	mov	dpl,_data_buf
      00029D 85*01 83         [24]  725 	mov	dph,(_data_buf + 1)
      0002A0 12r00r00         [24]  726 	lcall	__modsint
      0002A3 75*00 E8         [24]  727 	mov	__divsint_PARM_2,#0xe8
      0002A6 75*01 03         [24]  728 	mov	(__divsint_PARM_2 + 1),#0x03
      0002A9 12r00r00         [24]  729 	lcall	__divsint
      0002AC AE 82            [24]  730 	mov	r6,dpl
      0002AE 74 30            [12]  731 	mov	a,#0x30
      0002B0 2E               [12]  732 	add	a,r6
      0002B1 F5 82            [12]  733 	mov	dpl,a
      0002B3 12r00r00         [24]  734 	lcall	_OLED_DisplayChar
                                    735 ;	./src/main.c:137: OLED_DisplayChar(data_buf % 1000 / 100 + '0');
      0002B6 75*00 E8         [24]  736 	mov	__modsint_PARM_2,#0xe8
      0002B9 75*01 03         [24]  737 	mov	(__modsint_PARM_2 + 1),#0x03
      0002BC 85*00 82         [24]  738 	mov	dpl,_data_buf
      0002BF 85*01 83         [24]  739 	mov	dph,(_data_buf + 1)
      0002C2 12r00r00         [24]  740 	lcall	__modsint
      0002C5 75*00 64         [24]  741 	mov	__divsint_PARM_2,#0x64
      0002C8 75*01 00         [24]  742 	mov	(__divsint_PARM_2 + 1),#0x00
      0002CB 12r00r00         [24]  743 	lcall	__divsint
      0002CE AE 82            [24]  744 	mov	r6,dpl
      0002D0 74 30            [12]  745 	mov	a,#0x30
      0002D2 2E               [12]  746 	add	a,r6
      0002D3 F5 82            [12]  747 	mov	dpl,a
      0002D5 12r00r00         [24]  748 	lcall	_OLED_DisplayChar
                                    749 ;	./src/main.c:138: OLED_DisplayChar(data_buf % 100 / 10 + '0');
      0002D8 75*00 64         [24]  750 	mov	__modsint_PARM_2,#0x64
      0002DB 75*01 00         [24]  751 	mov	(__modsint_PARM_2 + 1),#0x00
      0002DE 85*00 82         [24]  752 	mov	dpl,_data_buf
      0002E1 85*01 83         [24]  753 	mov	dph,(_data_buf + 1)
      0002E4 12r00r00         [24]  754 	lcall	__modsint
      0002E7 75*00 0A         [24]  755 	mov	__divsint_PARM_2,#0x0a
      0002EA 75*01 00         [24]  756 	mov	(__divsint_PARM_2 + 1),#0x00
      0002ED 12r00r00         [24]  757 	lcall	__divsint
      0002F0 AE 82            [24]  758 	mov	r6,dpl
      0002F2 74 30            [12]  759 	mov	a,#0x30
      0002F4 2E               [12]  760 	add	a,r6
      0002F5 F5 82            [12]  761 	mov	dpl,a
      0002F7 12r00r00         [24]  762 	lcall	_OLED_DisplayChar
                                    763 ;	./src/main.c:139: OLED_DisplayChar(data_buf % 10 + '0');
      0002FA 75*00 0A         [24]  764 	mov	__modsint_PARM_2,#0x0a
      0002FD 75*01 00         [24]  765 	mov	(__modsint_PARM_2 + 1),#0x00
      000300 85*00 82         [24]  766 	mov	dpl,_data_buf
      000303 85*01 83         [24]  767 	mov	dph,(_data_buf + 1)
      000306 12r00r00         [24]  768 	lcall	__modsint
      000309 AE 82            [24]  769 	mov	r6,dpl
      00030B 74 30            [12]  770 	mov	a,#0x30
      00030D 2E               [12]  771 	add	a,r6
      00030E F5 82            [12]  772 	mov	dpl,a
      000310 12r00r00         [24]  773 	lcall	_OLED_DisplayChar
                                    774 ;	./src/main.c:121: for(i = 0; i < 6; i++) {
      000313 05*02            [12]  775 	inc	_i
      000315 74 FA            [12]  776 	mov	a,#0x100 - 0x06
      000317 25*02            [12]  777 	add	a,_i
      000319 40 03            [24]  778 	jc	00335$
      00031B 02r02r20         [24]  779 	ljmp	00158$
      00031E                        780 00335$:
      00031E 02r01rC8         [24]  781 	ljmp	00116$
      000321                        782 00118$:
                                    783 ;	./src/main.c:143: data_buf = accel_data[0];
      000321 85*03*00         [24]  784 	mov	_data_buf,(_accel_data + 0)
      000324 85*04*01         [24]  785 	mov	(_data_buf + 1),(_accel_data + 1)
                                    786 ;	./src/main.c:144: if (data_buf <= -15000){
      000327 C3               [12]  787 	clr	c
      000328 74 68            [12]  788 	mov	a,#0x68
      00032A 95*00            [12]  789 	subb	a,_data_buf
      00032C 74 45            [12]  790 	mov	a,#(0xc5 ^ 0x80)
      00032E 85*01 F0         [24]  791 	mov	b,(_data_buf + 1)
      000331 63 F0 80         [24]  792 	xrl	b,#0x80
      000334 95 F0            [12]  793 	subb	a,b
      000336 40 27            [24]  794 	jc	00149$
                                    795 ;	./src/main.c:145: patt = 0b00000011;
      000338 75*0F 03         [24]  796 	mov	_patt,#0x03
                                    797 ;	./src/main.c:146: seg[5] = 0xC0;
      00033B 75*15 C0         [24]  798 	mov	(_main_seg_65536_37 + 0x0005),#0xc0
                                    799 ;	./src/main.c:147: seg[4] = 0xC0;
      00033E 75*14 C0         [24]  800 	mov	(_main_seg_65536_37 + 0x0004),#0xc0
                                    801 ;	./src/main.c:148: for (i = 8; i >= 1; i--) {
      000341 75*02 08         [24]  802 	mov	_i,#0x08
      000344                        803 00160$:
                                    804 ;	./src/main.c:149: Writesingle7219(1,i, seg[i]);
      000344 E5*02            [12]  805 	mov	a,_i
      000346 24r10            [12]  806 	add	a,#_main_seg_65536_37
      000348 F9               [12]  807 	mov	r1,a
      000349 87*00            [24]  808 	mov	_Writesingle7219_PARM_3,@r1
      00034B 85*02*00         [24]  809 	mov	_Writesingle7219_PARM_2,_i
      00034E 75 82 01         [24]  810 	mov	dpl,#0x01
      000351 12r00r00         [24]  811 	lcall	_Writesingle7219
                                    812 ;	./src/main.c:148: for (i = 8; i >= 1; i--) {
      000354 15*02            [12]  813 	dec	_i
      000356 74 FF            [12]  814 	mov	a,#0x100 - 0x01
      000358 25*02            [12]  815 	add	a,_i
      00035A 40 E8            [24]  816 	jc	00160$
      00035C 02r05r00         [24]  817 	ljmp	00150$
      00035F                        818 00149$:
                                    819 ;	./src/main.c:151: }else if (data_buf > -15000 && data_buf <= -9000){
      00035F C3               [12]  820 	clr	c
      000360 74 68            [12]  821 	mov	a,#0x68
      000362 95*00            [12]  822 	subb	a,_data_buf
      000364 74 45            [12]  823 	mov	a,#(0xc5 ^ 0x80)
      000366 85*01 F0         [24]  824 	mov	b,(_data_buf + 1)
      000369 63 F0 80         [24]  825 	xrl	b,#0x80
      00036C 95 F0            [12]  826 	subb	a,b
      00036E 50 38            [24]  827 	jnc	00145$
      000370 C3               [12]  828 	clr	c
      000371 74 D8            [12]  829 	mov	a,#0xd8
      000373 95*00            [12]  830 	subb	a,_data_buf
      000375 74 5C            [12]  831 	mov	a,#(0xdc ^ 0x80)
      000377 85*01 F0         [24]  832 	mov	b,(_data_buf + 1)
      00037A 63 F0 80         [24]  833 	xrl	b,#0x80
      00037D 95 F0            [12]  834 	subb	a,b
      00037F 40 27            [24]  835 	jc	00145$
                                    836 ;	./src/main.c:152: patt = 0b00000110;
      000381 75*0F 06         [24]  837 	mov	_patt,#0x06
                                    838 ;	./src/main.c:153: seg[5] = 0x60;
      000384 75*15 60         [24]  839 	mov	(_main_seg_65536_37 + 0x0005),#0x60
                                    840 ;	./src/main.c:154: seg[4] = 0x60;
      000387 75*14 60         [24]  841 	mov	(_main_seg_65536_37 + 0x0004),#0x60
                                    842 ;	./src/main.c:155: for (i = 8; i >= 1; i--) {
      00038A 75*02 08         [24]  843 	mov	_i,#0x08
      00038D                        844 00162$:
                                    845 ;	./src/main.c:156: Writesingle7219(1,i, seg[i]);
      00038D E5*02            [12]  846 	mov	a,_i
      00038F 24r10            [12]  847 	add	a,#_main_seg_65536_37
      000391 F9               [12]  848 	mov	r1,a
      000392 87*00            [24]  849 	mov	_Writesingle7219_PARM_3,@r1
      000394 85*02*00         [24]  850 	mov	_Writesingle7219_PARM_2,_i
      000397 75 82 01         [24]  851 	mov	dpl,#0x01
      00039A 12r00r00         [24]  852 	lcall	_Writesingle7219
                                    853 ;	./src/main.c:155: for (i = 8; i >= 1; i--) {
      00039D 15*02            [12]  854 	dec	_i
      00039F 74 FF            [12]  855 	mov	a,#0x100 - 0x01
      0003A1 25*02            [12]  856 	add	a,_i
      0003A3 40 E8            [24]  857 	jc	00162$
      0003A5 02r05r00         [24]  858 	ljmp	00150$
      0003A8                        859 00145$:
                                    860 ;	./src/main.c:158: }else if (data_buf > -9000 && data_buf <= -3200){
      0003A8 C3               [12]  861 	clr	c
      0003A9 74 D8            [12]  862 	mov	a,#0xd8
      0003AB 95*00            [12]  863 	subb	a,_data_buf
      0003AD 74 5C            [12]  864 	mov	a,#(0xdc ^ 0x80)
      0003AF 85*01 F0         [24]  865 	mov	b,(_data_buf + 1)
      0003B2 63 F0 80         [24]  866 	xrl	b,#0x80
      0003B5 95 F0            [12]  867 	subb	a,b
      0003B7 50 38            [24]  868 	jnc	00141$
      0003B9 C3               [12]  869 	clr	c
      0003BA 74 80            [12]  870 	mov	a,#0x80
      0003BC 95*00            [12]  871 	subb	a,_data_buf
      0003BE 74 73            [12]  872 	mov	a,#(0xf3 ^ 0x80)
      0003C0 85*01 F0         [24]  873 	mov	b,(_data_buf + 1)
      0003C3 63 F0 80         [24]  874 	xrl	b,#0x80
      0003C6 95 F0            [12]  875 	subb	a,b
      0003C8 40 27            [24]  876 	jc	00141$
                                    877 ;	./src/main.c:159: patt = 0b001100;
      0003CA 75*0F 0C         [24]  878 	mov	_patt,#0x0c
                                    879 ;	./src/main.c:160: seg[5] = 0x30;
      0003CD 75*15 30         [24]  880 	mov	(_main_seg_65536_37 + 0x0005),#0x30
                                    881 ;	./src/main.c:161: seg[4] = 0x30;
      0003D0 75*14 30         [24]  882 	mov	(_main_seg_65536_37 + 0x0004),#0x30
                                    883 ;	./src/main.c:162: for (i = 8; i >= 1; i--) {
      0003D3 75*02 08         [24]  884 	mov	_i,#0x08
      0003D6                        885 00164$:
                                    886 ;	./src/main.c:163: Writesingle7219(1,i, seg[i]);
      0003D6 E5*02            [12]  887 	mov	a,_i
      0003D8 24r10            [12]  888 	add	a,#_main_seg_65536_37
      0003DA F9               [12]  889 	mov	r1,a
      0003DB 87*00            [24]  890 	mov	_Writesingle7219_PARM_3,@r1
      0003DD 85*02*00         [24]  891 	mov	_Writesingle7219_PARM_2,_i
      0003E0 75 82 01         [24]  892 	mov	dpl,#0x01
      0003E3 12r00r00         [24]  893 	lcall	_Writesingle7219
                                    894 ;	./src/main.c:162: for (i = 8; i >= 1; i--) {
      0003E6 15*02            [12]  895 	dec	_i
      0003E8 74 FF            [12]  896 	mov	a,#0x100 - 0x01
      0003EA 25*02            [12]  897 	add	a,_i
      0003EC 40 E8            [24]  898 	jc	00164$
      0003EE 02r05r00         [24]  899 	ljmp	00150$
      0003F1                        900 00141$:
                                    901 ;	./src/main.c:165: }else if (data_buf > -3200 && data_buf <= 3200){
      0003F1 C3               [12]  902 	clr	c
      0003F2 74 80            [12]  903 	mov	a,#0x80
      0003F4 95*00            [12]  904 	subb	a,_data_buf
      0003F6 74 73            [12]  905 	mov	a,#(0xf3 ^ 0x80)
      0003F8 85*01 F0         [24]  906 	mov	b,(_data_buf + 1)
      0003FB 63 F0 80         [24]  907 	xrl	b,#0x80
      0003FE 95 F0            [12]  908 	subb	a,b
      000400 50 38            [24]  909 	jnc	00137$
      000402 C3               [12]  910 	clr	c
      000403 74 80            [12]  911 	mov	a,#0x80
      000405 95*00            [12]  912 	subb	a,_data_buf
      000407 74 8C            [12]  913 	mov	a,#(0x0c ^ 0x80)
      000409 85*01 F0         [24]  914 	mov	b,(_data_buf + 1)
      00040C 63 F0 80         [24]  915 	xrl	b,#0x80
      00040F 95 F0            [12]  916 	subb	a,b
      000411 40 27            [24]  917 	jc	00137$
                                    918 ;	./src/main.c:166: patt = 0x18;
      000413 75*0F 18         [24]  919 	mov	_patt,#0x18
                                    920 ;	./src/main.c:167: seg[5] = 0x18;
      000416 75*15 18         [24]  921 	mov	(_main_seg_65536_37 + 0x0005),#0x18
                                    922 ;	./src/main.c:168: seg[4] = 0x18;            
      000419 75*14 18         [24]  923 	mov	(_main_seg_65536_37 + 0x0004),#0x18
                                    924 ;	./src/main.c:169: for (i = 8; i >= 1; i--) {
      00041C 75*02 08         [24]  925 	mov	_i,#0x08
      00041F                        926 00166$:
                                    927 ;	./src/main.c:170: Writesingle7219(1,i, seg[i]);
      00041F E5*02            [12]  928 	mov	a,_i
      000421 24r10            [12]  929 	add	a,#_main_seg_65536_37
      000423 F9               [12]  930 	mov	r1,a
      000424 87*00            [24]  931 	mov	_Writesingle7219_PARM_3,@r1
      000426 85*02*00         [24]  932 	mov	_Writesingle7219_PARM_2,_i
      000429 75 82 01         [24]  933 	mov	dpl,#0x01
      00042C 12r00r00         [24]  934 	lcall	_Writesingle7219
                                    935 ;	./src/main.c:169: for (i = 8; i >= 1; i--) {
      00042F 15*02            [12]  936 	dec	_i
      000431 74 FF            [12]  937 	mov	a,#0x100 - 0x01
      000433 25*02            [12]  938 	add	a,_i
      000435 40 E8            [24]  939 	jc	00166$
      000437 02r05r00         [24]  940 	ljmp	00150$
      00043A                        941 00137$:
                                    942 ;	./src/main.c:172: }else if (data_buf > 3200 && data_buf <= 9600){
      00043A C3               [12]  943 	clr	c
      00043B 74 80            [12]  944 	mov	a,#0x80
      00043D 95*00            [12]  945 	subb	a,_data_buf
      00043F 74 8C            [12]  946 	mov	a,#(0x0c ^ 0x80)
      000441 85*01 F0         [24]  947 	mov	b,(_data_buf + 1)
      000444 63 F0 80         [24]  948 	xrl	b,#0x80
      000447 95 F0            [12]  949 	subb	a,b
      000449 50 38            [24]  950 	jnc	00133$
      00044B C3               [12]  951 	clr	c
      00044C 74 80            [12]  952 	mov	a,#0x80
      00044E 95*00            [12]  953 	subb	a,_data_buf
      000450 74 A5            [12]  954 	mov	a,#(0x25 ^ 0x80)
      000452 85*01 F0         [24]  955 	mov	b,(_data_buf + 1)
      000455 63 F0 80         [24]  956 	xrl	b,#0x80
      000458 95 F0            [12]  957 	subb	a,b
      00045A 40 27            [24]  958 	jc	00133$
                                    959 ;	./src/main.c:173: patt = 0b00110000;
      00045C 75*0F 30         [24]  960 	mov	_patt,#0x30
                                    961 ;	./src/main.c:174: seg[5] = 0x0C;
      00045F 75*15 0C         [24]  962 	mov	(_main_seg_65536_37 + 0x0005),#0x0c
                                    963 ;	./src/main.c:175: seg[4] = 0x0C;  
      000462 75*14 0C         [24]  964 	mov	(_main_seg_65536_37 + 0x0004),#0x0c
                                    965 ;	./src/main.c:176: for (i = 8; i >= 1; i--) {
      000465 75*02 08         [24]  966 	mov	_i,#0x08
      000468                        967 00168$:
                                    968 ;	./src/main.c:177: Writesingle7219(1,i, seg[i]);
      000468 E5*02            [12]  969 	mov	a,_i
      00046A 24r10            [12]  970 	add	a,#_main_seg_65536_37
      00046C F9               [12]  971 	mov	r1,a
      00046D 87*00            [24]  972 	mov	_Writesingle7219_PARM_3,@r1
      00046F 85*02*00         [24]  973 	mov	_Writesingle7219_PARM_2,_i
      000472 75 82 01         [24]  974 	mov	dpl,#0x01
      000475 12r00r00         [24]  975 	lcall	_Writesingle7219
                                    976 ;	./src/main.c:176: for (i = 8; i >= 1; i--) {
      000478 15*02            [12]  977 	dec	_i
      00047A 74 FF            [12]  978 	mov	a,#0x100 - 0x01
      00047C 25*02            [12]  979 	add	a,_i
      00047E 40 E8            [24]  980 	jc	00168$
      000480 02r05r00         [24]  981 	ljmp	00150$
      000483                        982 00133$:
                                    983 ;	./src/main.c:179: }else if (data_buf > 9600 && data_buf <= 16000){
      000483 C3               [12]  984 	clr	c
      000484 74 80            [12]  985 	mov	a,#0x80
      000486 95*00            [12]  986 	subb	a,_data_buf
      000488 74 A5            [12]  987 	mov	a,#(0x25 ^ 0x80)
      00048A 85*01 F0         [24]  988 	mov	b,(_data_buf + 1)
      00048D 63 F0 80         [24]  989 	xrl	b,#0x80
      000490 95 F0            [12]  990 	subb	a,b
      000492 50 37            [24]  991 	jnc	00129$
      000494 C3               [12]  992 	clr	c
      000495 74 80            [12]  993 	mov	a,#0x80
      000497 95*00            [12]  994 	subb	a,_data_buf
      000499 74 BE            [12]  995 	mov	a,#(0x3e ^ 0x80)
      00049B 85*01 F0         [24]  996 	mov	b,(_data_buf + 1)
      00049E 63 F0 80         [24]  997 	xrl	b,#0x80
      0004A1 95 F0            [12]  998 	subb	a,b
      0004A3 40 26            [24]  999 	jc	00129$
                                   1000 ;	./src/main.c:180: patt = 0b01100000;
      0004A5 75*0F 60         [24] 1001 	mov	_patt,#0x60
                                   1002 ;	./src/main.c:181: seg[5] = 0x06;
      0004A8 75*15 06         [24] 1003 	mov	(_main_seg_65536_37 + 0x0005),#0x06
                                   1004 ;	./src/main.c:182: seg[4] = 0x06; 
      0004AB 75*14 06         [24] 1005 	mov	(_main_seg_65536_37 + 0x0004),#0x06
                                   1006 ;	./src/main.c:183: for (i = 8; i >= 1; i--) {
      0004AE 75*02 08         [24] 1007 	mov	_i,#0x08
      0004B1                       1008 00170$:
                                   1009 ;	./src/main.c:184: Writesingle7219(1,i, seg[i]);
      0004B1 E5*02            [12] 1010 	mov	a,_i
      0004B3 24r10            [12] 1011 	add	a,#_main_seg_65536_37
      0004B5 F9               [12] 1012 	mov	r1,a
      0004B6 87*00            [24] 1013 	mov	_Writesingle7219_PARM_3,@r1
      0004B8 85*02*00         [24] 1014 	mov	_Writesingle7219_PARM_2,_i
      0004BB 75 82 01         [24] 1015 	mov	dpl,#0x01
      0004BE 12r00r00         [24] 1016 	lcall	_Writesingle7219
                                   1017 ;	./src/main.c:183: for (i = 8; i >= 1; i--) {
      0004C1 15*02            [12] 1018 	dec	_i
      0004C3 74 FF            [12] 1019 	mov	a,#0x100 - 0x01
      0004C5 25*02            [12] 1020 	add	a,_i
      0004C7 40 E8            [24] 1021 	jc	00170$
      0004C9 80 35            [24] 1022 	sjmp	00150$
      0004CB                       1023 00129$:
                                   1024 ;	./src/main.c:186: }else if (data_buf > 16000 ){
      0004CB C3               [12] 1025 	clr	c
      0004CC 74 80            [12] 1026 	mov	a,#0x80
      0004CE 95*00            [12] 1027 	subb	a,_data_buf
      0004D0 74 BE            [12] 1028 	mov	a,#(0x3e ^ 0x80)
      0004D2 85*01 F0         [24] 1029 	mov	b,(_data_buf + 1)
      0004D5 63 F0 80         [24] 1030 	xrl	b,#0x80
      0004D8 95 F0            [12] 1031 	subb	a,b
      0004DA 50 24            [24] 1032 	jnc	00150$
                                   1033 ;	./src/main.c:187: patt = 0b11000000;
      0004DC 75*0F C0         [24] 1034 	mov	_patt,#0xc0
                                   1035 ;	./src/main.c:188: seg[5] = 0x03;
      0004DF 75*15 03         [24] 1036 	mov	(_main_seg_65536_37 + 0x0005),#0x03
                                   1037 ;	./src/main.c:189: seg[4] = 0x03; 
      0004E2 75*14 03         [24] 1038 	mov	(_main_seg_65536_37 + 0x0004),#0x03
                                   1039 ;	./src/main.c:190: for (i = 8; i >= 1; i--) {
      0004E5 75*02 08         [24] 1040 	mov	_i,#0x08
      0004E8                       1041 00172$:
                                   1042 ;	./src/main.c:191: Writesingle7219(1,i, seg[i]);
      0004E8 E5*02            [12] 1043 	mov	a,_i
      0004EA 24r10            [12] 1044 	add	a,#_main_seg_65536_37
      0004EC F9               [12] 1045 	mov	r1,a
      0004ED 87*00            [24] 1046 	mov	_Writesingle7219_PARM_3,@r1
      0004EF 85*02*00         [24] 1047 	mov	_Writesingle7219_PARM_2,_i
      0004F2 75 82 01         [24] 1048 	mov	dpl,#0x01
      0004F5 12r00r00         [24] 1049 	lcall	_Writesingle7219
                                   1050 ;	./src/main.c:190: for (i = 8; i >= 1; i--) {
      0004F8 15*02            [12] 1051 	dec	_i
      0004FA 74 FF            [12] 1052 	mov	a,#0x100 - 0x01
      0004FC 25*02            [12] 1053 	add	a,_i
      0004FE 40 E8            [24] 1054 	jc	00172$
      000500                       1055 00150$:
                                   1056 ;	./src/main.c:196: led = ~patt;
      000500 E5*0F            [12] 1057 	mov	a,_patt
      000502 F4               [12] 1058 	cpl	a
      000503 F5 90            [12] 1059 	mov	_P1,a
                                   1060 ;	./src/main.c:197: delay_ms(100);
      000505 90 00 64         [24] 1061 	mov	dptr,#0x0064
      000508 12r00r00         [24] 1062 	lcall	_delay_ms
                                   1063 ;	./src/main.c:199: }
      00050B 02r00rAF         [24] 1064 	ljmp	00152$
                                   1065 	.area CSEG    (CODE)
                                   1066 	.area CONST   (CODE)
                                   1067 	.area CONST   (CODE)
      000000                       1068 ___str_0:
      000000 41 58 20              1069 	.ascii "AX "
      000003 00                    1070 	.db 0x00
                                   1071 	.area CSEG    (CODE)
                                   1072 	.area CONST   (CODE)
      000004                       1073 ___str_1:
      000004 41 59 20              1074 	.ascii "AY "
      000007 00                    1075 	.db 0x00
                                   1076 	.area CSEG    (CODE)
                                   1077 	.area CONST   (CODE)
      000008                       1078 ___str_2:
      000008 41 5A 20              1079 	.ascii "AZ "
      00000B 00                    1080 	.db 0x00
                                   1081 	.area CSEG    (CODE)
                                   1082 	.area CONST   (CODE)
      00000C                       1083 ___str_3:
      00000C 47 58 20              1084 	.ascii "GX "
      00000F 00                    1085 	.db 0x00
                                   1086 	.area CSEG    (CODE)
                                   1087 	.area CONST   (CODE)
      000010                       1088 ___str_4:
      000010 47 59 20              1089 	.ascii "GY "
      000013 00                    1090 	.db 0x00
                                   1091 	.area CSEG    (CODE)
                                   1092 	.area CONST   (CODE)
      000014                       1093 ___str_5:
      000014 47 5A 20              1094 	.ascii "GZ "
      000017 00                    1095 	.db 0x00
                                   1096 	.area CSEG    (CODE)
                                   1097 	.area XINIT   (CODE)
                                   1098 	.area CABS    (ABS,CODE)
