                                      1 ;--------------------------------------------------------
                                      2 ; File Created by SDCC : free open source ANSI-C Compiler
                                      3 ; Version 4.1.0 #12072 (MINGW64)
                                      4 ;--------------------------------------------------------
                                      5 	.module main
                                      6 	.optsdcc -mmcs51 --model-small
                                      7 	
                                      8 ;--------------------------------------------------------
                                      9 ; Public variables in this module
                                     10 ;--------------------------------------------------------
                                     11 	.globl _main
                                     12 	.globl _oledSendData
                                     13 	.globl _OLED_SetCursor
                                     14 	.globl _OLED_Init
                                     15 	.globl _CY
                                     16 	.globl _AC
                                     17 	.globl _F0
                                     18 	.globl _RS1
                                     19 	.globl _RS0
                                     20 	.globl _OV
                                     21 	.globl _F1
                                     22 	.globl _P
                                     23 	.globl _PS
                                     24 	.globl _PT1
                                     25 	.globl _PX1
                                     26 	.globl _PT0
                                     27 	.globl _PX0
                                     28 	.globl _RD
                                     29 	.globl _WR
                                     30 	.globl _T1
                                     31 	.globl _T0
                                     32 	.globl _INT1
                                     33 	.globl _INT0
                                     34 	.globl _TXD
                                     35 	.globl _RXD
                                     36 	.globl _P3_7
                                     37 	.globl _P3_6
                                     38 	.globl _P3_5
                                     39 	.globl _P3_4
                                     40 	.globl _P3_3
                                     41 	.globl _P3_2
                                     42 	.globl _P3_1
                                     43 	.globl _P3_0
                                     44 	.globl _EA
                                     45 	.globl _ES
                                     46 	.globl _ET1
                                     47 	.globl _EX1
                                     48 	.globl _ET0
                                     49 	.globl _EX0
                                     50 	.globl _P2_7
                                     51 	.globl _P2_6
                                     52 	.globl _P2_5
                                     53 	.globl _P2_4
                                     54 	.globl _P2_3
                                     55 	.globl _P2_2
                                     56 	.globl _P2_1
                                     57 	.globl _P2_0
                                     58 	.globl _SM0
                                     59 	.globl _SM1
                                     60 	.globl _SM2
                                     61 	.globl _REN
                                     62 	.globl _TB8
                                     63 	.globl _RB8
                                     64 	.globl _TI
                                     65 	.globl _RI
                                     66 	.globl _P1_7
                                     67 	.globl _P1_6
                                     68 	.globl _P1_5
                                     69 	.globl _P1_4
                                     70 	.globl _P1_3
                                     71 	.globl _P1_2
                                     72 	.globl _P1_1
                                     73 	.globl _P1_0
                                     74 	.globl _TF1
                                     75 	.globl _TR1
                                     76 	.globl _TF0
                                     77 	.globl _TR0
                                     78 	.globl _IE1
                                     79 	.globl _IT1
                                     80 	.globl _IE0
                                     81 	.globl _IT0
                                     82 	.globl _P0_7
                                     83 	.globl _P0_6
                                     84 	.globl _P0_5
                                     85 	.globl _P0_4
                                     86 	.globl _P0_3
                                     87 	.globl _P0_2
                                     88 	.globl _P0_1
                                     89 	.globl _P0_0
                                     90 	.globl _B
                                     91 	.globl _ACC
                                     92 	.globl _PSW
                                     93 	.globl _IP
                                     94 	.globl _P3
                                     95 	.globl _IE
                                     96 	.globl _P2
                                     97 	.globl _SBUF
                                     98 	.globl _SCON
                                     99 	.globl _P1
                                    100 	.globl _TH1
                                    101 	.globl _TH0
                                    102 	.globl _TL1
                                    103 	.globl _TL0
                                    104 	.globl _TMOD
                                    105 	.globl _TCON
                                    106 	.globl _PCON
                                    107 	.globl _DPH
                                    108 	.globl _DPL
                                    109 	.globl _SP
                                    110 	.globl _P0
                                    111 	.globl _ball_y_location_now
                                    112 	.globl _ball_x_location_now
                                    113 	.globl _ball_vy_speed
                                    114 	.globl _ball_vx_speed
                                    115 	.globl _oled_init_display
                                    116 	.globl _compute_ball_location
                                    117 ;--------------------------------------------------------
                                    118 ; special function registers
                                    119 ;--------------------------------------------------------
                                    120 	.area RSEG    (ABS,DATA)
      000000                        121 	.org 0x0000
                           000080   122 _P0	=	0x0080
                           000081   123 _SP	=	0x0081
                           000082   124 _DPL	=	0x0082
                           000083   125 _DPH	=	0x0083
                           000087   126 _PCON	=	0x0087
                           000088   127 _TCON	=	0x0088
                           000089   128 _TMOD	=	0x0089
                           00008A   129 _TL0	=	0x008a
                           00008B   130 _TL1	=	0x008b
                           00008C   131 _TH0	=	0x008c
                           00008D   132 _TH1	=	0x008d
                           000090   133 _P1	=	0x0090
                           000098   134 _SCON	=	0x0098
                           000099   135 _SBUF	=	0x0099
                           0000A0   136 _P2	=	0x00a0
                           0000A8   137 _IE	=	0x00a8
                           0000B0   138 _P3	=	0x00b0
                           0000B8   139 _IP	=	0x00b8
                           0000D0   140 _PSW	=	0x00d0
                           0000E0   141 _ACC	=	0x00e0
                           0000F0   142 _B	=	0x00f0
                                    143 ;--------------------------------------------------------
                                    144 ; special function bits
                                    145 ;--------------------------------------------------------
                                    146 	.area RSEG    (ABS,DATA)
      000000                        147 	.org 0x0000
                           000080   148 _P0_0	=	0x0080
                           000081   149 _P0_1	=	0x0081
                           000082   150 _P0_2	=	0x0082
                           000083   151 _P0_3	=	0x0083
                           000084   152 _P0_4	=	0x0084
                           000085   153 _P0_5	=	0x0085
                           000086   154 _P0_6	=	0x0086
                           000087   155 _P0_7	=	0x0087
                           000088   156 _IT0	=	0x0088
                           000089   157 _IE0	=	0x0089
                           00008A   158 _IT1	=	0x008a
                           00008B   159 _IE1	=	0x008b
                           00008C   160 _TR0	=	0x008c
                           00008D   161 _TF0	=	0x008d
                           00008E   162 _TR1	=	0x008e
                           00008F   163 _TF1	=	0x008f
                           000090   164 _P1_0	=	0x0090
                           000091   165 _P1_1	=	0x0091
                           000092   166 _P1_2	=	0x0092
                           000093   167 _P1_3	=	0x0093
                           000094   168 _P1_4	=	0x0094
                           000095   169 _P1_5	=	0x0095
                           000096   170 _P1_6	=	0x0096
                           000097   171 _P1_7	=	0x0097
                           000098   172 _RI	=	0x0098
                           000099   173 _TI	=	0x0099
                           00009A   174 _RB8	=	0x009a
                           00009B   175 _TB8	=	0x009b
                           00009C   176 _REN	=	0x009c
                           00009D   177 _SM2	=	0x009d
                           00009E   178 _SM1	=	0x009e
                           00009F   179 _SM0	=	0x009f
                           0000A0   180 _P2_0	=	0x00a0
                           0000A1   181 _P2_1	=	0x00a1
                           0000A2   182 _P2_2	=	0x00a2
                           0000A3   183 _P2_3	=	0x00a3
                           0000A4   184 _P2_4	=	0x00a4
                           0000A5   185 _P2_5	=	0x00a5
                           0000A6   186 _P2_6	=	0x00a6
                           0000A7   187 _P2_7	=	0x00a7
                           0000A8   188 _EX0	=	0x00a8
                           0000A9   189 _ET0	=	0x00a9
                           0000AA   190 _EX1	=	0x00aa
                           0000AB   191 _ET1	=	0x00ab
                           0000AC   192 _ES	=	0x00ac
                           0000AF   193 _EA	=	0x00af
                           0000B0   194 _P3_0	=	0x00b0
                           0000B1   195 _P3_1	=	0x00b1
                           0000B2   196 _P3_2	=	0x00b2
                           0000B3   197 _P3_3	=	0x00b3
                           0000B4   198 _P3_4	=	0x00b4
                           0000B5   199 _P3_5	=	0x00b5
                           0000B6   200 _P3_6	=	0x00b6
                           0000B7   201 _P3_7	=	0x00b7
                           0000B0   202 _RXD	=	0x00b0
                           0000B1   203 _TXD	=	0x00b1
                           0000B2   204 _INT0	=	0x00b2
                           0000B3   205 _INT1	=	0x00b3
                           0000B4   206 _T0	=	0x00b4
                           0000B5   207 _T1	=	0x00b5
                           0000B6   208 _WR	=	0x00b6
                           0000B7   209 _RD	=	0x00b7
                           0000B8   210 _PX0	=	0x00b8
                           0000B9   211 _PT0	=	0x00b9
                           0000BA   212 _PX1	=	0x00ba
                           0000BB   213 _PT1	=	0x00bb
                           0000BC   214 _PS	=	0x00bc
                           0000D0   215 _P	=	0x00d0
                           0000D1   216 _F1	=	0x00d1
                           0000D2   217 _OV	=	0x00d2
                           0000D3   218 _RS0	=	0x00d3
                           0000D4   219 _RS1	=	0x00d4
                           0000D5   220 _F0	=	0x00d5
                           0000D6   221 _AC	=	0x00d6
                           0000D7   222 _CY	=	0x00d7
                                    223 ;--------------------------------------------------------
                                    224 ; overlayable register banks
                                    225 ;--------------------------------------------------------
                                    226 	.area REG_BANK_0	(REL,OVR,DATA)
      000000                        227 	.ds 8
                                    228 ;--------------------------------------------------------
                                    229 ; internal ram data
                                    230 ;--------------------------------------------------------
                                    231 	.area DSEG    (DATA)
      000000                        232 _ball_vx_speed::
      000000                        233 	.ds 4
      000004                        234 _ball_vy_speed::
      000004                        235 	.ds 4
      000008                        236 _ball_x_location_now::
      000008                        237 	.ds 4
      00000C                        238 _ball_y_location_now::
      00000C                        239 	.ds 4
      000010                        240 _compute_ball_location_ball_y_location_next_65536_32:
      000010                        241 	.ds 4
      000014                        242 _compute_ball_location_ball_x_location_int_65536_32:
      000014                        243 	.ds 1
      000015                        244 _compute_ball_location_ball_x_cnt_65536_32:
      000015                        245 	.ds 1
      000016                        246 _compute_ball_location_ball_x_i_65536_32:
      000016                        247 	.ds 1
      000017                        248 _compute_ball_location_ball_y_i_last_65536_32:
      000017                        249 	.ds 1
      000018                        250 _compute_ball_location_sloc0_1_0:
      000018                        251 	.ds 1
      000019                        252 _compute_ball_location_sloc2_1_0:
      000019                        253 	.ds 2
                                    254 ;--------------------------------------------------------
                                    255 ; overlayable items in internal ram 
                                    256 ;--------------------------------------------------------
                                    257 ;--------------------------------------------------------
                                    258 ; Stack segment in internal ram 
                                    259 ;--------------------------------------------------------
                                    260 	.area	SSEG
      000000                        261 __start__stack:
      000000                        262 	.ds	1
                                    263 
                                    264 ;--------------------------------------------------------
                                    265 ; indirectly addressable internal ram data
                                    266 ;--------------------------------------------------------
                                    267 	.area ISEG    (DATA)
                                    268 ;--------------------------------------------------------
                                    269 ; absolute internal ram data
                                    270 ;--------------------------------------------------------
                                    271 	.area IABS    (ABS,DATA)
                                    272 	.area IABS    (ABS,DATA)
                                    273 ;--------------------------------------------------------
                                    274 ; bit data
                                    275 ;--------------------------------------------------------
                                    276 	.area BSEG    (BIT)
      000000                        277 _compute_ball_location_sloc1_1_0:
      000000                        278 	.ds 1
                                    279 ;--------------------------------------------------------
                                    280 ; paged external ram data
                                    281 ;--------------------------------------------------------
                                    282 	.area PSEG    (PAG,XDATA)
                                    283 ;--------------------------------------------------------
                                    284 ; external ram data
                                    285 ;--------------------------------------------------------
                                    286 	.area XSEG    (XDATA)
                                    287 ;--------------------------------------------------------
                                    288 ; absolute external ram data
                                    289 ;--------------------------------------------------------
                                    290 	.area XABS    (ABS,XDATA)
                                    291 ;--------------------------------------------------------
                                    292 ; external initialized ram data
                                    293 ;--------------------------------------------------------
                                    294 	.area XISEG   (XDATA)
                                    295 	.area HOME    (CODE)
                                    296 	.area GSINIT0 (CODE)
                                    297 	.area GSINIT1 (CODE)
                                    298 	.area GSINIT2 (CODE)
                                    299 	.area GSINIT3 (CODE)
                                    300 	.area GSINIT4 (CODE)
                                    301 	.area GSINIT5 (CODE)
                                    302 	.area GSINIT  (CODE)
                                    303 	.area GSFINAL (CODE)
                                    304 	.area CSEG    (CODE)
                                    305 ;--------------------------------------------------------
                                    306 ; interrupt vector 
                                    307 ;--------------------------------------------------------
                                    308 	.area HOME    (CODE)
      000000                        309 __interrupt_vect:
      000000 02r00r00         [24]  310 	ljmp	__sdcc_gsinit_startup
                                    311 ;--------------------------------------------------------
                                    312 ; global & static initialisations
                                    313 ;--------------------------------------------------------
                                    314 	.area HOME    (CODE)
                                    315 	.area GSINIT  (CODE)
                                    316 	.area GSFINAL (CODE)
                                    317 	.area GSINIT  (CODE)
                                    318 	.globl __sdcc_gsinit_startup
                                    319 	.globl __sdcc_program_startup
                                    320 	.globl __start__stack
                                    321 	.globl __mcs51_genXINIT
                                    322 	.globl __mcs51_genXRAMCLEAR
                                    323 	.globl __mcs51_genRAMCLEAR
                                    324 ;	./src/main.c:16: float ball_vx_speed = 1.0;				// # move tile along x axis per time
      000000 E4               [12]  325 	clr	a
      000001 F5*00            [12]  326 	mov	_ball_vx_speed,a
      000003 F5*01            [12]  327 	mov	(_ball_vx_speed + 1),a
      000005 75*02 80         [24]  328 	mov	(_ball_vx_speed + 2),#0x80
      000008 75*03 3F         [24]  329 	mov	(_ball_vx_speed + 3),#0x3f
                                    330 ;	./src/main.c:17: float ball_vy_speed = 2.0;				// # move tile along y axis per time
      00000B F5*04            [12]  331 	mov	_ball_vy_speed,a
      00000D F5*05            [12]  332 	mov	(_ball_vy_speed + 1),a
      00000F F5*06            [12]  333 	mov	(_ball_vy_speed + 2),a
      000011 75*07 40         [24]  334 	mov	(_ball_vy_speed + 3),#0x40
                                    335 ;	./src/main.c:19: float ball_x_location_now = 50.0;		// Initial location
      000014 F5*08            [12]  336 	mov	_ball_x_location_now,a
      000016 F5*09            [12]  337 	mov	(_ball_x_location_now + 1),a
      000018 75*0A 48         [24]  338 	mov	(_ball_x_location_now + 2),#0x48
      00001B 75*0B 42         [24]  339 	mov	(_ball_x_location_now + 3),#0x42
                                    340 ;	./src/main.c:20: float ball_y_location_now = 4.0;		// Initial location
      00001E F5*0C            [12]  341 	mov	_ball_y_location_now,a
      000020 F5*0D            [12]  342 	mov	(_ball_y_location_now + 1),a
      000022 75*0E 80         [24]  343 	mov	(_ball_y_location_now + 2),#0x80
      000025 75*0F 40         [24]  344 	mov	(_ball_y_location_now + 3),#0x40
                                    345 	.area GSFINAL (CODE)
      000000 02r00r03         [24]  346 	ljmp	__sdcc_program_startup
                                    347 ;--------------------------------------------------------
                                    348 ; Home
                                    349 ;--------------------------------------------------------
                                    350 	.area HOME    (CODE)
                                    351 	.area HOME    (CODE)
      000003                        352 __sdcc_program_startup:
      000003 02r00r00         [24]  353 	ljmp	_main
                                    354 ;	return from main will return to caller
                                    355 ;--------------------------------------------------------
                                    356 ; code
                                    357 ;--------------------------------------------------------
                                    358 	.area CSEG    (CODE)
                                    359 ;------------------------------------------------------------
                                    360 ;Allocation info for local variables in function 'main'
                                    361 ;------------------------------------------------------------
                                    362 ;	./src/main.c:22: int main()
                                    363 ;	-----------------------------------------
                                    364 ;	 function main
                                    365 ;	-----------------------------------------
      000000                        366 _main:
                           000007   367 	ar7 = 0x07
                           000006   368 	ar6 = 0x06
                           000005   369 	ar5 = 0x05
                           000004   370 	ar4 = 0x04
                           000003   371 	ar3 = 0x03
                           000002   372 	ar2 = 0x02
                           000001   373 	ar1 = 0x01
                           000000   374 	ar0 = 0x00
                                    375 ;	./src/main.c:27: SDA = HIGH;
                                    376 ;	assignBit
      000000 D2 81            [12]  377 	setb	_P0_1
                                    378 ;	./src/main.c:28: SCL = HIGH;
                                    379 ;	assignBit
      000002 D2 80            [12]  380 	setb	_P0_0
                                    381 ;	./src/main.c:31: OLED_Init();
      000004 12r00r00         [24]  382 	lcall	_OLED_Init
                                    383 ;	./src/main.c:32: oled_init_display();
      000007 12r00r0F         [24]  384 	lcall	_oled_init_display
                                    385 ;	./src/main.c:34: while(1)
      00000A                        386 00102$:
                                    387 ;	./src/main.c:36: compute_ball_location();
      00000A 12r00r8F         [24]  388 	lcall	_compute_ball_location
                                    389 ;	./src/main.c:38: }
      00000D 80 FB            [24]  390 	sjmp	00102$
                                    391 ;------------------------------------------------------------
                                    392 ;Allocation info for local variables in function 'oled_init_display'
                                    393 ;------------------------------------------------------------
                                    394 ;oled_clean_col            Allocated to registers r5 
                                    395 ;oled_clean_page           Allocated to registers r7 
                                    396 ;------------------------------------------------------------
                                    397 ;	./src/main.c:41: void oled_init_display(void)
                                    398 ;	-----------------------------------------
                                    399 ;	 function oled_init_display
                                    400 ;	-----------------------------------------
      00000F                        401 _oled_init_display:
                                    402 ;	./src/main.c:44: for(oled_clean_page = 0 ; oled_clean_page < 8 ; oled_clean_page++)
      00000F 7F 00            [12]  403 	mov	r7,#0x00
      000011                        404 00115$:
                                    405 ;	./src/main.c:46: OLED_SetCursor(oled_clean_page, 0);
      000011 75*00 00         [24]  406 	mov	_OLED_SetCursor_PARM_2,#0x00
      000014 8F 82            [24]  407 	mov	dpl,r7
      000016 C0 07            [24]  408 	push	ar7
      000018 12r00r00         [24]  409 	lcall	_OLED_SetCursor
      00001B D0 07            [24]  410 	pop	ar7
                                    411 ;	./src/main.c:47: for(oled_clean_col= 0 ; oled_clean_col < 128 ; oled_clean_col ++) 
      00001D E4               [12]  412 	clr	a
      00001E BF 07 01         [24]  413 	cjne	r7,#0x07,00145$
      000021 04               [12]  414 	inc	a
      000022                        415 00145$:
      000022 FE               [12]  416 	mov	r6,a
      000023 7D 00            [12]  417 	mov	r5,#0x00
      000025                        418 00113$:
                                    419 ;	./src/main.c:49: if((oled_clean_col == 0) || (oled_clean_col == 127))
      000025 ED               [12]  420 	mov	a,r5
      000026 60 03            [24]  421 	jz	00107$
      000028 BD 7F 14         [24]  422 	cjne	r5,#0x7f,00108$
      00002B                        423 00107$:
                                    424 ;	./src/main.c:50: oledSendData(0xff);
      00002B 75 82 FF         [24]  425 	mov	dpl,#0xff
      00002E C0 07            [24]  426 	push	ar7
      000030 C0 06            [24]  427 	push	ar6
      000032 C0 05            [24]  428 	push	ar5
      000034 12r00r00         [24]  429 	lcall	_oledSendData
      000037 D0 05            [24]  430 	pop	ar5
      000039 D0 06            [24]  431 	pop	ar6
      00003B D0 07            [24]  432 	pop	ar7
      00003D 80 40            [24]  433 	sjmp	00114$
      00003F                        434 00108$:
                                    435 ;	./src/main.c:51: else if(oled_clean_page == 0)
      00003F EF               [12]  436 	mov	a,r7
      000040 70 14            [24]  437 	jnz	00105$
                                    438 ;	./src/main.c:52: oledSendData(0x01);
      000042 75 82 01         [24]  439 	mov	dpl,#0x01
      000045 C0 07            [24]  440 	push	ar7
      000047 C0 06            [24]  441 	push	ar6
      000049 C0 05            [24]  442 	push	ar5
      00004B 12r00r00         [24]  443 	lcall	_oledSendData
      00004E D0 05            [24]  444 	pop	ar5
      000050 D0 06            [24]  445 	pop	ar6
      000052 D0 07            [24]  446 	pop	ar7
      000054 80 29            [24]  447 	sjmp	00114$
      000056                        448 00105$:
                                    449 ;	./src/main.c:53: else if(oled_clean_page == 7)
      000056 EE               [12]  450 	mov	a,r6
      000057 60 14            [24]  451 	jz	00102$
                                    452 ;	./src/main.c:54: oledSendData(0x80);
      000059 75 82 80         [24]  453 	mov	dpl,#0x80
      00005C C0 07            [24]  454 	push	ar7
      00005E C0 06            [24]  455 	push	ar6
      000060 C0 05            [24]  456 	push	ar5
      000062 12r00r00         [24]  457 	lcall	_oledSendData
      000065 D0 05            [24]  458 	pop	ar5
      000067 D0 06            [24]  459 	pop	ar6
      000069 D0 07            [24]  460 	pop	ar7
      00006B 80 12            [24]  461 	sjmp	00114$
      00006D                        462 00102$:
                                    463 ;	./src/main.c:56: oledSendData(0x00);
      00006D 75 82 00         [24]  464 	mov	dpl,#0x00
      000070 C0 07            [24]  465 	push	ar7
      000072 C0 06            [24]  466 	push	ar6
      000074 C0 05            [24]  467 	push	ar5
      000076 12r00r00         [24]  468 	lcall	_oledSendData
      000079 D0 05            [24]  469 	pop	ar5
      00007B D0 06            [24]  470 	pop	ar6
      00007D D0 07            [24]  471 	pop	ar7
      00007F                        472 00114$:
                                    473 ;	./src/main.c:47: for(oled_clean_col= 0 ; oled_clean_col < 128 ; oled_clean_col ++) 
      00007F 0D               [12]  474 	inc	r5
      000080 BD 80 00         [24]  475 	cjne	r5,#0x80,00152$
      000083                        476 00152$:
      000083 40 A0            [24]  477 	jc	00113$
                                    478 ;	./src/main.c:44: for(oled_clean_page = 0 ; oled_clean_page < 8 ; oled_clean_page++)
      000085 0F               [12]  479 	inc	r7
      000086 BF 08 00         [24]  480 	cjne	r7,#0x08,00154$
      000089                        481 00154$:
      000089 50 03            [24]  482 	jnc	00155$
      00008B 02r00r11         [24]  483 	ljmp	00115$
      00008E                        484 00155$:
                                    485 ;	./src/main.c:60: }
      00008E 22               [24]  486 	ret
                                    487 ;------------------------------------------------------------
                                    488 ;Allocation info for local variables in function 'compute_ball_location'
                                    489 ;------------------------------------------------------------
                                    490 ;ball_x_location_next      Allocated to registers r4 r5 r6 r7 
                                    491 ;ball_y_location_next      Allocated with name '_compute_ball_location_ball_y_location_next_65536_32'
                                    492 ;ball_x_location_int       Allocated with name '_compute_ball_location_ball_x_location_int_65536_32'
                                    493 ;ball_y_location_int       Allocated to registers r6 
                                    494 ;ball_x_cnt                Allocated with name '_compute_ball_location_ball_x_cnt_65536_32'
                                    495 ;ball_y_cnt                Allocated to registers r3 
                                    496 ;ball_x_i                  Allocated with name '_compute_ball_location_ball_x_i_65536_32'
                                    497 ;ball_y_i                  Allocated to registers r0 
                                    498 ;ball_y_i_last             Allocated with name '_compute_ball_location_ball_y_i_last_65536_32'
                                    499 ;ball_oled_buf             Allocated to registers r4 
                                    500 ;sloc0                     Allocated with name '_compute_ball_location_sloc0_1_0'
                                    501 ;sloc2                     Allocated with name '_compute_ball_location_sloc2_1_0'
                                    502 ;------------------------------------------------------------
                                    503 ;	./src/main.c:62: void compute_ball_location(void)
                                    504 ;	-----------------------------------------
                                    505 ;	 function compute_ball_location
                                    506 ;	-----------------------------------------
      00008F                        507 _compute_ball_location:
                                    508 ;	./src/main.c:81: ball_x_location_int = ball_x_location_now;
      00008F 85*08 82         [24]  509 	mov	dpl,_ball_x_location_now
      000092 85*09 83         [24]  510 	mov	dph,(_ball_x_location_now + 1)
      000095 85*0A F0         [24]  511 	mov	b,(_ball_x_location_now + 2)
      000098 E5*0B            [12]  512 	mov	a,(_ball_x_location_now + 3)
      00009A 12r00r00         [24]  513 	lcall	___fs2uchar
      00009D AF 82            [24]  514 	mov	r7,dpl
                                    515 ;	./src/main.c:82: ball_y_location_int = ball_y_location_now;
      00009F 85*0C 82         [24]  516 	mov	dpl,_ball_y_location_now
      0000A2 85*0D 83         [24]  517 	mov	dph,(_ball_y_location_now + 1)
      0000A5 85*0E F0         [24]  518 	mov	b,(_ball_y_location_now + 2)
      0000A8 E5*0F            [12]  519 	mov	a,(_ball_y_location_now + 3)
      0000AA C0 07            [24]  520 	push	ar7
      0000AC 12r00r00         [24]  521 	lcall	___fs2uchar
      0000AF AE 82            [24]  522 	mov	r6,dpl
      0000B1 D0 07            [24]  523 	pop	ar7
                                    524 ;	./src/main.c:84: for(ball_x_cnt = 0; ball_x_cnt < ball_x_size; ball_x_cnt ++)		// Erase ball from its left to right
      0000B3 7D 00            [12]  525 	mov	r5,#0x00
      0000B5                        526 00136$:
                                    527 ;	./src/main.c:86: ball_x_i = ball_x_location_int + ball_x_cnt;
      0000B5 ED               [12]  528 	mov	a,r5
      0000B6 2F               [12]  529 	add	a,r7
      0000B7 FC               [12]  530 	mov	r4,a
                                    531 ;	./src/main.c:89: for(ball_y_cnt = 0; ball_y_cnt < ball_y_size; ball_y_cnt ++)	// Erase ball from its top to buttom
      0000B8 7B 00            [12]  532 	mov	r3,#0x00
      0000BA                        533 00134$:
                                    534 ;	./src/main.c:91: ball_y_i = ball_y_location_int + ball_y_cnt;
      0000BA EB               [12]  535 	mov	a,r3
      0000BB 2E               [12]  536 	add	a,r6
                                    537 ;	./src/main.c:93: if((ball_y_i / 8) == 0)
      0000BC FA               [12]  538 	mov	r2,a
      0000BD F8               [12]  539 	mov	r0,a
      0000BE 79 00            [12]  540 	mov	r1,#0x00
      0000C0 75*00 08         [24]  541 	mov	__divsint_PARM_2,#0x08
                                    542 ;	1-genFromRTrack replaced	mov	(__divsint_PARM_2 + 1),#0x00
      0000C3 89*01            [24]  543 	mov	(__divsint_PARM_2 + 1),r1
      0000C5 88 82            [24]  544 	mov	dpl,r0
      0000C7 89 83            [24]  545 	mov	dph,r1
      0000C9 C0 07            [24]  546 	push	ar7
      0000CB C0 06            [24]  547 	push	ar6
      0000CD C0 05            [24]  548 	push	ar5
      0000CF C0 04            [24]  549 	push	ar4
      0000D1 C0 03            [24]  550 	push	ar3
      0000D3 C0 02            [24]  551 	push	ar2
      0000D5 12r00r00         [24]  552 	lcall	__divsint
      0000D8 A8 82            [24]  553 	mov	r0,dpl
      0000DA A9 83            [24]  554 	mov	r1,dph
      0000DC D0 02            [24]  555 	pop	ar2
      0000DE D0 03            [24]  556 	pop	ar3
      0000E0 D0 04            [24]  557 	pop	ar4
      0000E2 D0 05            [24]  558 	pop	ar5
      0000E4 D0 06            [24]  559 	pop	ar6
      0000E6 D0 07            [24]  560 	pop	ar7
      0000E8 E8               [12]  561 	mov	a,r0
      0000E9 49               [12]  562 	orl	a,r1
      0000EA 70 05            [24]  563 	jnz	00105$
                                    564 ;	./src/main.c:94: ball_oled_buf =  0x01;									// Erase, but keep the buttom boundary
      0000EC 75*18 01         [24]  565 	mov	_compute_ball_location_sloc0_1_0,#0x01
      0000EF 80 0E            [24]  566 	sjmp	00106$
      0000F1                        567 00105$:
                                    568 ;	./src/main.c:95: else if((ball_y_i / 8) == 7)
      0000F1 B8 07 08         [24]  569 	cjne	r0,#0x07,00102$
      0000F4 B9 00 05         [24]  570 	cjne	r1,#0x00,00102$
                                    571 ;	./src/main.c:96: ball_oled_buf = 0x80;									// Erase, but keep the top boundary
      0000F7 75*18 80         [24]  572 	mov	_compute_ball_location_sloc0_1_0,#0x80
      0000FA 80 03            [24]  573 	sjmp	00106$
      0000FC                        574 00102$:
                                    575 ;	./src/main.c:98: ball_oled_buf = 0x00;									// Erase
      0000FC 75*18 00         [24]  576 	mov	_compute_ball_location_sloc0_1_0,#0x00
      0000FF                        577 00106$:
                                    578 ;	./src/main.c:100: OLED_SetCursor(ball_y_i / 8, ball_x_i);
      0000FF 8A 01            [24]  579 	mov	ar1,r2
      000101 7A 00            [12]  580 	mov	r2,#0x00
      000103 75*00 08         [24]  581 	mov	__divsint_PARM_2,#0x08
                                    582 ;	1-genFromRTrack replaced	mov	(__divsint_PARM_2 + 1),#0x00
      000106 8A*01            [24]  583 	mov	(__divsint_PARM_2 + 1),r2
      000108 89 82            [24]  584 	mov	dpl,r1
      00010A 8A 83            [24]  585 	mov	dph,r2
      00010C C0 07            [24]  586 	push	ar7
      00010E C0 06            [24]  587 	push	ar6
      000110 C0 05            [24]  588 	push	ar5
      000112 C0 04            [24]  589 	push	ar4
      000114 C0 03            [24]  590 	push	ar3
      000116 12r00r00         [24]  591 	lcall	__divsint
      000119 A9 82            [24]  592 	mov	r1,dpl
      00011B D0 03            [24]  593 	pop	ar3
      00011D D0 04            [24]  594 	pop	ar4
      00011F 89 82            [24]  595 	mov	dpl,r1
      000121 8C*00            [24]  596 	mov	_OLED_SetCursor_PARM_2,r4
      000123 C0 04            [24]  597 	push	ar4
      000125 C0 03            [24]  598 	push	ar3
      000127 12r00r00         [24]  599 	lcall	_OLED_SetCursor
                                    600 ;	./src/main.c:101: oledSendData(ball_oled_buf);
      00012A 85*18 82         [24]  601 	mov	dpl,_compute_ball_location_sloc0_1_0
      00012D 12r00r00         [24]  602 	lcall	_oledSendData
      000130 D0 03            [24]  603 	pop	ar3
      000132 D0 04            [24]  604 	pop	ar4
      000134 D0 05            [24]  605 	pop	ar5
      000136 D0 06            [24]  606 	pop	ar6
      000138 D0 07            [24]  607 	pop	ar7
                                    608 ;	./src/main.c:89: for(ball_y_cnt = 0; ball_y_cnt < ball_y_size; ball_y_cnt ++)	// Erase ball from its top to buttom
      00013A 0B               [12]  609 	inc	r3
      00013B BB 02 00         [24]  610 	cjne	r3,#0x02,00241$
      00013E                        611 00241$:
      00013E 50 03            [24]  612 	jnc	00242$
      000140 02r00rBA         [24]  613 	ljmp	00134$
      000143                        614 00242$:
                                    615 ;	./src/main.c:84: for(ball_x_cnt = 0; ball_x_cnt < ball_x_size; ball_x_cnt ++)		// Erase ball from its left to right
      000143 0D               [12]  616 	inc	r5
      000144 BD 02 00         [24]  617 	cjne	r5,#0x02,00243$
      000147                        618 00243$:
      000147 50 03            [24]  619 	jnc	00244$
      000149 02r00rB5         [24]  620 	ljmp	00136$
      00014C                        621 00244$:
                                    622 ;	./src/main.c:106: ball_x_location_next = ball_x_location_now + ball_vx_speed;			// Compute next location
      00014C C0*00            [24]  623 	push	_ball_vx_speed
      00014E C0*01            [24]  624 	push	(_ball_vx_speed + 1)
      000150 C0*02            [24]  625 	push	(_ball_vx_speed + 2)
      000152 C0*03            [24]  626 	push	(_ball_vx_speed + 3)
      000154 85*08 82         [24]  627 	mov	dpl,_ball_x_location_now
      000157 85*09 83         [24]  628 	mov	dph,(_ball_x_location_now + 1)
      00015A 85*0A F0         [24]  629 	mov	b,(_ball_x_location_now + 2)
      00015D E5*0B            [12]  630 	mov	a,(_ball_x_location_now + 3)
      00015F 12r00r00         [24]  631 	lcall	___fsadd
      000162 AC 82            [24]  632 	mov	r4,dpl
      000164 AD 83            [24]  633 	mov	r5,dph
      000166 AE F0            [24]  634 	mov	r6,b
      000168 FF               [12]  635 	mov	r7,a
      000169 E5 81            [12]  636 	mov	a,sp
      00016B 24 FC            [12]  637 	add	a,#0xfc
      00016D F5 81            [12]  638 	mov	sp,a
                                    639 ;	./src/main.c:107: ball_y_location_next = ball_y_location_now + ball_vy_speed;			// Compute next location
      00016F C0 07            [24]  640 	push	ar7
      000171 C0 06            [24]  641 	push	ar6
      000173 C0 05            [24]  642 	push	ar5
      000175 C0 04            [24]  643 	push	ar4
      000177 C0*04            [24]  644 	push	_ball_vy_speed
      000179 C0*05            [24]  645 	push	(_ball_vy_speed + 1)
      00017B C0*06            [24]  646 	push	(_ball_vy_speed + 2)
      00017D C0*07            [24]  647 	push	(_ball_vy_speed + 3)
      00017F 85*0C 82         [24]  648 	mov	dpl,_ball_y_location_now
      000182 85*0D 83         [24]  649 	mov	dph,(_ball_y_location_now + 1)
      000185 85*0E F0         [24]  650 	mov	b,(_ball_y_location_now + 2)
      000188 E5*0F            [12]  651 	mov	a,(_ball_y_location_now + 3)
      00018A 12r00r00         [24]  652 	lcall	___fsadd
      00018D 85 82*10         [24]  653 	mov	_compute_ball_location_ball_y_location_next_65536_32,dpl
      000190 85 83*11         [24]  654 	mov	(_compute_ball_location_ball_y_location_next_65536_32 + 1),dph
      000193 85 F0*12         [24]  655 	mov	(_compute_ball_location_ball_y_location_next_65536_32 + 2),b
      000196 F5*13            [12]  656 	mov	(_compute_ball_location_ball_y_location_next_65536_32 + 3),a
      000198 E5 81            [12]  657 	mov	a,sp
      00019A 24 FC            [12]  658 	add	a,#0xfc
      00019C F5 81            [12]  659 	mov	sp,a
      00019E D0 04            [24]  660 	pop	ar4
      0001A0 D0 05            [24]  661 	pop	ar5
      0001A2 D0 06            [24]  662 	pop	ar6
      0001A4 D0 07            [24]  663 	pop	ar7
                                    664 ;	./src/main.c:109: if(ball_x_location_next <= ball_x_boundary1)						// If hit left boundary
      0001A6 C0 07            [24]  665 	push	ar7
      0001A8 C0 06            [24]  666 	push	ar6
      0001AA C0 05            [24]  667 	push	ar5
      0001AC C0 04            [24]  668 	push	ar4
      0001AE C0 04            [24]  669 	push	ar4
      0001B0 C0 05            [24]  670 	push	ar5
      0001B2 C0 06            [24]  671 	push	ar6
      0001B4 C0 07            [24]  672 	push	ar7
      0001B6 90 00 00         [24]  673 	mov	dptr,#(0x00&0x00ff)
      0001B9 E4               [12]  674 	clr	a
      0001BA F5 F0            [12]  675 	mov	b,a
      0001BC 12r00r00         [24]  676 	lcall	___fslt
      0001BF E5 81            [12]  677 	mov	a,sp
      0001C1 24 FC            [12]  678 	add	a,#0xfc
      0001C3 F5 81            [12]  679 	mov	sp,a
      0001C5 D0 04            [24]  680 	pop	ar4
      0001C7 D0 05            [24]  681 	pop	ar5
      0001C9 D0 06            [24]  682 	pop	ar6
      0001CB D0 07            [24]  683 	pop	ar7
      0001CD E5 82            [12]  684 	mov	a,dpl
      0001CF 24 FF            [12]  685 	add	a,#0xff
      0001D1 92*00            [24]  686 	mov	_compute_ball_location_sloc1_1_0,c
      0001D3 40 29            [24]  687 	jc	00112$
                                    688 ;	./src/main.c:111: ball_x_location_next = ball_x_boundary1 + (ball_x_boundary1 - ball_x_location_next + 1) ;
      0001D5 C0 04            [24]  689 	push	ar4
      0001D7 C0 05            [24]  690 	push	ar5
      0001D9 C0 06            [24]  691 	push	ar6
      0001DB C0 07            [24]  692 	push	ar7
      0001DD 90 00 00         [24]  693 	mov	dptr,#0x0000
      0001E0 75 F0 80         [24]  694 	mov	b,#0x80
      0001E3 74 3F            [12]  695 	mov	a,#0x3f
      0001E5 12r00r00         [24]  696 	lcall	___fssub
      0001E8 AC 82            [24]  697 	mov	r4,dpl
      0001EA AD 83            [24]  698 	mov	r5,dph
      0001EC AE F0            [24]  699 	mov	r6,b
      0001EE FF               [12]  700 	mov	r7,a
      0001EF E5 81            [12]  701 	mov	a,sp
      0001F1 24 FC            [12]  702 	add	a,#0xfc
      0001F3 F5 81            [12]  703 	mov	sp,a
                                    704 ;	./src/main.c:112: ball_vx_speed = -ball_vx_speed;
      0001F5 E5*03            [12]  705 	mov	a,(_ball_vx_speed + 3)
      0001F7 B2 E7            [12]  706 	cpl	acc.7
      0001F9 F5*03            [12]  707 	mov	(_ball_vx_speed + 3),a
      0001FB 02r02r7D         [24]  708 	ljmp	00113$
      0001FE                        709 00112$:
                                    710 ;	./src/main.c:114: else if(ball_x_location_next >= ball_x_boundary2)					// If hit right boundary
      0001FE C0 07            [24]  711 	push	ar7
      000200 C0 06            [24]  712 	push	ar6
      000202 C0 05            [24]  713 	push	ar5
      000204 C0 04            [24]  714 	push	ar4
      000206 E4               [12]  715 	clr	a
      000207 C0 E0            [24]  716 	push	acc
      000209 C0 E0            [24]  717 	push	acc
      00020B 74 FC            [12]  718 	mov	a,#0xfc
      00020D C0 E0            [24]  719 	push	acc
      00020F 74 42            [12]  720 	mov	a,#0x42
      000211 C0 E0            [24]  721 	push	acc
      000213 8C 82            [24]  722 	mov	dpl,r4
      000215 8D 83            [24]  723 	mov	dph,r5
      000217 8E F0            [24]  724 	mov	b,r6
      000219 EF               [12]  725 	mov	a,r7
      00021A 12r00r00         [24]  726 	lcall	___fslt
      00021D E5 81            [12]  727 	mov	a,sp
      00021F 24 FC            [12]  728 	add	a,#0xfc
      000221 F5 81            [12]  729 	mov	sp,a
      000223 D0 04            [24]  730 	pop	ar4
      000225 D0 05            [24]  731 	pop	ar5
      000227 D0 06            [24]  732 	pop	ar6
      000229 D0 07            [24]  733 	pop	ar7
      00022B E5 82            [12]  734 	mov	a,dpl
      00022D 24 FF            [12]  735 	add	a,#0xff
      00022F 92*00            [24]  736 	mov	_compute_ball_location_sloc1_1_0,c
      000231 40 4A            [24]  737 	jc	00113$
                                    738 ;	./src/main.c:116: ball_x_location_next = ball_x_boundary2 - (ball_x_location_next - ball_x_boundary2 + 1) ;
      000233 E4               [12]  739 	clr	a
      000234 C0 E0            [24]  740 	push	acc
      000236 C0 E0            [24]  741 	push	acc
      000238 74 FA            [12]  742 	mov	a,#0xfa
      00023A C0 E0            [24]  743 	push	acc
      00023C 74 C2            [12]  744 	mov	a,#0xc2
      00023E C0 E0            [24]  745 	push	acc
      000240 8C 82            [24]  746 	mov	dpl,r4
      000242 8D 83            [24]  747 	mov	dph,r5
      000244 8E F0            [24]  748 	mov	b,r6
      000246 EF               [12]  749 	mov	a,r7
      000247 12r00r00         [24]  750 	lcall	___fsadd
      00024A A8 82            [24]  751 	mov	r0,dpl
      00024C A9 83            [24]  752 	mov	r1,dph
      00024E AA F0            [24]  753 	mov	r2,b
      000250 FB               [12]  754 	mov	r3,a
      000251 E5 81            [12]  755 	mov	a,sp
      000253 24 FC            [12]  756 	add	a,#0xfc
      000255 F5 81            [12]  757 	mov	sp,a
      000257 C0 00            [24]  758 	push	ar0
      000259 C0 01            [24]  759 	push	ar1
      00025B C0 02            [24]  760 	push	ar2
      00025D C0 03            [24]  761 	push	ar3
      00025F 90 00 00         [24]  762 	mov	dptr,#0x0000
      000262 75 F0 FC         [24]  763 	mov	b,#0xfc
      000265 74 42            [12]  764 	mov	a,#0x42
      000267 12r00r00         [24]  765 	lcall	___fssub
      00026A AC 82            [24]  766 	mov	r4,dpl
      00026C AD 83            [24]  767 	mov	r5,dph
      00026E AE F0            [24]  768 	mov	r6,b
      000270 FF               [12]  769 	mov	r7,a
      000271 E5 81            [12]  770 	mov	a,sp
      000273 24 FC            [12]  771 	add	a,#0xfc
      000275 F5 81            [12]  772 	mov	sp,a
                                    773 ;	./src/main.c:117: ball_vx_speed = -ball_vx_speed;
      000277 E5*03            [12]  774 	mov	a,(_ball_vx_speed + 3)
      000279 B2 E7            [12]  775 	cpl	acc.7
      00027B F5*03            [12]  776 	mov	(_ball_vx_speed + 3),a
      00027D                        777 00113$:
                                    778 ;	./src/main.c:120: if(ball_y_location_next <= ball_y_boundary1)						// If hit top boundary
      00027D C0 07            [24]  779 	push	ar7
      00027F C0 06            [24]  780 	push	ar6
      000281 C0 05            [24]  781 	push	ar5
      000283 C0 04            [24]  782 	push	ar4
      000285 C0*10            [24]  783 	push	_compute_ball_location_ball_y_location_next_65536_32
      000287 C0*11            [24]  784 	push	(_compute_ball_location_ball_y_location_next_65536_32 + 1)
      000289 C0*12            [24]  785 	push	(_compute_ball_location_ball_y_location_next_65536_32 + 2)
      00028B C0*13            [24]  786 	push	(_compute_ball_location_ball_y_location_next_65536_32 + 3)
      00028D 90 00 00         [24]  787 	mov	dptr,#(0x00&0x00ff)
      000290 E4               [12]  788 	clr	a
      000291 F5 F0            [12]  789 	mov	b,a
      000293 12r00r00         [24]  790 	lcall	___fslt
      000296 E5 81            [12]  791 	mov	a,sp
      000298 24 FC            [12]  792 	add	a,#0xfc
      00029A F5 81            [12]  793 	mov	sp,a
      00029C D0 04            [24]  794 	pop	ar4
      00029E D0 05            [24]  795 	pop	ar5
      0002A0 D0 06            [24]  796 	pop	ar6
      0002A2 D0 07            [24]  797 	pop	ar7
      0002A4 E5 82            [12]  798 	mov	a,dpl
      0002A6 24 FF            [12]  799 	add	a,#0xff
      0002A8 92*00            [24]  800 	mov	_compute_ball_location_sloc1_1_0,c
      0002AA 40 3D            [24]  801 	jc	00117$
                                    802 ;	./src/main.c:122: ball_y_location_next = ball_y_boundary1 + (ball_y_boundary1 - ball_y_location_next + 1) ;
      0002AC C0 07            [24]  803 	push	ar7
      0002AE C0 06            [24]  804 	push	ar6
      0002B0 C0 05            [24]  805 	push	ar5
      0002B2 C0 04            [24]  806 	push	ar4
      0002B4 C0*10            [24]  807 	push	_compute_ball_location_ball_y_location_next_65536_32
      0002B6 C0*11            [24]  808 	push	(_compute_ball_location_ball_y_location_next_65536_32 + 1)
      0002B8 C0*12            [24]  809 	push	(_compute_ball_location_ball_y_location_next_65536_32 + 2)
      0002BA C0*13            [24]  810 	push	(_compute_ball_location_ball_y_location_next_65536_32 + 3)
      0002BC 90 00 00         [24]  811 	mov	dptr,#0x0000
      0002BF 75 F0 80         [24]  812 	mov	b,#0x80
      0002C2 74 3F            [12]  813 	mov	a,#0x3f
      0002C4 12r00r00         [24]  814 	lcall	___fssub
      0002C7 85 82*10         [24]  815 	mov	_compute_ball_location_ball_y_location_next_65536_32,dpl
      0002CA 85 83*11         [24]  816 	mov	(_compute_ball_location_ball_y_location_next_65536_32 + 1),dph
      0002CD 85 F0*12         [24]  817 	mov	(_compute_ball_location_ball_y_location_next_65536_32 + 2),b
      0002D0 F5*13            [12]  818 	mov	(_compute_ball_location_ball_y_location_next_65536_32 + 3),a
      0002D2 E5 81            [12]  819 	mov	a,sp
      0002D4 24 FC            [12]  820 	add	a,#0xfc
      0002D6 F5 81            [12]  821 	mov	sp,a
      0002D8 D0 04            [24]  822 	pop	ar4
      0002DA D0 05            [24]  823 	pop	ar5
      0002DC D0 06            [24]  824 	pop	ar6
      0002DE D0 07            [24]  825 	pop	ar7
                                    826 ;	./src/main.c:123: ball_vy_speed = -ball_vy_speed;
      0002E0 E5*07            [12]  827 	mov	a,(_ball_vy_speed + 3)
      0002E2 B2 E7            [12]  828 	cpl	acc.7
      0002E4 F5*07            [12]  829 	mov	(_ball_vy_speed + 3),a
      0002E6 02r03r84         [24]  830 	ljmp	00118$
      0002E9                        831 00117$:
                                    832 ;	./src/main.c:125: else if(ball_y_location_next >= ball_y_boundary2)					// If hit buttom boundary
      0002E9 C0 07            [24]  833 	push	ar7
      0002EB C0 06            [24]  834 	push	ar6
      0002ED C0 05            [24]  835 	push	ar5
      0002EF C0 04            [24]  836 	push	ar4
      0002F1 E4               [12]  837 	clr	a
      0002F2 C0 E0            [24]  838 	push	acc
      0002F4 C0 E0            [24]  839 	push	acc
      0002F6 74 78            [12]  840 	mov	a,#0x78
      0002F8 C0 E0            [24]  841 	push	acc
      0002FA 74 42            [12]  842 	mov	a,#0x42
      0002FC C0 E0            [24]  843 	push	acc
      0002FE 85*10 82         [24]  844 	mov	dpl,_compute_ball_location_ball_y_location_next_65536_32
      000301 85*11 83         [24]  845 	mov	dph,(_compute_ball_location_ball_y_location_next_65536_32 + 1)
      000304 85*12 F0         [24]  846 	mov	b,(_compute_ball_location_ball_y_location_next_65536_32 + 2)
      000307 E5*13            [12]  847 	mov	a,(_compute_ball_location_ball_y_location_next_65536_32 + 3)
      000309 12r00r00         [24]  848 	lcall	___fslt
      00030C E5 81            [12]  849 	mov	a,sp
      00030E 24 FC            [12]  850 	add	a,#0xfc
      000310 F5 81            [12]  851 	mov	sp,a
      000312 D0 04            [24]  852 	pop	ar4
      000314 D0 05            [24]  853 	pop	ar5
      000316 D0 06            [24]  854 	pop	ar6
      000318 D0 07            [24]  855 	pop	ar7
      00031A E5 82            [12]  856 	mov	a,dpl
      00031C 24 FF            [12]  857 	add	a,#0xff
      00031E 92*00            [24]  858 	mov	_compute_ball_location_sloc1_1_0,c
      000320 40 62            [24]  859 	jc	00118$
                                    860 ;	./src/main.c:127: ball_y_location_next = ball_y_boundary2 - (ball_y_location_next - ball_y_boundary2 + 1) ;
      000322 C0 07            [24]  861 	push	ar7
      000324 C0 06            [24]  862 	push	ar6
      000326 C0 05            [24]  863 	push	ar5
      000328 C0 04            [24]  864 	push	ar4
      00032A E4               [12]  865 	clr	a
      00032B C0 E0            [24]  866 	push	acc
      00032D C0 E0            [24]  867 	push	acc
      00032F 74 74            [12]  868 	mov	a,#0x74
      000331 C0 E0            [24]  869 	push	acc
      000333 74 C2            [12]  870 	mov	a,#0xc2
      000335 C0 E0            [24]  871 	push	acc
      000337 85*10 82         [24]  872 	mov	dpl,_compute_ball_location_ball_y_location_next_65536_32
      00033A 85*11 83         [24]  873 	mov	dph,(_compute_ball_location_ball_y_location_next_65536_32 + 1)
      00033D 85*12 F0         [24]  874 	mov	b,(_compute_ball_location_ball_y_location_next_65536_32 + 2)
      000340 E5*13            [12]  875 	mov	a,(_compute_ball_location_ball_y_location_next_65536_32 + 3)
      000342 12r00r00         [24]  876 	lcall	___fsadd
      000345 A8 82            [24]  877 	mov	r0,dpl
      000347 A9 83            [24]  878 	mov	r1,dph
      000349 AA F0            [24]  879 	mov	r2,b
      00034B FB               [12]  880 	mov	r3,a
      00034C E5 81            [12]  881 	mov	a,sp
      00034E 24 FC            [12]  882 	add	a,#0xfc
      000350 F5 81            [12]  883 	mov	sp,a
      000352 C0 00            [24]  884 	push	ar0
      000354 C0 01            [24]  885 	push	ar1
      000356 C0 02            [24]  886 	push	ar2
      000358 C0 03            [24]  887 	push	ar3
      00035A 90 00 00         [24]  888 	mov	dptr,#0x0000
      00035D 75 F0 78         [24]  889 	mov	b,#0x78
      000360 74 42            [12]  890 	mov	a,#0x42
      000362 12r00r00         [24]  891 	lcall	___fssub
      000365 85 82*10         [24]  892 	mov	_compute_ball_location_ball_y_location_next_65536_32,dpl
      000368 85 83*11         [24]  893 	mov	(_compute_ball_location_ball_y_location_next_65536_32 + 1),dph
      00036B 85 F0*12         [24]  894 	mov	(_compute_ball_location_ball_y_location_next_65536_32 + 2),b
      00036E F5*13            [12]  895 	mov	(_compute_ball_location_ball_y_location_next_65536_32 + 3),a
      000370 E5 81            [12]  896 	mov	a,sp
      000372 24 FC            [12]  897 	add	a,#0xfc
      000374 F5 81            [12]  898 	mov	sp,a
      000376 D0 04            [24]  899 	pop	ar4
      000378 D0 05            [24]  900 	pop	ar5
      00037A D0 06            [24]  901 	pop	ar6
      00037C D0 07            [24]  902 	pop	ar7
                                    903 ;	./src/main.c:128: ball_vy_speed = -ball_vy_speed;
      00037E E5*07            [12]  904 	mov	a,(_ball_vy_speed + 3)
      000380 B2 E7            [12]  905 	cpl	acc.7
      000382 F5*07            [12]  906 	mov	(_ball_vy_speed + 3),a
      000384                        907 00118$:
                                    908 ;	./src/main.c:131: ball_x_location_now = ball_x_location_next;							// Update current location
      000384 8C*08            [24]  909 	mov	_ball_x_location_now,r4
      000386 8D*09            [24]  910 	mov	(_ball_x_location_now + 1),r5
      000388 8E*0A            [24]  911 	mov	(_ball_x_location_now + 2),r6
      00038A 8F*0B            [24]  912 	mov	(_ball_x_location_now + 3),r7
                                    913 ;	./src/main.c:132: ball_y_location_now = ball_y_location_next;							// Update current location
      00038C 85*10*0C         [24]  914 	mov	_ball_y_location_now,_compute_ball_location_ball_y_location_next_65536_32
      00038F 85*11*0D         [24]  915 	mov	(_ball_y_location_now + 1),(_compute_ball_location_ball_y_location_next_65536_32 + 1)
      000392 85*12*0E         [24]  916 	mov	(_ball_y_location_now + 2),(_compute_ball_location_ball_y_location_next_65536_32 + 2)
      000395 85*13*0F         [24]  917 	mov	(_ball_y_location_now + 3),(_compute_ball_location_ball_y_location_next_65536_32 + 3)
                                    918 ;	./src/main.c:136: ball_x_location_int = ball_x_location_now;
      000398 85*08 82         [24]  919 	mov	dpl,_ball_x_location_now
      00039B 85*09 83         [24]  920 	mov	dph,(_ball_x_location_now + 1)
      00039E 85*0A F0         [24]  921 	mov	b,(_ball_x_location_now + 2)
      0003A1 E5*0B            [12]  922 	mov	a,(_ball_x_location_now + 3)
      0003A3 12r00r00         [24]  923 	lcall	___fs2uchar
      0003A6 85 82*14         [24]  924 	mov	_compute_ball_location_ball_x_location_int_65536_32,dpl
                                    925 ;	./src/main.c:137: ball_y_location_int = ball_y_location_now;
      0003A9 85*0C 82         [24]  926 	mov	dpl,_ball_y_location_now
      0003AC 85*0D 83         [24]  927 	mov	dph,(_ball_y_location_now + 1)
      0003AF 85*0E F0         [24]  928 	mov	b,(_ball_y_location_now + 2)
      0003B2 E5*0F            [12]  929 	mov	a,(_ball_y_location_now + 3)
      0003B4 12r00r00         [24]  930 	lcall	___fs2uchar
      0003B7 AE 82            [24]  931 	mov	r6,dpl
                                    932 ;	./src/main.c:139: for(ball_x_cnt = 0; ball_x_cnt < ball_x_size; ball_x_cnt ++)		// Draw ball from its left to right
      0003B9 75*15 00         [24]  933 	mov	_compute_ball_location_ball_x_cnt_65536_32,#0x00
      0003BC                        934 00140$:
                                    935 ;	./src/main.c:141: ball_oled_buf = 0x00;
      0003BC 7C 00            [12]  936 	mov	r4,#0x00
                                    937 ;	./src/main.c:142: ball_x_i = ball_x_location_int + ball_x_cnt;
      0003BE E5*15            [12]  938 	mov	a,_compute_ball_location_ball_x_cnt_65536_32
      0003C0 25*14            [12]  939 	add	a,_compute_ball_location_ball_x_location_int_65536_32
      0003C2 F5*16            [12]  940 	mov	_compute_ball_location_ball_x_i_65536_32,a
                                    941 ;	./src/main.c:144: ball_y_i_last = ball_y_location_int;
      0003C4 8E*17            [24]  942 	mov	_compute_ball_location_ball_y_i_last_65536_32,r6
                                    943 ;	./src/main.c:147: if((ball_y_i / 8) == 0)
      0003C6 8E 00            [24]  944 	mov	ar0,r6
      0003C8 79 00            [12]  945 	mov	r1,#0x00
      0003CA 75*00 08         [24]  946 	mov	__divsint_PARM_2,#0x08
                                    947 ;	1-genFromRTrack replaced	mov	(__divsint_PARM_2 + 1),#0x00
      0003CD 8C*01            [24]  948 	mov	(__divsint_PARM_2 + 1),r4
      0003CF 88 82            [24]  949 	mov	dpl,r0
      0003D1 89 83            [24]  950 	mov	dph,r1
      0003D3 C0 06            [24]  951 	push	ar6
      0003D5 C0 04            [24]  952 	push	ar4
      0003D7 12r00r00         [24]  953 	lcall	__divsint
      0003DA A8 82            [24]  954 	mov	r0,dpl
      0003DC A9 83            [24]  955 	mov	r1,dph
      0003DE D0 04            [24]  956 	pop	ar4
      0003E0 D0 06            [24]  957 	pop	ar6
      0003E2 E8               [12]  958 	mov	a,r0
      0003E3 49               [12]  959 	orl	a,r1
      0003E4 70 04            [24]  960 	jnz	00122$
                                    961 ;	./src/main.c:148: ball_oled_buf = ball_oled_buf | 0x01;
      0003E6 7C 01            [12]  962 	mov	r4,#0x01
      0003E8 80 08            [24]  963 	sjmp	00159$
      0003EA                        964 00122$:
                                    965 ;	./src/main.c:149: else if((ball_y_i / 8) == 7)
      0003EA B8 07 05         [24]  966 	cjne	r0,#0x07,00159$
      0003ED B9 00 02         [24]  967 	cjne	r1,#0x00,00159$
                                    968 ;	./src/main.c:150: ball_oled_buf = ball_oled_buf | 0x80;
      0003F0 7C 80            [12]  969 	mov	r4,#0x80
                                    970 ;	./src/main.c:152: for(ball_y_cnt = 0; ball_y_cnt < ball_y_size; ball_y_cnt ++)	// Draw ball from its top to buttom
      0003F2                        971 00159$:
      0003F2 79 00            [12]  972 	mov	r1,#0x00
      0003F4                        973 00138$:
                                    974 ;	./src/main.c:154: ball_y_i = ball_y_location_int + ball_y_cnt;
      0003F4 E9               [12]  975 	mov	a,r1
      0003F5 2E               [12]  976 	add	a,r6
      0003F6 F8               [12]  977 	mov	r0,a
                                    978 ;	./src/main.c:156: if((ball_y_i_last / 8) == (ball_y_i / 8))
      0003F7 AA*17            [24]  979 	mov	r2,_compute_ball_location_ball_y_i_last_65536_32
      0003F9 7F 00            [12]  980 	mov	r7,#0x00
      0003FB 75*00 08         [24]  981 	mov	__divsint_PARM_2,#0x08
                                    982 ;	1-genFromRTrack replaced	mov	(__divsint_PARM_2 + 1),#0x00
      0003FE 8F*01            [24]  983 	mov	(__divsint_PARM_2 + 1),r7
      000400 8A 82            [24]  984 	mov	dpl,r2
      000402 8F 83            [24]  985 	mov	dph,r7
      000404 C0 06            [24]  986 	push	ar6
      000406 C0 04            [24]  987 	push	ar4
      000408 C0 01            [24]  988 	push	ar1
      00040A C0 00            [24]  989 	push	ar0
      00040C 12r00r00         [24]  990 	lcall	__divsint
      00040F AA 82            [24]  991 	mov	r2,dpl
      000411 AF 83            [24]  992 	mov	r7,dph
      000413 D0 00            [24]  993 	pop	ar0
      000415 D0 01            [24]  994 	pop	ar1
      000417 D0 04            [24]  995 	pop	ar4
      000419 D0 06            [24]  996 	pop	ar6
      00041B 88*19            [24]  997 	mov	_compute_ball_location_sloc2_1_0,r0
      00041D 75*1A 00         [24]  998 	mov	(_compute_ball_location_sloc2_1_0 + 1),#0x00
      000420 75*00 08         [24]  999 	mov	__divsint_PARM_2,#0x08
      000423 75*01 00         [24] 1000 	mov	(__divsint_PARM_2 + 1),#0x00
      000426 85*19 82         [24] 1001 	mov	dpl,_compute_ball_location_sloc2_1_0
      000429 85*1A 83         [24] 1002 	mov	dph,(_compute_ball_location_sloc2_1_0 + 1)
      00042C C0 07            [24] 1003 	push	ar7
      00042E C0 06            [24] 1004 	push	ar6
      000430 C0 04            [24] 1005 	push	ar4
      000432 C0 02            [24] 1006 	push	ar2
      000434 C0 01            [24] 1007 	push	ar1
      000436 C0 00            [24] 1008 	push	ar0
      000438 12r00r00         [24] 1009 	lcall	__divsint
      00043B AB 82            [24] 1010 	mov	r3,dpl
      00043D AD 83            [24] 1011 	mov	r5,dph
      00043F D0 00            [24] 1012 	pop	ar0
      000441 D0 01            [24] 1013 	pop	ar1
      000443 D0 02            [24] 1014 	pop	ar2
      000445 D0 04            [24] 1015 	pop	ar4
      000447 D0 06            [24] 1016 	pop	ar6
      000449 D0 07            [24] 1017 	pop	ar7
      00044B EA               [12] 1018 	mov	a,r2
      00044C B5 03 1D         [24] 1019 	cjne	a,ar3,00125$
      00044F EF               [12] 1020 	mov	a,r7
      000450 B5 05 19         [24] 1021 	cjne	a,ar5,00125$
                                   1022 ;	./src/main.c:157: ball_oled_buf = ball_oled_buf | (0x01 << (ball_y_i % 8));
      000453 74 07            [12] 1023 	mov	a,#0x07
      000455 55*19            [12] 1024 	anl	a,_compute_ball_location_sloc2_1_0
      000457 FD               [12] 1025 	mov	r5,a
      000458 7F 00            [12] 1026 	mov	r7,#0x00
      00045A 8D F0            [24] 1027 	mov	b,r5
      00045C 05 F0            [12] 1028 	inc	b
      00045E 74 01            [12] 1029 	mov	a,#0x01
      000460 80 02            [24] 1030 	sjmp	00256$
      000462                       1031 00254$:
      000462 25 E0            [12] 1032 	add	a,acc
      000464                       1033 00256$:
      000464 D5 F0 FB         [24] 1034 	djnz	b,00254$
      000467 FD               [12] 1035 	mov	r5,a
      000468 42 04            [12] 1036 	orl	ar4,a
      00046A 80 15            [24] 1037 	sjmp	00126$
      00046C                       1038 00125$:
                                   1039 ;	./src/main.c:159: ball_oled_buf = (0x01 << (ball_y_i % 8));
      00046C 74 07            [12] 1040 	mov	a,#0x07
      00046E 55*19            [12] 1041 	anl	a,_compute_ball_location_sloc2_1_0
      000470 FD               [12] 1042 	mov	r5,a
      000471 7F 00            [12] 1043 	mov	r7,#0x00
      000473 8D F0            [24] 1044 	mov	b,r5
      000475 05 F0            [12] 1045 	inc	b
      000477 74 01            [12] 1046 	mov	a,#0x01
      000479 80 02            [24] 1047 	sjmp	00259$
      00047B                       1048 00257$:
      00047B 25 E0            [12] 1049 	add	a,acc
      00047D                       1050 00259$:
      00047D D5 F0 FB         [24] 1051 	djnz	b,00257$
      000480 FC               [12] 1052 	mov	r4,a
      000481                       1053 00126$:
                                   1054 ;	./src/main.c:161: ball_y_i_last = ball_y_i;
      000481 88*17            [24] 1055 	mov	_compute_ball_location_ball_y_i_last_65536_32,r0
                                   1056 ;	./src/main.c:163: if((ball_y_i / 8) == 0)
      000483 7F 00            [12] 1057 	mov	r7,#0x00
      000485 75*00 08         [24] 1058 	mov	__divsint_PARM_2,#0x08
                                   1059 ;	1-genFromRTrack replaced	mov	(__divsint_PARM_2 + 1),#0x00
      000488 8F*01            [24] 1060 	mov	(__divsint_PARM_2 + 1),r7
      00048A 88 82            [24] 1061 	mov	dpl,r0
      00048C 8F 83            [24] 1062 	mov	dph,r7
      00048E C0 06            [24] 1063 	push	ar6
      000490 C0 04            [24] 1064 	push	ar4
      000492 C0 01            [24] 1065 	push	ar1
      000494 12r00r00         [24] 1066 	lcall	__divsint
      000497 AD 82            [24] 1067 	mov	r5,dpl
      000499 AF 83            [24] 1068 	mov	r7,dph
      00049B D0 01            [24] 1069 	pop	ar1
      00049D D0 04            [24] 1070 	pop	ar4
      00049F D0 06            [24] 1071 	pop	ar6
      0004A1 ED               [12] 1072 	mov	a,r5
      0004A2 4F               [12] 1073 	orl	a,r7
      0004A3 70 05            [24] 1074 	jnz	00130$
                                   1075 ;	./src/main.c:164: ball_oled_buf = ball_oled_buf | 0x01;
      0004A5 43 04 01         [24] 1076 	orl	ar4,#0x01
      0004A8 80 09            [24] 1077 	sjmp	00131$
      0004AA                       1078 00130$:
                                   1079 ;	./src/main.c:165: else if((ball_y_i / 8) == 7)
      0004AA BD 07 06         [24] 1080 	cjne	r5,#0x07,00131$
      0004AD BF 00 03         [24] 1081 	cjne	r7,#0x00,00131$
                                   1082 ;	./src/main.c:166: ball_oled_buf = ball_oled_buf | 0x80;	
      0004B0 43 04 80         [24] 1083 	orl	ar4,#0x80
      0004B3                       1084 00131$:
                                   1085 ;	./src/main.c:168: OLED_SetCursor(ball_y_i / 8, ball_x_i);
      0004B3 8D 82            [24] 1086 	mov	dpl,r5
      0004B5 85*16*00         [24] 1087 	mov	_OLED_SetCursor_PARM_2,_compute_ball_location_ball_x_i_65536_32
      0004B8 C0 06            [24] 1088 	push	ar6
      0004BA C0 04            [24] 1089 	push	ar4
      0004BC C0 01            [24] 1090 	push	ar1
      0004BE 12r00r00         [24] 1091 	lcall	_OLED_SetCursor
      0004C1 D0 01            [24] 1092 	pop	ar1
      0004C3 D0 04            [24] 1093 	pop	ar4
                                   1094 ;	./src/main.c:169: oledSendData(ball_oled_buf);
      0004C5 8C 82            [24] 1095 	mov	dpl,r4
      0004C7 C0 04            [24] 1096 	push	ar4
      0004C9 C0 01            [24] 1097 	push	ar1
      0004CB 12r00r00         [24] 1098 	lcall	_oledSendData
      0004CE D0 01            [24] 1099 	pop	ar1
      0004D0 D0 04            [24] 1100 	pop	ar4
      0004D2 D0 06            [24] 1101 	pop	ar6
                                   1102 ;	./src/main.c:152: for(ball_y_cnt = 0; ball_y_cnt < ball_y_size; ball_y_cnt ++)	// Draw ball from its top to buttom
      0004D4 09               [12] 1103 	inc	r1
      0004D5 B9 02 00         [24] 1104 	cjne	r1,#0x02,00263$
      0004D8                       1105 00263$:
      0004D8 50 03            [24] 1106 	jnc	00264$
      0004DA 02r03rF4         [24] 1107 	ljmp	00138$
      0004DD                       1108 00264$:
                                   1109 ;	./src/main.c:139: for(ball_x_cnt = 0; ball_x_cnt < ball_x_size; ball_x_cnt ++)		// Draw ball from its left to right
      0004DD 05*15            [12] 1110 	inc	_compute_ball_location_ball_x_cnt_65536_32
      0004DF 74 FE            [12] 1111 	mov	a,#0x100 - 0x02
      0004E1 25*15            [12] 1112 	add	a,_compute_ball_location_ball_x_cnt_65536_32
      0004E3 40 03            [24] 1113 	jc	00265$
      0004E5 02r03rBC         [24] 1114 	ljmp	00140$
      0004E8                       1115 00265$:
                                   1116 ;	./src/main.c:172: }
      0004E8 22               [24] 1117 	ret
                                   1118 	.area CSEG    (CODE)
                                   1119 	.area CONST   (CODE)
                                   1120 	.area XINIT   (CODE)
                                   1121 	.area CABS    (ABS,CODE)
