ASxxxx Linker V03.00/V05.40 + sdld,  page 1.
Hexadecimal  [32-Bits]

Area                                    Addr        Size        Decimal Bytes (Attributes)
--------------------------------        ----        ----        ------- ----- ------------
CABS                                00000000    00000000 =           0. bytes (ABS,CON,CODE)

      Value  Global                              Global Defined In Module
      -----  --------------------------------   ------------------------
C:   00000000  l_BIT_BANK                      
C:   00000000  l_CABS                          
C:   00000000  l_GSINIT1                       
C:   00000000  l_GSINIT5                       
C:   00000000  l_IABS                          
C:   00000000  l_ISEG                          
C:   00000000  l_PSEG                          
C:   00000000  l_REG_BANK_1                    
C:   00000000  l_REG_BANK_2                    
C:   00000000  l_REG_BANK_3                    
C:   00000000  l_RSEG                          
C:   00000000  l_RSEG0                         
C:   00000000  l_RSEG1                         
C:   00000000  l_XABS                          
C:   00000000  l_XINIT                         
C:   00000000  l_XISEG                         
C:   00000000  l_XSEG                          
C:   00000000  l__CODE                         
C:   00000000  s_BSEG                          
C:   00000000  s_CABS                          
C:   00000000  s_DSEG                          
C:   00000000  s_HOME                          
C:   00000000  s_IABS                          
C:   00000000  s_ISEG                          
C:   00000000  s_REG_BANK_0                    
C:   00000000  s_RSEG                          
C:   00000000  s_RSEG0                         
C:   00000000  s_RSEG1                         
C:   00000000  s_XABS                          
C:   00000001  l_BSEG_BYTES                    
C:   00000001  s_PSEG                          
C:   00000001  s_XISEG                         
C:   00000001  s_XSEG                          
C:   00000002  l_BSEG                          
C:   00000002  l_OSEG                          
C:   00000003  l_GSFINAL                       
C:   00000003  l_GSINIT0                       
C:   00000008  l_REG_BANK_0                    
C:   00000008  s_REG_BANK_1                    
C:   0000000A  l_GSINIT2                       
C:   00000010  s_REG_BANK_2                    
C:   00000011  l_HOME                          
C:   00000011  s_GSINIT0                       
C:   00000014  s_GSINIT1                       
C:   00000014  s_GSINIT2                       
C:   00000018  l_GSINIT                        
C:   00000018  s_BIT_BANK                      
C:   00000018  s_REG_BANK_3                    
C:   0000001D  s_OSEG                          
C:   0000001E  s_GSINIT3                       
ASxxxx Linker V03.00/V05.40 + sdld,  page 2.
Hexadecimal  [32-Bits]

Area                                    Addr        Size        Decimal Bytes (Attributes)
--------------------------------        ----        ----        ------- ----- ------------
CABS                                00000000    00000000 =           0. bytes (ABS,CON,CODE)

      Value  Global                              Global Defined In Module
      -----  --------------------------------   ------------------------
C:   00000020  s_BSEG_BYTES                    
C:   00000020  s__CODE                         
C:   00000021  s_SSEG                          
C:   00000022  l_GSINIT3                       
C:   0000002A  l_GSINIT4                       
C:   00000040  s_GSINIT4                       
C:   0000006A  s_GSINIT                        
C:   0000006A  s_GSINIT5                       
C:   0000007F  l_DSEG                          
C:   00000082  s_GSFINAL                       
C:   00000085  s_CSEG                          
C:   000000DF  l_SSEG                          
C:   00000100  l_IRAM                          
C:   00000202  l_CONST                         
C:   00000C1E  l_CSEG                          
C:   00000CA3  s_CONST                         
C:   00000EA5  s_XINIT                         

ASxxxx Linker V03.00/V05.40 + sdld,  page 3.
Hexadecimal  [32-Bits]

Area                                    Addr        Size        Decimal Bytes (Attributes)
--------------------------------        ----        ----        ------- ----- ------------
.  .ABS.                            00000000    00000000 =           0. bytes (ABS,CON)

      Value  Global                              Global Defined In Module
      -----  --------------------------------   ------------------------
     00000000  .__.ABS.                           _startup
     00000080  _P0                                oled_i2c
     00000080  _P0_0                              oled_i2c
     00000081  _P0_1                              oled_i2c
     00000081  _SP                                oled_i2c
     00000082  _DPL                               oled_i2c
     00000082  _P0_2                              oled_i2c
     00000083  _DPH                               oled_i2c
     00000083  _P0_3                              oled_i2c
     00000084  _P0_4                              oled_i2c
     00000085  _P0_5                              oled_i2c
     00000086  _P0_6                              oled_i2c
     00000087  _P0_7                              oled_i2c
     00000087  _PCON                              oled_i2c
     00000088  _IT0                               oled_i2c
     00000088  _TCON                              oled_i2c
     00000089  _IE0                               oled_i2c
     00000089  _TMOD                              oled_i2c
     0000008A  _IT1                               oled_i2c
     0000008A  _TL0                               oled_i2c
     0000008B  _IE1                               oled_i2c
     0000008B  _TL1                               oled_i2c
     0000008C  _TH0                               oled_i2c
     0000008C  _TR0                               oled_i2c
     0000008D  _TF0                               oled_i2c
     0000008D  _TH1                               oled_i2c
     0000008E  _TR1                               oled_i2c
     0000008F  _TF1                               oled_i2c
     00000090  _P1                                oled_i2c
     00000090  _P1_0                              oled_i2c
     00000091  _P1_1                              oled_i2c
     00000092  _P1_2                              oled_i2c
     00000093  _P1_3                              oled_i2c
     00000094  _P1_4                              oled_i2c
     00000095  _P1_5                              oled_i2c
     00000096  _P1_6                              oled_i2c
     00000097  _P1_7                              oled_i2c
     00000098  _RI                                oled_i2c
     00000098  _SCON                              oled_i2c
     00000099  _SBUF                              oled_i2c
     00000099  _TI                                oled_i2c
     0000009A  _RB8                               oled_i2c
     0000009B  _TB8                               oled_i2c
     0000009C  _REN                               oled_i2c
     0000009D  _SM2                               oled_i2c
     0000009E  _SM1                               oled_i2c
     0000009F  _SM0                               oled_i2c
     000000A0  _P2                                oled_i2c
     000000A0  _P2_0                              oled_i2c
     000000A0  __XPAGE                            
ASxxxx Linker V03.00/V05.40 + sdld,  page 4.
Hexadecimal  [32-Bits]

Area                                    Addr        Size        Decimal Bytes (Attributes)
--------------------------------        ----        ----        ------- ----- ------------
.  .ABS.                            00000000    00000000 =           0. bytes (ABS,CON)

      Value  Global                              Global Defined In Module
      -----  --------------------------------   ------------------------
     000000A1  _P2_1                              oled_i2c
     000000A2  _P2_2                              oled_i2c
     000000A3  _P2_3                              oled_i2c
     000000A4  _P2_4                              oled_i2c
     000000A5  _P2_5                              oled_i2c
     000000A6  _P2_6                              oled_i2c
     000000A7  _P2_7                              oled_i2c
     000000A8  _EX0                               oled_i2c
     000000A8  _IE                                oled_i2c
     000000A9  _ET0                               oled_i2c
     000000AA  _EX1                               oled_i2c
     000000AB  _ET1                               oled_i2c
     000000AC  _ES                                oled_i2c
     000000AF  _EA                                oled_i2c
     000000B0  _P3                                oled_i2c
     000000B0  _P3_0                              oled_i2c
     000000B0  _RXD                               oled_i2c
     000000B1  _P3_1                              oled_i2c
     000000B1  _TXD                               oled_i2c
     000000B2  _INT0                              oled_i2c
     000000B2  _P3_2                              oled_i2c
     000000B3  _INT1                              oled_i2c
     000000B3  _P3_3                              oled_i2c
     000000B4  _P3_4                              oled_i2c
     000000B4  _T0                                oled_i2c
     000000B5  _P3_5                              oled_i2c
     000000B5  _T1                                oled_i2c
     000000B6  _P3_6                              oled_i2c
     000000B6  _WR                                oled_i2c
     000000B7  _P3_7                              oled_i2c
     000000B7  _RD                                oled_i2c
     000000B8  _IP                                oled_i2c
     000000B8  _PX0                               oled_i2c
     000000B9  _PT0                               oled_i2c
     000000BA  _PX1                               oled_i2c
     000000BB  _PT1                               oled_i2c
     000000BC  _PS                                oled_i2c
     000000D0  _P                                 oled_i2c
     000000D0  _PSW                               oled_i2c
     000000D1  _F1                                oled_i2c
     000000D2  _OV                                oled_i2c
     000000D3  _RS0                               oled_i2c
     000000D4  _RS1                               oled_i2c
     000000D5  _F0                                oled_i2c
     000000D6  _AC                                oled_i2c
     000000D7  _CY                                oled_i2c
     000000E0  _ACC                               oled_i2c
     000000F0  _B                                 oled_i2c
     000000F5  _B_5                               _gptrget
     000000F6  _B_6                               _gptrget
     000000F7  _B_7                               _gptrget

ASxxxx Linker V03.00/V05.40 + sdld,  page 5.
Hexadecimal  [32-Bits]

Area                                    Addr        Size        Decimal Bytes (Attributes)
--------------------------------        ----        ----        ------- ----- ------------
BSEG_BYTES                          00000020    00000001 =           1. bytes (REL,CON)

      Value  Global                              Global Defined In Module
      -----  --------------------------------   ------------------------
ASxxxx Linker V03.00/V05.40 + sdld,  page 6.
Hexadecimal  [32-Bits]

Area                                    Addr        Size        Decimal Bytes (Attributes)
--------------------------------        ----        ----        ------- ----- ------------
REG_BANK_0                          00000000    00000008 =           8. bytes (REL,OVR)

      Value  Global                              Global Defined In Module
      -----  --------------------------------   ------------------------
ASxxxx Linker V03.00/V05.40 + sdld,  page 7.
Hexadecimal  [32-Bits]

Area                                    Addr        Size        Decimal Bytes (Attributes)
--------------------------------        ----        ----        ------- ----- ------------
DSEG                                00000000    0000007F =         127. bytes (REL,CON)

      Value  Global                              Global Defined In Module
      -----  --------------------------------   ------------------------
     00000008  __addr                             main
     00000009  _data_buf1                         main
     0000000B  _data_buf2                         main
     0000000D  _cnt                               main
     0000000F  _cnt2                              main
     00000011  _oled_out                          main
     00000013  _temp                              main
     00000017  _adc_value                         main
     00000019  _Single_WriteI2C_PARM_2            i2c
     0000001A  _Single_WriteI2C_PARM_3            i2c
     0000001B  _Single_ReadI2C_PARM_2             i2c
     0000001C  _OLED_SetCursor_PARM_2             oled_i2c
ASxxxx Linker V03.00/V05.40 + sdld,  page 8.
Hexadecimal  [32-Bits]

Area                                    Addr        Size        Decimal Bytes (Attributes)
--------------------------------        ----        ----        ------- ----- ------------
OSEG                                0000001D    00000002 =           2. bytes (REL,OVR)

      Value  Global                              Global Defined In Module
      -----  --------------------------------   ------------------------
     0000001D  __divsint_PARM_2                   _divuint
     0000001D  __divuint_PARM_2                   _divuint
     0000001D  __modsint_PARM_2                   _moduint
     0000001D  __moduint_PARM_2                   _moduint
     0000001D  __mulint_PARM_2                    _mulint

ASxxxx Linker V03.00/V05.40 + sdld,  page 9.
Hexadecimal  [32-Bits]

Area                                    Addr        Size        Decimal Bytes (Attributes)
--------------------------------        ----        ----        ------- ----- ------------
SSEG                                00000021    000000DF =         223. bytes (REL,OVR)

      Value  Global                              Global Defined In Module
      -----  --------------------------------   ------------------------
     00000021  __start__stack                     main

ASxxxx Linker V03.00/V05.40 + sdld,  page 10.
Hexadecimal  [32-Bits]

Area                                    Addr        Size        Decimal Bytes (Attributes)
--------------------------------        ----        ----        ------- ----- ------------
HOME                                00000000    00000011 =          17. bytes (REL,CON,CODE)

      Value  Global                              Global Defined In Module
      -----  --------------------------------   ------------------------
C:   0000000E  __sdcc_program_startup             main

ASxxxx Linker V03.00/V05.40 + sdld,  page 11.
Hexadecimal  [32-Bits]

Area                                    Addr        Size        Decimal Bytes (Attributes)
--------------------------------        ----        ----        ------- ----- ------------
GSINIT0                             00000011    00000003 =           3. bytes (REL,CON,CODE)

      Value  Global                              Global Defined In Module
      -----  --------------------------------   ------------------------
C:   00000011  __sdcc_gsinit_startup              

ASxxxx Linker V03.00/V05.40 + sdld,  page 12.
Hexadecimal  [32-Bits]

Area                                    Addr        Size        Decimal Bytes (Attributes)
--------------------------------        ----        ----        ------- ----- ------------
GSINIT2                             00000014    0000000A =          10. bytes (REL,CON,CODE)

      Value  Global                              Global Defined In Module
      -----  --------------------------------   ------------------------
ASxxxx Linker V03.00/V05.40 + sdld,  page 13.
Hexadecimal  [32-Bits]

Area                                    Addr        Size        Decimal Bytes (Attributes)
--------------------------------        ----        ----        ------- ----- ------------
GSINIT3                             0000001E    00000022 =          34. bytes (REL,CON,CODE)

      Value  Global                              Global Defined In Module
      -----  --------------------------------   ------------------------
C:   0000001E  __mcs51_genXINIT                   

ASxxxx Linker V03.00/V05.40 + sdld,  page 14.
Hexadecimal  [32-Bits]

Area                                    Addr        Size        Decimal Bytes (Attributes)
--------------------------------        ----        ----        ------- ----- ------------
GSINIT4                             00000040    0000002A =          42. bytes (REL,CON,CODE)

      Value  Global                              Global Defined In Module
      -----  --------------------------------   ------------------------
C:   00000040  __mcs51_genRAMCLEAR                
C:   00000046  __mcs51_genXRAMCLEAR               

ASxxxx Linker V03.00/V05.40 + sdld,  page 15.
Hexadecimal  [32-Bits]

Area                                    Addr        Size        Decimal Bytes (Attributes)
--------------------------------        ----        ----        ------- ----- ------------
GSINIT                              0000006A    00000018 =          24. bytes (REL,CON,CODE)

      Value  Global                              Global Defined In Module
      -----  --------------------------------   ------------------------
ASxxxx Linker V03.00/V05.40 + sdld,  page 16.
Hexadecimal  [32-Bits]

Area                                    Addr        Size        Decimal Bytes (Attributes)
--------------------------------        ----        ----        ------- ----- ------------
GSFINAL                             00000082    00000003 =           3. bytes (REL,CON,CODE)

      Value  Global                              Global Defined In Module
      -----  --------------------------------   ------------------------
ASxxxx Linker V03.00/V05.40 + sdld,  page 17.
Hexadecimal  [32-Bits]

Area                                    Addr        Size        Decimal Bytes (Attributes)
--------------------------------        ----        ----        ------- ----- ------------
CSEG                                00000085    00000C1E =        3102. bytes (REL,CON,CODE)

      Value  Global                              Global Defined In Module
      -----  --------------------------------   ------------------------
C:   00000085  _readObjectTemp                    main
C:   0000008B  _readAmbientTemp                   main
C:   00000091  _readTemp                          main
C:   0000016D  _T0_isr                            main
C:   000001DE  _main                              main
C:   000004EB  _SPI_WR                            adc
C:   00000539  _read_adc3202                      adc
C:   00000584  _I2C_Start                         i2c
C:   00000593  _I2C_Stop                          i2c
C:   0000059F  _I2C_SendACK                       i2c
C:   000005AD  _I2C_RecvACK                       i2c
C:   000005BE  _I2C_SendByte                      i2c
C:   000005E6  _I2C_RecvByte                      i2c
C:   0000061A  _Single_WriteI2C                   i2c
C:   00000637  _Single_ReadI2C                    i2c
C:   00000671  _Delay                             i2c
C:   00000676  _delay_ms                          delay
C:   00000688  _delay_5                           delay
C:   0000068D  _OLED_Init                         oled_i2c
C:   000006FC  _OLED_DisplayChar                  oled_i2c
C:   0000074D  _OLED_DisplayString                oled_i2c
C:   00000778  _OLED_Clear                        oled_i2c
C:   000007A3  _OLED_SetCursor                    oled_i2c
C:   000007D3  _oledSendCommand                   oled_i2c
C:   000007DF  _oledSendData                      oled_i2c
C:   000007EB  ___fssub                           _fssub
C:   000007F6  ___fsmul                           _fsmul
C:   00000899  fsgetargs                          _fsget2args
C:   000008C7  fs_normalize_a                     _fsnormalize
C:   000008FA  __mulint                           _mulint
C:   000008FA  __mulint_dummy                     _mulint
C:   00000917  __moduint                          _moduint
C:   00000964  ___fsadd                           _fsadd
C:   00000967  fsadd_direct_entry                 _fsadd
C:   000009BD  __divuint                          _divuint
C:   000009E6  ___fs2sint                         _fs2sint
C:   00000A1A  ___uint2fs                         _uint2fs
C:   00000A26  fs_round_and_return                _fsreturnval
C:   00000A3E  fs_zerocheck_return                _fsreturnval
C:   00000A47  fs_return_zero                     _fsreturnval
C:   00000A4F  fs_direct_return                   _fsreturnval
C:   00000A5D  fs_return_inf                      _fsreturnval
C:   00000A6A  fs_return_nan                      _fsreturnval
C:   00000A75  fs_swap_a_b                        _fsswapargs
C:   00000A8F  ___fsdiv                           _fsdiv
C:   00000B52  __gptrget                          _gptrget
C:   00000B6E  __modsint                          _modsint
C:   00000BA4  ___ulong2fs                        _ulong2fs
C:   00000BAD  ulong2fs_doit                      _ulong2fs
C:   00000BB7  __divsint                          _divsint
ASxxxx Linker V03.00/V05.40 + sdld,  page 18.
Hexadecimal  [32-Bits]

Area                                    Addr        Size        Decimal Bytes (Attributes)
--------------------------------        ----        ----        ------- ----- ------------
CSEG                                00000085    00000C1E =        3102. bytes (REL,CON,CODE)

      Value  Global                              Global Defined In Module
      -----  --------------------------------   ------------------------
C:   00000BEF  fs_rshift_a                        _fsrshift
C:   00000C32  ___fs2slong                        _fs2slong
C:   00000C8D  fsgetarg                           _fsget1arg
C:   00000C9F  ___sdcc_external_startup           _startup
ASxxxx Linker V03.00/V05.40 + sdld,  page 19.
Hexadecimal  [32-Bits]

Area                                    Addr        Size        Decimal Bytes (Attributes)
--------------------------------        ----        ----        ------- ----- ------------
CONST                               00000CA3    00000202 =         514. bytes (REL,CON,CODE)

      Value  Global                              Global Defined In Module
      -----  --------------------------------   ------------------------
C:   00000CCA  _OledFontTable                     oled_i2c

ASxxxx Linker V03.00/V05.40 + sdld,  page 20.

Files Linked                              [ module(s) ]

main.rel                                  [  ]
adc.rel                                   [  ]
i2c.rel                                   [  ]
delay.rel                                 [  ]
oled_i2c.rel                              [  ]


Libraries Linked                          [ object file ]

c:\Program Files\SDCC\bin\..\lib\small/libfloat.lib
                                          [ _fssub.rel ]
c:\Program Files\SDCC\bin\..\lib\small/libfloat.lib
                                          [ _fsmul.rel ]
c:\Program Files\SDCC\bin\..\lib\small/libfloat.lib
                                          [ _fsget2args.rel ]
c:\Program Files\SDCC\bin\..\lib\small/mcs51.lib
                                          [ crtclear.rel ]
c:\Program Files\SDCC\bin\..\lib\small/libfloat.lib
                                          [ _fsnormalize.rel ]
c:\Program Files\SDCC\bin\..\lib\small/mcs51.lib
                                          [ crtxinit.rel ]
c:\Program Files\SDCC\bin\..\lib\small/libint.lib
                                          [ _mulint.rel ]
c:\Program Files\SDCC\bin\..\lib\small/libint.lib
                                          [ _moduint.rel ]
c:\Program Files\SDCC\bin\..\lib\small/libfloat.lib
                                          [ _fsadd.rel ]
c:\Program Files\SDCC\bin\..\lib\small/mcs51.lib
                                          [ crtxclear.rel ]
c:\Program Files\SDCC\bin\..\lib\small/libint.lib
                                          [ _divuint.rel ]
c:\Program Files\SDCC\bin\..\lib\small/libfloat.lib
                                          [ _fs2sint.rel ]
c:\Program Files\SDCC\bin\..\lib\small/libfloat.lib
                                          [ _uint2fs.rel ]
c:\Program Files\SDCC\bin\..\lib\small/libfloat.lib
                                          [ _fsreturnval.rel ]
c:\Program Files\SDCC\bin\..\lib\small/mcs51.lib
                                          [ crtpagesfr.rel ]
c:\Program Files\SDCC\bin\..\lib\small/libfloat.lib
                                          [ _fsswapargs.rel ]
c:\Program Files\SDCC\bin\..\lib\small/libfloat.lib
                                          [ _fsdiv.rel ]
c:\Program Files\SDCC\bin\..\lib\small/mcs51.lib
                                          [ crtstart.rel ]
c:\Program Files\SDCC\bin\..\lib\small/libsdcc.lib
                                          [ _gptrget.rel ]
c:\Program Files\SDCC\bin\..\lib\small/libint.lib
                                          [ _modsint.rel ]
c:\Program Files\SDCC\bin\..\lib\small/libfloat.lib
                                          [ _ulong2fs.rel ]
c:\Program Files\SDCC\bin\..\lib\small/libint.lib
                                          [ _divsint.rel ]
c:\Program Files\SDCC\bin\..\lib\small/libfloat.lib
                                          [ _fsrshift.rel ]
c:\Program Files\SDCC\bin\..\lib\small/libfloat.lib
                                          [ _fs2slong.rel ]
c:\Program Files\SDCC\bin\..\lib\small/libfloat.lib
                                          [ _fsget1arg.rel ]
c:\Program Files\SDCC\bin\..\lib\small/libsdcc.lib
                                          [ _startup.rel ]

ASxxxx Linker V03.00/V05.40 + sdld,  page 21.

User Base Address Definitions

HOME = 0x0000
XSEG = 0x0001
PSEG = 0x0001
ISEG = 0x0000
BSEG = 0x0000

