                                      1 ;--------------------------------------------------------
                                      2 ; File Created by SDCC : free open source ANSI-C Compiler
                                      3 ; Version 4.1.0 #12072 (MINGW64)
                                      4 ;--------------------------------------------------------
                                      5 	.module delay
                                      6 	.optsdcc -mmcs51 --model-small
                                      7 	
                                      8 ;--------------------------------------------------------
                                      9 ; Public variables in this module
                                     10 ;--------------------------------------------------------
                                     11 	.globl _delay_ms
                                     12 	.globl _Delay
                                     13 	.globl _delay_5
                                     14 ;--------------------------------------------------------
                                     15 ; special function registers
                                     16 ;--------------------------------------------------------
                                     17 	.area RSEG    (ABS,DATA)
      000000                         18 	.org 0x0000
                                     19 ;--------------------------------------------------------
                                     20 ; special function bits
                                     21 ;--------------------------------------------------------
                                     22 	.area RSEG    (ABS,DATA)
      000000                         23 	.org 0x0000
                                     24 ;--------------------------------------------------------
                                     25 ; overlayable register banks
                                     26 ;--------------------------------------------------------
                                     27 	.area REG_BANK_0	(REL,OVR,DATA)
      000000                         28 	.ds 8
                                     29 ;--------------------------------------------------------
                                     30 ; internal ram data
                                     31 ;--------------------------------------------------------
                                     32 	.area DSEG    (DATA)
                                     33 ;--------------------------------------------------------
                                     34 ; overlayable items in internal ram 
                                     35 ;--------------------------------------------------------
                                     36 	.area	OSEG    (OVR,DATA)
                                     37 	.area	OSEG    (OVR,DATA)
                                     38 	.area	OSEG    (OVR,DATA)
                                     39 ;--------------------------------------------------------
                                     40 ; indirectly addressable internal ram data
                                     41 ;--------------------------------------------------------
                                     42 	.area ISEG    (DATA)
                                     43 ;--------------------------------------------------------
                                     44 ; absolute internal ram data
                                     45 ;--------------------------------------------------------
                                     46 	.area IABS    (ABS,DATA)
                                     47 	.area IABS    (ABS,DATA)
                                     48 ;--------------------------------------------------------
                                     49 ; bit data
                                     50 ;--------------------------------------------------------
                                     51 	.area BSEG    (BIT)
                                     52 ;--------------------------------------------------------
                                     53 ; paged external ram data
                                     54 ;--------------------------------------------------------
                                     55 	.area PSEG    (PAG,XDATA)
                                     56 ;--------------------------------------------------------
                                     57 ; external ram data
                                     58 ;--------------------------------------------------------
                                     59 	.area XSEG    (XDATA)
                                     60 ;--------------------------------------------------------
                                     61 ; absolute external ram data
                                     62 ;--------------------------------------------------------
                                     63 	.area XABS    (ABS,XDATA)
                                     64 ;--------------------------------------------------------
                                     65 ; external initialized ram data
                                     66 ;--------------------------------------------------------
                                     67 	.area XISEG   (XDATA)
                                     68 	.area HOME    (CODE)
                                     69 	.area GSINIT0 (CODE)
                                     70 	.area GSINIT1 (CODE)
                                     71 	.area GSINIT2 (CODE)
                                     72 	.area GSINIT3 (CODE)
                                     73 	.area GSINIT4 (CODE)
                                     74 	.area GSINIT5 (CODE)
                                     75 	.area GSINIT  (CODE)
                                     76 	.area GSFINAL (CODE)
                                     77 	.area CSEG    (CODE)
                                     78 ;--------------------------------------------------------
                                     79 ; global & static initialisations
                                     80 ;--------------------------------------------------------
                                     81 	.area HOME    (CODE)
                                     82 	.area GSINIT  (CODE)
                                     83 	.area GSFINAL (CODE)
                                     84 	.area GSINIT  (CODE)
                                     85 ;--------------------------------------------------------
                                     86 ; Home
                                     87 ;--------------------------------------------------------
                                     88 	.area HOME    (CODE)
                                     89 	.area HOME    (CODE)
                                     90 ;--------------------------------------------------------
                                     91 ; code
                                     92 ;--------------------------------------------------------
                                     93 	.area CSEG    (CODE)
                                     94 ;------------------------------------------------------------
                                     95 ;Allocation info for local variables in function 'delay_ms'
                                     96 ;------------------------------------------------------------
                                     97 ;input_ms                  Allocated to registers 
                                     98 ;------------------------------------------------------------
                                     99 ;	./src/delay.c:3: void delay_ms(unsigned int input_ms) // ms will save in *dph and *dpl
                                    100 ;	-----------------------------------------
                                    101 ;	 function delay_ms
                                    102 ;	-----------------------------------------
      000000                        103 _delay_ms:
                           000007   104 	ar7 = 0x07
                           000006   105 	ar6 = 0x06
                           000005   106 	ar5 = 0x05
                           000004   107 	ar4 = 0x04
                           000003   108 	ar3 = 0x03
                           000002   109 	ar2 = 0x02
                           000001   110 	ar1 = 0x01
                           000000   111 	ar0 = 0x00
                                    112 ;	./src/delay.c:16: __endasm;			// end of assembly code, don't forget to add ";"
      000000                        113 	 DELAY1:
      000000 AC 83            [24]  114 	MOV R4,dph
      000002                        115 	 DELAY3:
      000002 0C               [12]  116 	INC R4
      000003                        117 	 DELAY4:
      000003 AD 82            [24]  118 	MOV R5,dpl
      000005                        119 	 DL1:
      000005 7E 03            [12]  120 	MOV R6,#3
      000007                        121 	 DL2:
      000007 7F AA            [12]  122 	MOV R7,#170
      000009                        123 	 DL3:
      000009 DF FE            [24]  124 	DJNZ R7,DL3
      00000B DE FA            [24]  125 	DJNZ	R6,DL2
      00000D DD F6            [24]  126 	DJNZ	R5,DL1
      00000F DC F2            [24]  127 	DJNZ	R4,DELAY4
                                    128 ;	./src/delay.c:17: }
      000011 22               [24]  129 	ret
                                    130 ;------------------------------------------------------------
                                    131 ;Allocation info for local variables in function 'Delay'
                                    132 ;------------------------------------------------------------
                                    133 ;i                         Allocated to registers r7 
                                    134 ;------------------------------------------------------------
                                    135 ;	./src/delay.c:19: void Delay(void)
                                    136 ;	-----------------------------------------
                                    137 ;	 function Delay
                                    138 ;	-----------------------------------------
      000012                        139 _Delay:
                                    140 ;	./src/delay.c:22: for (i = 0; i < 5; i++);
      000012 7F 05            [12]  141 	mov	r7,#0x05
      000014                        142 00104$:
      000014 DF FE            [24]  143 	djnz	r7,00104$
                                    144 ;	./src/delay.c:23: }
      000016 22               [24]  145 	ret
                                    146 ;------------------------------------------------------------
                                    147 ;Allocation info for local variables in function 'delay_5'
                                    148 ;------------------------------------------------------------
                                    149 ;i                         Allocated to registers r7 
                                    150 ;------------------------------------------------------------
                                    151 ;	./src/delay.c:25: void delay_5(void)
                                    152 ;	-----------------------------------------
                                    153 ;	 function delay_5
                                    154 ;	-----------------------------------------
      000017                        155 _delay_5:
                                    156 ;	./src/delay.c:28: for (i = 0; i < 5; i++);
      000017 7F 05            [12]  157 	mov	r7,#0x05
      000019                        158 00104$:
      000019 DF FE            [24]  159 	djnz	r7,00104$
                                    160 ;	./src/delay.c:29: }
      00001B 22               [24]  161 	ret
                                    162 	.area CSEG    (CODE)
                                    163 	.area CONST   (CODE)
                                    164 	.area XINIT   (CODE)
                                    165 	.area CABS    (ABS,CODE)
