                                      1 ;--------------------------------------------------------
                                      2 ; File Created by SDCC : free open source ANSI-C Compiler
                                      3 ; Version 4.1.0 #12072 (MINGW64)
                                      4 ;--------------------------------------------------------
                                      5 	.module main
                                      6 	.optsdcc -mmcs51 --model-small
                                      7 	
                                      8 ;--------------------------------------------------------
                                      9 ; Public variables in this module
                                     10 ;--------------------------------------------------------
                                     11 	.globl _uart_isr
                                     12 	.globl _main
                                     13 	.globl _Initial
                                     14 	.globl _Write7219
                                     15 	.globl _delay_ms
                                     16 	.globl _CY
                                     17 	.globl _AC
                                     18 	.globl _F0
                                     19 	.globl _RS1
                                     20 	.globl _RS0
                                     21 	.globl _OV
                                     22 	.globl _F1
                                     23 	.globl _P
                                     24 	.globl _PS
                                     25 	.globl _PT1
                                     26 	.globl _PX1
                                     27 	.globl _PT0
                                     28 	.globl _PX0
                                     29 	.globl _RD
                                     30 	.globl _WR
                                     31 	.globl _T1
                                     32 	.globl _T0
                                     33 	.globl _INT1
                                     34 	.globl _INT0
                                     35 	.globl _TXD
                                     36 	.globl _RXD
                                     37 	.globl _P3_7
                                     38 	.globl _P3_6
                                     39 	.globl _P3_5
                                     40 	.globl _P3_4
                                     41 	.globl _P3_3
                                     42 	.globl _P3_2
                                     43 	.globl _P3_1
                                     44 	.globl _P3_0
                                     45 	.globl _EA
                                     46 	.globl _ES
                                     47 	.globl _ET1
                                     48 	.globl _EX1
                                     49 	.globl _ET0
                                     50 	.globl _EX0
                                     51 	.globl _P2_7
                                     52 	.globl _P2_6
                                     53 	.globl _P2_5
                                     54 	.globl _P2_4
                                     55 	.globl _P2_3
                                     56 	.globl _P2_2
                                     57 	.globl _P2_1
                                     58 	.globl _P2_0
                                     59 	.globl _SM0
                                     60 	.globl _SM1
                                     61 	.globl _SM2
                                     62 	.globl _REN
                                     63 	.globl _TB8
                                     64 	.globl _RB8
                                     65 	.globl _TI
                                     66 	.globl _RI
                                     67 	.globl _P1_7
                                     68 	.globl _P1_6
                                     69 	.globl _P1_5
                                     70 	.globl _P1_4
                                     71 	.globl _P1_3
                                     72 	.globl _P1_2
                                     73 	.globl _P1_1
                                     74 	.globl _P1_0
                                     75 	.globl _TF1
                                     76 	.globl _TR1
                                     77 	.globl _TF0
                                     78 	.globl _TR0
                                     79 	.globl _IE1
                                     80 	.globl _IT1
                                     81 	.globl _IE0
                                     82 	.globl _IT0
                                     83 	.globl _P0_7
                                     84 	.globl _P0_6
                                     85 	.globl _P0_5
                                     86 	.globl _P0_4
                                     87 	.globl _P0_3
                                     88 	.globl _P0_2
                                     89 	.globl _P0_1
                                     90 	.globl _P0_0
                                     91 	.globl _B
                                     92 	.globl _ACC
                                     93 	.globl _PSW
                                     94 	.globl _IP
                                     95 	.globl _P3
                                     96 	.globl _IE
                                     97 	.globl _P2
                                     98 	.globl _SBUF
                                     99 	.globl _SCON
                                    100 	.globl _P1
                                    101 	.globl _TH1
                                    102 	.globl _TH0
                                    103 	.globl _TL1
                                    104 	.globl _TL0
                                    105 	.globl _TMOD
                                    106 	.globl _TCON
                                    107 	.globl _PCON
                                    108 	.globl _DPH
                                    109 	.globl _DPL
                                    110 	.globl _SP
                                    111 	.globl _P0
                                    112 	.globl _idx
                                    113 	.globl _now_num
                                    114 	.globl _data_seg
                                    115 	.globl _received_flag
                                    116 	.globl _send_flag
                                    117 	.globl _received_data
                                    118 	.globl _send_data
                                    119 ;--------------------------------------------------------
                                    120 ; special function registers
                                    121 ;--------------------------------------------------------
                                    122 	.area RSEG    (ABS,DATA)
      000000                        123 	.org 0x0000
                           000080   124 _P0	=	0x0080
                           000081   125 _SP	=	0x0081
                           000082   126 _DPL	=	0x0082
                           000083   127 _DPH	=	0x0083
                           000087   128 _PCON	=	0x0087
                           000088   129 _TCON	=	0x0088
                           000089   130 _TMOD	=	0x0089
                           00008A   131 _TL0	=	0x008a
                           00008B   132 _TL1	=	0x008b
                           00008C   133 _TH0	=	0x008c
                           00008D   134 _TH1	=	0x008d
                           000090   135 _P1	=	0x0090
                           000098   136 _SCON	=	0x0098
                           000099   137 _SBUF	=	0x0099
                           0000A0   138 _P2	=	0x00a0
                           0000A8   139 _IE	=	0x00a8
                           0000B0   140 _P3	=	0x00b0
                           0000B8   141 _IP	=	0x00b8
                           0000D0   142 _PSW	=	0x00d0
                           0000E0   143 _ACC	=	0x00e0
                           0000F0   144 _B	=	0x00f0
                                    145 ;--------------------------------------------------------
                                    146 ; special function bits
                                    147 ;--------------------------------------------------------
                                    148 	.area RSEG    (ABS,DATA)
      000000                        149 	.org 0x0000
                           000080   150 _P0_0	=	0x0080
                           000081   151 _P0_1	=	0x0081
                           000082   152 _P0_2	=	0x0082
                           000083   153 _P0_3	=	0x0083
                           000084   154 _P0_4	=	0x0084
                           000085   155 _P0_5	=	0x0085
                           000086   156 _P0_6	=	0x0086
                           000087   157 _P0_7	=	0x0087
                           000088   158 _IT0	=	0x0088
                           000089   159 _IE0	=	0x0089
                           00008A   160 _IT1	=	0x008a
                           00008B   161 _IE1	=	0x008b
                           00008C   162 _TR0	=	0x008c
                           00008D   163 _TF0	=	0x008d
                           00008E   164 _TR1	=	0x008e
                           00008F   165 _TF1	=	0x008f
                           000090   166 _P1_0	=	0x0090
                           000091   167 _P1_1	=	0x0091
                           000092   168 _P1_2	=	0x0092
                           000093   169 _P1_3	=	0x0093
                           000094   170 _P1_4	=	0x0094
                           000095   171 _P1_5	=	0x0095
                           000096   172 _P1_6	=	0x0096
                           000097   173 _P1_7	=	0x0097
                           000098   174 _RI	=	0x0098
                           000099   175 _TI	=	0x0099
                           00009A   176 _RB8	=	0x009a
                           00009B   177 _TB8	=	0x009b
                           00009C   178 _REN	=	0x009c
                           00009D   179 _SM2	=	0x009d
                           00009E   180 _SM1	=	0x009e
                           00009F   181 _SM0	=	0x009f
                           0000A0   182 _P2_0	=	0x00a0
                           0000A1   183 _P2_1	=	0x00a1
                           0000A2   184 _P2_2	=	0x00a2
                           0000A3   185 _P2_3	=	0x00a3
                           0000A4   186 _P2_4	=	0x00a4
                           0000A5   187 _P2_5	=	0x00a5
                           0000A6   188 _P2_6	=	0x00a6
                           0000A7   189 _P2_7	=	0x00a7
                           0000A8   190 _EX0	=	0x00a8
                           0000A9   191 _ET0	=	0x00a9
                           0000AA   192 _EX1	=	0x00aa
                           0000AB   193 _ET1	=	0x00ab
                           0000AC   194 _ES	=	0x00ac
                           0000AF   195 _EA	=	0x00af
                           0000B0   196 _P3_0	=	0x00b0
                           0000B1   197 _P3_1	=	0x00b1
                           0000B2   198 _P3_2	=	0x00b2
                           0000B3   199 _P3_3	=	0x00b3
                           0000B4   200 _P3_4	=	0x00b4
                           0000B5   201 _P3_5	=	0x00b5
                           0000B6   202 _P3_6	=	0x00b6
                           0000B7   203 _P3_7	=	0x00b7
                           0000B0   204 _RXD	=	0x00b0
                           0000B1   205 _TXD	=	0x00b1
                           0000B2   206 _INT0	=	0x00b2
                           0000B3   207 _INT1	=	0x00b3
                           0000B4   208 _T0	=	0x00b4
                           0000B5   209 _T1	=	0x00b5
                           0000B6   210 _WR	=	0x00b6
                           0000B7   211 _RD	=	0x00b7
                           0000B8   212 _PX0	=	0x00b8
                           0000B9   213 _PT0	=	0x00b9
                           0000BA   214 _PX1	=	0x00ba
                           0000BB   215 _PT1	=	0x00bb
                           0000BC   216 _PS	=	0x00bc
                           0000D0   217 _P	=	0x00d0
                           0000D1   218 _F1	=	0x00d1
                           0000D2   219 _OV	=	0x00d2
                           0000D3   220 _RS0	=	0x00d3
                           0000D4   221 _RS1	=	0x00d4
                           0000D5   222 _F0	=	0x00d5
                           0000D6   223 _AC	=	0x00d6
                           0000D7   224 _CY	=	0x00d7
                                    225 ;--------------------------------------------------------
                                    226 ; overlayable register banks
                                    227 ;--------------------------------------------------------
                                    228 	.area REG_BANK_0	(REL,OVR,DATA)
      000000                        229 	.ds 8
                                    230 ;--------------------------------------------------------
                                    231 ; internal ram data
                                    232 ;--------------------------------------------------------
                                    233 	.area DSEG    (DATA)
      000000                        234 _send_data::
      000000                        235 	.ds 1
      000001                        236 _received_data::
      000001                        237 	.ds 1
      000002                        238 _send_flag::
      000002                        239 	.ds 1
      000003                        240 _received_flag::
      000003                        241 	.ds 1
      000004                        242 _data_seg::
      000004                        243 	.ds 2
      000006                        244 _now_num::
      000006                        245 	.ds 2
      000008                        246 _idx::
      000008                        247 	.ds 2
      00000A                        248 _main_key_65536_10:
      00000A                        249 	.ds 7
                                    250 ;--------------------------------------------------------
                                    251 ; overlayable items in internal ram 
                                    252 ;--------------------------------------------------------
                                    253 ;--------------------------------------------------------
                                    254 ; Stack segment in internal ram 
                                    255 ;--------------------------------------------------------
                                    256 	.area	SSEG
      000000                        257 __start__stack:
      000000                        258 	.ds	1
                                    259 
                                    260 ;--------------------------------------------------------
                                    261 ; indirectly addressable internal ram data
                                    262 ;--------------------------------------------------------
                                    263 	.area ISEG    (DATA)
                                    264 ;--------------------------------------------------------
                                    265 ; absolute internal ram data
                                    266 ;--------------------------------------------------------
                                    267 	.area IABS    (ABS,DATA)
                                    268 	.area IABS    (ABS,DATA)
                                    269 ;--------------------------------------------------------
                                    270 ; bit data
                                    271 ;--------------------------------------------------------
                                    272 	.area BSEG    (BIT)
                                    273 ;--------------------------------------------------------
                                    274 ; paged external ram data
                                    275 ;--------------------------------------------------------
                                    276 	.area PSEG    (PAG,XDATA)
                                    277 ;--------------------------------------------------------
                                    278 ; external ram data
                                    279 ;--------------------------------------------------------
                                    280 	.area XSEG    (XDATA)
                                    281 ;--------------------------------------------------------
                                    282 ; absolute external ram data
                                    283 ;--------------------------------------------------------
                                    284 	.area XABS    (ABS,XDATA)
                                    285 ;--------------------------------------------------------
                                    286 ; external initialized ram data
                                    287 ;--------------------------------------------------------
                                    288 	.area XISEG   (XDATA)
                                    289 	.area HOME    (CODE)
                                    290 	.area GSINIT0 (CODE)
                                    291 	.area GSINIT1 (CODE)
                                    292 	.area GSINIT2 (CODE)
                                    293 	.area GSINIT3 (CODE)
                                    294 	.area GSINIT4 (CODE)
                                    295 	.area GSINIT5 (CODE)
                                    296 	.area GSINIT  (CODE)
                                    297 	.area GSFINAL (CODE)
                                    298 	.area CSEG    (CODE)
                                    299 ;--------------------------------------------------------
                                    300 ; interrupt vector 
                                    301 ;--------------------------------------------------------
                                    302 	.area HOME    (CODE)
      000000                        303 __interrupt_vect:
      000000 02r00r00         [24]  304 	ljmp	__sdcc_gsinit_startup
      000003 32               [24]  305 	reti
      000004                        306 	.ds	7
      00000B 32               [24]  307 	reti
      00000C                        308 	.ds	7
      000013 32               [24]  309 	reti
      000014                        310 	.ds	7
      00001B 32               [24]  311 	reti
      00001C                        312 	.ds	7
      000023 02r01r4F         [24]  313 	ljmp	_uart_isr
                                    314 ;--------------------------------------------------------
                                    315 ; global & static initialisations
                                    316 ;--------------------------------------------------------
                                    317 	.area HOME    (CODE)
                                    318 	.area GSINIT  (CODE)
                                    319 	.area GSFINAL (CODE)
                                    320 	.area GSINIT  (CODE)
                                    321 	.globl __sdcc_gsinit_startup
                                    322 	.globl __sdcc_program_startup
                                    323 	.globl __start__stack
                                    324 	.globl __mcs51_genXINIT
                                    325 	.globl __mcs51_genXRAMCLEAR
                                    326 	.globl __mcs51_genRAMCLEAR
                                    327 ;	./src/main.c:13: unsigned char send_flag=0;
      000000 75*02 00         [24]  328 	mov	_send_flag,#0x00
                                    329 ;	./src/main.c:14: unsigned char received_flag=0;
      000003 75*03 00         [24]  330 	mov	_received_flag,#0x00
                                    331 ;	./src/main.c:15: int data_seg = 0;
      000006 E4               [12]  332 	clr	a
      000007 F5*04            [12]  333 	mov	_data_seg,a
      000009 F5*05            [12]  334 	mov	(_data_seg + 1),a
                                    335 ;	./src/main.c:16: int now_num = 0;
      00000B F5*06            [12]  336 	mov	_now_num,a
      00000D F5*07            [12]  337 	mov	(_now_num + 1),a
                                    338 ;	./src/main.c:17: int idx = 0;
      00000F F5*08            [12]  339 	mov	_idx,a
      000011 F5*09            [12]  340 	mov	(_idx + 1),a
                                    341 	.area GSFINAL (CODE)
      000000 02r00r26         [24]  342 	ljmp	__sdcc_program_startup
                                    343 ;--------------------------------------------------------
                                    344 ; Home
                                    345 ;--------------------------------------------------------
                                    346 	.area HOME    (CODE)
                                    347 	.area HOME    (CODE)
      000026                        348 __sdcc_program_startup:
      000026 02r00r00         [24]  349 	ljmp	_main
                                    350 ;	return from main will return to caller
                                    351 ;--------------------------------------------------------
                                    352 ; code
                                    353 ;--------------------------------------------------------
                                    354 	.area CSEG    (CODE)
                                    355 ;------------------------------------------------------------
                                    356 ;Allocation info for local variables in function 'main'
                                    357 ;------------------------------------------------------------
                                    358 ;key                       Allocated with name '_main_key_65536_10'
                                    359 ;i                         Allocated to registers r6 r7 
                                    360 ;i                         Allocated to registers r6 r7 
                                    361 ;j                         Allocated to registers r4 r5 
                                    362 ;------------------------------------------------------------
                                    363 ;	./src/main.c:18: void main(void)
                                    364 ;	-----------------------------------------
                                    365 ;	 function main
                                    366 ;	-----------------------------------------
      000000                        367 _main:
                           000007   368 	ar7 = 0x07
                           000006   369 	ar6 = 0x06
                           000005   370 	ar5 = 0x05
                           000004   371 	ar4 = 0x04
                           000003   372 	ar3 = 0x03
                           000002   373 	ar2 = 0x02
                           000001   374 	ar1 = 0x01
                           000000   375 	ar0 = 0x00
                                    376 ;	./src/main.c:23: unsigned char key[]={ 1, 3, 1, 2, 2, 3, 4 };		
      000000 75*0A 01         [24]  377 	mov	_main_key_65536_10,#0x01
      000003 75*0B 03         [24]  378 	mov	(_main_key_65536_10 + 0x0001),#0x03
      000006 75*0C 01         [24]  379 	mov	(_main_key_65536_10 + 0x0002),#0x01
      000009 75*0D 02         [24]  380 	mov	(_main_key_65536_10 + 0x0003),#0x02
      00000C 75*0E 02         [24]  381 	mov	(_main_key_65536_10 + 0x0004),#0x02
      00000F 75*0F 03         [24]  382 	mov	(_main_key_65536_10 + 0x0005),#0x03
      000012 75*10 04         [24]  383 	mov	(_main_key_65536_10 + 0x0006),#0x04
                                    384 ;	./src/main.c:27: TMOD = 0x20;			// set timer1 to mode2 
      000015 75 89 20         [24]  385 	mov	_TMOD,#0x20
                                    386 ;	./src/main.c:28: SCON = 0x50;       		// set serial mode1
      000018 75 98 50         [24]  387 	mov	_SCON,#0x50
                                    388 ;	./src/main.c:29: TH1 = 250;     			// baudrate = 9600, fosc = 11.0592MHz
      00001B 75 8D FA         [24]  389 	mov	_TH1,#0xfa
                                    390 ;	./src/main.c:30: TR1 = 1;				// enable timer = 1
                                    391 ;	assignBit
      00001E D2 8E            [12]  392 	setb	_TR1
                                    393 ;	./src/main.c:31: IE = 0x90;				// enable serial port interrupt
      000020 75 A8 90         [24]  394 	mov	_IE,#0x90
                                    395 ;	./src/main.c:33: Initial();
      000023 12r00r00         [24]  396 	lcall	_Initial
                                    397 ;	./src/main.c:34: for (int i = 1; i < 9; i++)
      000026 7E 01            [12]  398 	mov	r6,#0x01
      000028 7F 00            [12]  399 	mov	r7,#0x00
      00002A                        400 00144$:
      00002A C3               [12]  401 	clr	c
      00002B EE               [12]  402 	mov	a,r6
      00002C 94 09            [12]  403 	subb	a,#0x09
      00002E EF               [12]  404 	mov	a,r7
      00002F 64 80            [12]  405 	xrl	a,#0x80
      000031 94 80            [12]  406 	subb	a,#0x80
      000033 50 17            [24]  407 	jnc	00141$
                                    408 ;	./src/main.c:35: Write7219(i, 0x0F);     	// Reset all digits as blank
      000035 8E 82            [24]  409 	mov	dpl,r6
      000037 75*00 0F         [24]  410 	mov	_Write7219_PARM_2,#0x0f
      00003A C0 07            [24]  411 	push	ar7
      00003C C0 06            [24]  412 	push	ar6
      00003E 12r00r00         [24]  413 	lcall	_Write7219
      000041 D0 06            [24]  414 	pop	ar6
      000043 D0 07            [24]  415 	pop	ar7
                                    416 ;	./src/main.c:34: for (int i = 1; i < 9; i++)
      000045 0E               [12]  417 	inc	r6
                                    418 ;	./src/main.c:39: while(1){	
      000046 BE 00 E1         [24]  419 	cjne	r6,#0x00,00144$
      000049 0F               [12]  420 	inc	r7
      00004A 80 DE            [24]  421 	sjmp	00144$
      00004C                        422 00141$:
                                    423 ;	./src/main.c:43: if (received_flag == 1){
      00004C 74 01            [12]  424 	mov	a,#0x01
      00004E B5*03 49         [24]  425 	cjne	a,_received_flag,00160$
                                    426 ;	./src/main.c:44: now_num = received_data;
      000051 85*01*06         [24]  427 	mov	_now_num,_received_data
      000054 75*07 00         [24]  428 	mov	(_now_num + 1),#0x00
                                    429 ;	./src/main.c:45: if (idx>=8)continue;
      000057 C3               [12]  430 	clr	c
      000058 E5*08            [12]  431 	mov	a,_idx
      00005A 94 08            [12]  432 	subb	a,#0x08
      00005C E5*09            [12]  433 	mov	a,(_idx + 1)
      00005E 64 80            [12]  434 	xrl	a,#0x80
      000060 94 80            [12]  435 	subb	a,#0x80
      000062 50 E8            [24]  436 	jnc	00141$
                                    437 ;	./src/main.c:46: if (key[idx] == now_num){
      000064 E5*08            [12]  438 	mov	a,_idx
      000066 24r0A            [12]  439 	add	a,#_main_key_65536_10
      000068 F9               [12]  440 	mov	r1,a
      000069 87 07            [24]  441 	mov	ar7,@r1
      00006B 7E 00            [12]  442 	mov	r6,#0x00
      00006D EF               [12]  443 	mov	a,r7
      00006E B5*06 17         [24]  444 	cjne	a,_now_num,00105$
      000071 EE               [12]  445 	mov	a,r6
      000072 B5*07 13         [24]  446 	cjne	a,(_now_num + 1),00105$
                                    447 ;	./src/main.c:47: idx++;
      000075 05*08            [12]  448 	inc	_idx
      000077 E4               [12]  449 	clr	a
      000078 B5*08 02         [24]  450 	cjne	a,_idx,00249$
      00007B 05*09            [12]  451 	inc	(_idx + 1)
      00007D                        452 00249$:
                                    453 ;	./src/main.c:49: Write7219(1, 1);
      00007D 75*00 01         [24]  454 	mov	_Write7219_PARM_2,#0x01
      000080 75 82 01         [24]  455 	mov	dpl,#0x01
      000083 12r00r00         [24]  456 	lcall	_Write7219
      000086 80 09            [24]  457 	sjmp	00106$
      000088                        458 00105$:
                                    459 ;	./src/main.c:51: Write7219(1, 0);
      000088 75*00 00         [24]  460 	mov	_Write7219_PARM_2,#0x00
      00008B 75 82 01         [24]  461 	mov	dpl,#0x01
      00008E 12r00r00         [24]  462 	lcall	_Write7219
      000091                        463 00106$:
                                    464 ;	./src/main.c:52: }delay_ms(100);
      000091 90 00 64         [24]  465 	mov	dptr,#0x0064
      000094 12r00r00         [24]  466 	lcall	_delay_ms
                                    467 ;	./src/main.c:53: received_flag = 0;
      000097 75*03 00         [24]  468 	mov	_received_flag,#0x00
                                    469 ;	./src/main.c:56: for (int i=2, j = 0;i<=8&&j<idx;i++, j++){
      00009A                        470 00160$:
      00009A 7E 02            [12]  471 	mov	r6,#0x02
      00009C 7F 00            [12]  472 	mov	r7,#0x00
      00009E 7C 00            [12]  473 	mov	r4,#0x00
      0000A0 7D 00            [12]  474 	mov	r5,#0x00
      0000A2                        475 00148$:
      0000A2 C3               [12]  476 	clr	c
      0000A3 74 08            [12]  477 	mov	a,#0x08
      0000A5 9E               [12]  478 	subb	a,r6
      0000A6 74 80            [12]  479 	mov	a,#(0x00 ^ 0x80)
      0000A8 8F F0            [24]  480 	mov	b,r7
      0000AA 63 F0 80         [24]  481 	xrl	b,#0x80
      0000AD 95 F0            [12]  482 	subb	a,b
      0000AF 40 37            [24]  483 	jc	00109$
      0000B1 EC               [12]  484 	mov	a,r4
      0000B2 95*08            [12]  485 	subb	a,_idx
      0000B4 ED               [12]  486 	mov	a,r5
      0000B5 64 80            [12]  487 	xrl	a,#0x80
      0000B7 85*09 F0         [24]  488 	mov	b,(_idx + 1)
      0000BA 63 F0 80         [24]  489 	xrl	b,#0x80
      0000BD 95 F0            [12]  490 	subb	a,b
      0000BF 50 27            [24]  491 	jnc	00109$
                                    492 ;	./src/main.c:57: Write7219(i, key[j]);
      0000C1 8E 82            [24]  493 	mov	dpl,r6
      0000C3 EC               [12]  494 	mov	a,r4
      0000C4 24r0A            [12]  495 	add	a,#_main_key_65536_10
      0000C6 F9               [12]  496 	mov	r1,a
      0000C7 87*00            [24]  497 	mov	_Write7219_PARM_2,@r1
      0000C9 C0 07            [24]  498 	push	ar7
      0000CB C0 06            [24]  499 	push	ar6
      0000CD C0 05            [24]  500 	push	ar5
      0000CF C0 04            [24]  501 	push	ar4
      0000D1 12r00r00         [24]  502 	lcall	_Write7219
      0000D4 D0 04            [24]  503 	pop	ar4
      0000D6 D0 05            [24]  504 	pop	ar5
      0000D8 D0 06            [24]  505 	pop	ar6
      0000DA D0 07            [24]  506 	pop	ar7
                                    507 ;	./src/main.c:56: for (int i=2, j = 0;i<=8&&j<idx;i++, j++){
      0000DC 0E               [12]  508 	inc	r6
      0000DD BE 00 01         [24]  509 	cjne	r6,#0x00,00252$
      0000E0 0F               [12]  510 	inc	r7
      0000E1                        511 00252$:
      0000E1 0C               [12]  512 	inc	r4
      0000E2 BC 00 BD         [24]  513 	cjne	r4,#0x00,00148$
      0000E5 0D               [12]  514 	inc	r5
      0000E6 80 BA            [24]  515 	sjmp	00148$
      0000E8                        516 00109$:
                                    517 ;	./src/main.c:59: if (but1 == 0){
      0000E8 20 B2 12         [24]  518 	jb	_P3_2,00116$
                                    519 ;	./src/main.c:60: delay_ms(10);
      0000EB 90 00 0A         [24]  520 	mov	dptr,#0x000a
      0000EE 12r00r00         [24]  521 	lcall	_delay_ms
                                    522 ;	./src/main.c:61: if (but1 == 0){
      0000F1 20 B2 09         [24]  523 	jb	_P3_2,00116$
                                    524 ;	./src/main.c:62: send_data = 1;
      0000F4 75*00 01         [24]  525 	mov	_send_data,#0x01
                                    526 ;	./src/main.c:63: send_flag = 1;
      0000F7 75*02 01         [24]  527 	mov	_send_flag,#0x01
                                    528 ;	./src/main.c:64: while(!but1);
      0000FA                        529 00110$:
      0000FA 30 B2 FD         [24]  530 	jnb	_P3_2,00110$
      0000FD                        531 00116$:
                                    532 ;	./src/main.c:67: if (but2 == 0){
      0000FD 20 B3 12         [24]  533 	jb	_P3_3,00123$
                                    534 ;	./src/main.c:68: delay_ms(10);
      000100 90 00 0A         [24]  535 	mov	dptr,#0x000a
      000103 12r00r00         [24]  536 	lcall	_delay_ms
                                    537 ;	./src/main.c:69: if (but2 == 0){
      000106 20 B3 09         [24]  538 	jb	_P3_3,00123$
                                    539 ;	./src/main.c:70: send_data = 2;
      000109 75*00 02         [24]  540 	mov	_send_data,#0x02
                                    541 ;	./src/main.c:71: send_flag = 1;while(!but2);
      00010C 75*02 01         [24]  542 	mov	_send_flag,#0x01
      00010F                        543 00117$:
      00010F 30 B3 FD         [24]  544 	jnb	_P3_3,00117$
      000112                        545 00123$:
                                    546 ;	./src/main.c:74: if (but3 == 0){
      000112 20 A0 12         [24]  547 	jb	_P2_0,00130$
                                    548 ;	./src/main.c:75: delay_ms(10);
      000115 90 00 0A         [24]  549 	mov	dptr,#0x000a
      000118 12r00r00         [24]  550 	lcall	_delay_ms
                                    551 ;	./src/main.c:76: if (but3 == 0){
      00011B 20 A0 09         [24]  552 	jb	_P2_0,00130$
                                    553 ;	./src/main.c:77: send_data = 3;
      00011E 75*00 03         [24]  554 	mov	_send_data,#0x03
                                    555 ;	./src/main.c:78: send_flag = 1;
      000121 75*02 01         [24]  556 	mov	_send_flag,#0x01
                                    557 ;	./src/main.c:79: while(!but3);
      000124                        558 00124$:
      000124 30 A0 FD         [24]  559 	jnb	_P2_0,00124$
      000127                        560 00130$:
                                    561 ;	./src/main.c:82: if (but4 == 0){
      000127 20 A1 12         [24]  562 	jb	_P2_1,00137$
                                    563 ;	./src/main.c:83: delay_ms(10);
      00012A 90 00 0A         [24]  564 	mov	dptr,#0x000a
      00012D 12r00r00         [24]  565 	lcall	_delay_ms
                                    566 ;	./src/main.c:84: if (but4 == 0){
      000130 20 A1 09         [24]  567 	jb	_P2_1,00137$
                                    568 ;	./src/main.c:85: send_data = 4;
      000133 75*00 04         [24]  569 	mov	_send_data,#0x04
                                    570 ;	./src/main.c:86: send_flag = 1;while(!but4);
      000136 75*02 01         [24]  571 	mov	_send_flag,#0x01
      000139                        572 00131$:
      000139 30 A1 FD         [24]  573 	jnb	_P2_1,00131$
      00013C                        574 00137$:
                                    575 ;	./src/main.c:89: if (send_flag == 1){
      00013C 74 01            [12]  576 	mov	a,#0x01
      00013E B5*02 02         [24]  577 	cjne	a,_send_flag,00266$
      000141 80 03            [24]  578 	sjmp	00267$
      000143                        579 00266$:
      000143 02r00r4C         [24]  580 	ljmp	00141$
      000146                        581 00267$:
                                    582 ;	./src/main.c:90: SBUF = send_data;
      000146 85*00 99         [24]  583 	mov	_SBUF,_send_data
                                    584 ;	./src/main.c:91: send_flag = 0;
      000149 75*02 00         [24]  585 	mov	_send_flag,#0x00
                                    586 ;	./src/main.c:93: }delay_ms(10);
                                    587 ;	./src/main.c:94: }
      00014C 02r00r4C         [24]  588 	ljmp	00141$
                                    589 ;------------------------------------------------------------
                                    590 ;Allocation info for local variables in function 'uart_isr'
                                    591 ;------------------------------------------------------------
                                    592 ;	./src/main.c:97: void uart_isr(void) __interrupt (4)
                                    593 ;	-----------------------------------------
                                    594 ;	 function uart_isr
                                    595 ;	-----------------------------------------
      00014F                        596 _uart_isr:
                                    597 ;	./src/main.c:100: if (RI == 1){
                                    598 ;	./src/main.c:101: RI = 0;
                                    599 ;	assignBit
      00014F 10 98 02         [24]  600 	jbc	_RI,00115$
      000152 80 06            [24]  601 	sjmp	00102$
      000154                        602 00115$:
                                    603 ;	./src/main.c:102: received_data = SBUF;
      000154 85 99*01         [24]  604 	mov	_received_data,_SBUF
                                    605 ;	./src/main.c:103: received_flag = 1;
      000157 75*03 01         [24]  606 	mov	_received_flag,#0x01
      00015A                        607 00102$:
                                    608 ;	./src/main.c:105: if (TI == 1)
                                    609 ;	./src/main.c:106: TI = 0;
                                    610 ;	assignBit
      00015A 10 99 02         [24]  611 	jbc	_TI,00116$
      00015D 80 00            [24]  612 	sjmp	00105$
      00015F                        613 00116$:
      00015F                        614 00105$:
                                    615 ;	./src/main.c:107: }
      00015F 32               [24]  616 	reti
                                    617 ;	eliminated unneeded mov psw,# (no regs used in bank)
                                    618 ;	eliminated unneeded push/pop not_psw
                                    619 ;	eliminated unneeded push/pop dpl
                                    620 ;	eliminated unneeded push/pop dph
                                    621 ;	eliminated unneeded push/pop b
                                    622 ;	eliminated unneeded push/pop acc
                                    623 	.area CSEG    (CODE)
                                    624 	.area CONST   (CODE)
                                    625 	.area XINIT   (CODE)
                                    626 	.area CABS    (ABS,CODE)
