                                      1 ;--------------------------------------------------------
                                      2 ; File Created by SDCC : free open source ANSI-C Compiler
                                      3 ; Version 4.1.0 #12072 (MINGW64)
                                      4 ;--------------------------------------------------------
                                      5 	.module delay
                                      6 	.optsdcc -mmcs51 --model-small
                                      7 	
                                      8 ;--------------------------------------------------------
                                      9 ; Public variables in this module
                                     10 ;--------------------------------------------------------
                                     11 	.globl _delay_10us
                                     12 	.globl _delay_ms
                                     13 ;--------------------------------------------------------
                                     14 ; special function registers
                                     15 ;--------------------------------------------------------
                                     16 	.area RSEG    (ABS,DATA)
      000000                         17 	.org 0x0000
                                     18 ;--------------------------------------------------------
                                     19 ; special function bits
                                     20 ;--------------------------------------------------------
                                     21 	.area RSEG    (ABS,DATA)
      000000                         22 	.org 0x0000
                                     23 ;--------------------------------------------------------
                                     24 ; overlayable register banks
                                     25 ;--------------------------------------------------------
                                     26 	.area REG_BANK_0	(REL,OVR,DATA)
      000000                         27 	.ds 8
                                     28 ;--------------------------------------------------------
                                     29 ; internal ram data
                                     30 ;--------------------------------------------------------
                                     31 	.area DSEG    (DATA)
                                     32 ;--------------------------------------------------------
                                     33 ; overlayable items in internal ram 
                                     34 ;--------------------------------------------------------
                                     35 	.area	OSEG    (OVR,DATA)
                                     36 	.area	OSEG    (OVR,DATA)
                                     37 ;--------------------------------------------------------
                                     38 ; indirectly addressable internal ram data
                                     39 ;--------------------------------------------------------
                                     40 	.area ISEG    (DATA)
                                     41 ;--------------------------------------------------------
                                     42 ; absolute internal ram data
                                     43 ;--------------------------------------------------------
                                     44 	.area IABS    (ABS,DATA)
                                     45 	.area IABS    (ABS,DATA)
                                     46 ;--------------------------------------------------------
                                     47 ; bit data
                                     48 ;--------------------------------------------------------
                                     49 	.area BSEG    (BIT)
                                     50 ;--------------------------------------------------------
                                     51 ; paged external ram data
                                     52 ;--------------------------------------------------------
                                     53 	.area PSEG    (PAG,XDATA)
                                     54 ;--------------------------------------------------------
                                     55 ; external ram data
                                     56 ;--------------------------------------------------------
                                     57 	.area XSEG    (XDATA)
                                     58 ;--------------------------------------------------------
                                     59 ; absolute external ram data
                                     60 ;--------------------------------------------------------
                                     61 	.area XABS    (ABS,XDATA)
                                     62 ;--------------------------------------------------------
                                     63 ; external initialized ram data
                                     64 ;--------------------------------------------------------
                                     65 	.area XISEG   (XDATA)
                                     66 	.area HOME    (CODE)
                                     67 	.area GSINIT0 (CODE)
                                     68 	.area GSINIT1 (CODE)
                                     69 	.area GSINIT2 (CODE)
                                     70 	.area GSINIT3 (CODE)
                                     71 	.area GSINIT4 (CODE)
                                     72 	.area GSINIT5 (CODE)
                                     73 	.area GSINIT  (CODE)
                                     74 	.area GSFINAL (CODE)
                                     75 	.area CSEG    (CODE)
                                     76 ;--------------------------------------------------------
                                     77 ; global & static initialisations
                                     78 ;--------------------------------------------------------
                                     79 	.area HOME    (CODE)
                                     80 	.area GSINIT  (CODE)
                                     81 	.area GSFINAL (CODE)
                                     82 	.area GSINIT  (CODE)
                                     83 ;--------------------------------------------------------
                                     84 ; Home
                                     85 ;--------------------------------------------------------
                                     86 	.area HOME    (CODE)
                                     87 	.area HOME    (CODE)
                                     88 ;--------------------------------------------------------
                                     89 ; code
                                     90 ;--------------------------------------------------------
                                     91 	.area CSEG    (CODE)
                                     92 ;------------------------------------------------------------
                                     93 ;Allocation info for local variables in function 'delay_10us'
                                     94 ;------------------------------------------------------------
                                     95 ;i                         Allocated to registers r7 
                                     96 ;------------------------------------------------------------
                                     97 ;	./src/delay.c:3: void delay_10us(void)
                                     98 ;	-----------------------------------------
                                     99 ;	 function delay_10us
                                    100 ;	-----------------------------------------
      000000                        101 _delay_10us:
                           000007   102 	ar7 = 0x07
                           000006   103 	ar6 = 0x06
                           000005   104 	ar5 = 0x05
                           000004   105 	ar4 = 0x04
                           000003   106 	ar3 = 0x03
                           000002   107 	ar2 = 0x02
                           000001   108 	ar1 = 0x01
                           000000   109 	ar0 = 0x00
                                    110 ;	./src/delay.c:7: for (i = 0; i < 5; i++);
      000000 7F 05            [12]  111 	mov	r7,#0x05
      000002                        112 00104$:
      000002 DF FE            [24]  113 	djnz	r7,00104$
                                    114 ;	./src/delay.c:8: }
      000004 22               [24]  115 	ret
                                    116 ;------------------------------------------------------------
                                    117 ;Allocation info for local variables in function 'delay_ms'
                                    118 ;------------------------------------------------------------
                                    119 ;input_ms                  Allocated to registers 
                                    120 ;------------------------------------------------------------
                                    121 ;	./src/delay.c:10: void delay_ms(unsigned int input_ms) // ms will save in *dph and *dpl
                                    122 ;	-----------------------------------------
                                    123 ;	 function delay_ms
                                    124 ;	-----------------------------------------
      000005                        125 _delay_ms:
                                    126 ;	./src/delay.c:55: __endasm;			// end of assembly code, don't forget to add ";"
      000005                        127 	 DELAY1:
      000005 AD 82            [24]  128 	MOV R5,dpl
      000007 BD 00 03         [24]  129 	CJNE	R5,#0,DL1
      00000A BD FF 0A         [24]  130 	CJNE	R5,#255,DELAY3
      00000D                        131 	 DL1:
      00000D 7E 02            [12]  132 	MOV R6,#2
      00000F                        133 	 DL2:
      00000F 7F E4            [12]  134 	MOV R7,#228
      000011                        135 	 DL3:
      000011 DF FE            [24]  136 	DJNZ R7,DL3
      000013 DE FA            [24]  137 	DJNZ	R6,DL2
      000015 DD F6            [24]  138 	DJNZ	R5,DL1
      000017                        139 	 DELAY3:
      000017 AC 83            [24]  140 	MOV R4,dph
      000019 BC 00 01         [24]  141 	CJNE	R4,#0,DL4
      00001C 22               [24]  142 	RET
      00001D                        143 	 DL4:
      00001D 7D 00            [12]  144 	MOV R5,#0
      00001F                        145 	 DL5:
      00001F 7E 02            [12]  146 	MOV R6,#2
      000021                        147 	 DL6:
      000021 7F E4            [12]  148 	MOV R7,#228
      000023                        149 	 DL7:
      000023 DF FE            [24]  150 	DJNZ R7,DL7
      000025 DE FA            [24]  151 	DJNZ	R6,DL6
      000027 DD F6            [24]  152 	DJNZ	R5,DL5
      000029 7B 4B            [12]  153 	MOV	R3,#75
      00002B                        154 	 DL8:
      00002B DB FE            [24]  155 	DJNZ R3,DL8
      00002D DC EE            [24]  156 	DJNZ	R4,DL4
                                    157 ;	./src/delay.c:56: }
      00002F 22               [24]  158 	ret
                                    159 	.area CSEG    (CODE)
                                    160 	.area CONST   (CODE)
                                    161 	.area XINIT   (CODE)
                                    162 	.area CABS    (ABS,CODE)
